Archive member included to satisfy reference by file (symbol)

c:/st/stm32cubeide_1.4.0/stm32cubeide/plugins/com.st.stm32cube.ide.mcu.externaltools.gnu-tools-for-stm32.7-2018-q2-update.win32_1.4.0.202007081208/tools/bin/../lib/gcc/arm-none-eabi/7.3.1/../../../../arm-none-eabi/lib/thumb/v7-m\libc_nano.a(lib_a-errno.o)
                              Src/syscalls.o (__errno)
c:/st/stm32cubeide_1.4.0/stm32cubeide/plugins/com.st.stm32cube.ide.mcu.externaltools.gnu-tools-for-stm32.7-2018-q2-update.win32_1.4.0.202007081208/tools/bin/../lib/gcc/arm-none-eabi/7.3.1/../../../../arm-none-eabi/lib/thumb/v7-m\libc_nano.a(lib_a-exit.o)
                              c:/st/stm32cubeide_1.4.0/stm32cubeide/plugins/com.st.stm32cube.ide.mcu.externaltools.gnu-tools-for-stm32.7-2018-q2-update.win32_1.4.0.202007081208/tools/bin/../lib/gcc/arm-none-eabi/7.3.1/../../../../arm-none-eabi/lib/thumb/v7-m/crt0.o (exit)
c:/st/stm32cubeide_1.4.0/stm32cubeide/plugins/com.st.stm32cube.ide.mcu.externaltools.gnu-tools-for-stm32.7-2018-q2-update.win32_1.4.0.202007081208/tools/bin/../lib/gcc/arm-none-eabi/7.3.1/../../../../arm-none-eabi/lib/thumb/v7-m\libc_nano.a(lib_a-impure.o)
                              c:/st/stm32cubeide_1.4.0/stm32cubeide/plugins/com.st.stm32cube.ide.mcu.externaltools.gnu-tools-for-stm32.7-2018-q2-update.win32_1.4.0.202007081208/tools/bin/../lib/gcc/arm-none-eabi/7.3.1/../../../../arm-none-eabi/lib/thumb/v7-m\libc_nano.a(lib_a-exit.o) (_global_impure_ptr)
c:/st/stm32cubeide_1.4.0/stm32cubeide/plugins/com.st.stm32cube.ide.mcu.externaltools.gnu-tools-for-stm32.7-2018-q2-update.win32_1.4.0.202007081208/tools/bin/../lib/gcc/arm-none-eabi/7.3.1/../../../../arm-none-eabi/lib/thumb/v7-m\libc_nano.a(lib_a-init.o)
                              c:/st/stm32cubeide_1.4.0/stm32cubeide/plugins/com.st.stm32cube.ide.mcu.externaltools.gnu-tools-for-stm32.7-2018-q2-update.win32_1.4.0.202007081208/tools/bin/../lib/gcc/arm-none-eabi/7.3.1/../../../../arm-none-eabi/lib/thumb/v7-m/crt0.o (__libc_init_array)
c:/st/stm32cubeide_1.4.0/stm32cubeide/plugins/com.st.stm32cube.ide.mcu.externaltools.gnu-tools-for-stm32.7-2018-q2-update.win32_1.4.0.202007081208/tools/bin/../lib/gcc/arm-none-eabi/7.3.1/../../../../arm-none-eabi/lib/thumb/v7-m\libc_nano.a(lib_a-memset.o)
                              c:/st/stm32cubeide_1.4.0/stm32cubeide/plugins/com.st.stm32cube.ide.mcu.externaltools.gnu-tools-for-stm32.7-2018-q2-update.win32_1.4.0.202007081208/tools/bin/../lib/gcc/arm-none-eabi/7.3.1/../../../../arm-none-eabi/lib/thumb/v7-m/crt0.o (memset)

Allocating common symbols
Common symbol       size              file

GPTF_IRQ_Callback   0x40              STM32F103C6_DRIVERS/EXTI/stm32_F103C6_EXTI_driver.o
ch                  0x1               Src/main.o

Discarded input sections

 .text          0x0000000000000000        0x0 c:/st/stm32cubeide_1.4.0/stm32cubeide/plugins/com.st.stm32cube.ide.mcu.externaltools.gnu-tools-for-stm32.7-2018-q2-update.win32_1.4.0.202007081208/tools/bin/../lib/gcc/arm-none-eabi/7.3.1/thumb/v7-m/crti.o
 .data          0x0000000000000000        0x0 c:/st/stm32cubeide_1.4.0/stm32cubeide/plugins/com.st.stm32cube.ide.mcu.externaltools.gnu-tools-for-stm32.7-2018-q2-update.win32_1.4.0.202007081208/tools/bin/../lib/gcc/arm-none-eabi/7.3.1/thumb/v7-m/crti.o
 .bss           0x0000000000000000        0x0 c:/st/stm32cubeide_1.4.0/stm32cubeide/plugins/com.st.stm32cube.ide.mcu.externaltools.gnu-tools-for-stm32.7-2018-q2-update.win32_1.4.0.202007081208/tools/bin/../lib/gcc/arm-none-eabi/7.3.1/thumb/v7-m/crti.o
 .data          0x0000000000000000        0x4 c:/st/stm32cubeide_1.4.0/stm32cubeide/plugins/com.st.stm32cube.ide.mcu.externaltools.gnu-tools-for-stm32.7-2018-q2-update.win32_1.4.0.202007081208/tools/bin/../lib/gcc/arm-none-eabi/7.3.1/thumb/v7-m/crtbegin.o
 .text          0x0000000000000000       0x74 c:/st/stm32cubeide_1.4.0/stm32cubeide/plugins/com.st.stm32cube.ide.mcu.externaltools.gnu-tools-for-stm32.7-2018-q2-update.win32_1.4.0.202007081208/tools/bin/../lib/gcc/arm-none-eabi/7.3.1/../../../../arm-none-eabi/lib/thumb/v7-m/crt0.o
 .data          0x0000000000000000        0x0 c:/st/stm32cubeide_1.4.0/stm32cubeide/plugins/com.st.stm32cube.ide.mcu.externaltools.gnu-tools-for-stm32.7-2018-q2-update.win32_1.4.0.202007081208/tools/bin/../lib/gcc/arm-none-eabi/7.3.1/../../../../arm-none-eabi/lib/thumb/v7-m/crt0.o
 .bss           0x0000000000000000        0x0 c:/st/stm32cubeide_1.4.0/stm32cubeide/plugins/com.st.stm32cube.ide.mcu.externaltools.gnu-tools-for-stm32.7-2018-q2-update.win32_1.4.0.202007081208/tools/bin/../lib/gcc/arm-none-eabi/7.3.1/../../../../arm-none-eabi/lib/thumb/v7-m/crt0.o
 .ARM.extab     0x0000000000000000        0x0 c:/st/stm32cubeide_1.4.0/stm32cubeide/plugins/com.st.stm32cube.ide.mcu.externaltools.gnu-tools-for-stm32.7-2018-q2-update.win32_1.4.0.202007081208/tools/bin/../lib/gcc/arm-none-eabi/7.3.1/../../../../arm-none-eabi/lib/thumb/v7-m/crt0.o
 .ARM.exidx     0x0000000000000000        0x8 c:/st/stm32cubeide_1.4.0/stm32cubeide/plugins/com.st.stm32cube.ide.mcu.externaltools.gnu-tools-for-stm32.7-2018-q2-update.win32_1.4.0.202007081208/tools/bin/../lib/gcc/arm-none-eabi/7.3.1/../../../../arm-none-eabi/lib/thumb/v7-m/crt0.o
 .ARM.attributes
                0x0000000000000000       0x1b c:/st/stm32cubeide_1.4.0/stm32cubeide/plugins/com.st.stm32cube.ide.mcu.externaltools.gnu-tools-for-stm32.7-2018-q2-update.win32_1.4.0.202007081208/tools/bin/../lib/gcc/arm-none-eabi/7.3.1/../../../../arm-none-eabi/lib/thumb/v7-m/crt0.o
 .group         0x0000000000000000        0xc STM32F103C6_DRIVERS/EXTI/stm32_F103C6_EXTI_driver.o
 .group         0x0000000000000000        0xc STM32F103C6_DRIVERS/EXTI/stm32_F103C6_EXTI_driver.o
 .group         0x0000000000000000        0xc STM32F103C6_DRIVERS/EXTI/stm32_F103C6_EXTI_driver.o
 .group         0x0000000000000000        0xc STM32F103C6_DRIVERS/EXTI/stm32_F103C6_EXTI_driver.o
 .group         0x0000000000000000        0xc STM32F103C6_DRIVERS/EXTI/stm32_F103C6_EXTI_driver.o
 .group         0x0000000000000000        0xc STM32F103C6_DRIVERS/EXTI/stm32_F103C6_EXTI_driver.o
 .group         0x0000000000000000        0xc STM32F103C6_DRIVERS/EXTI/stm32_F103C6_EXTI_driver.o
 .group         0x0000000000000000        0xc STM32F103C6_DRIVERS/EXTI/stm32_F103C6_EXTI_driver.o
 .group         0x0000000000000000        0xc STM32F103C6_DRIVERS/EXTI/stm32_F103C6_EXTI_driver.o
 .group         0x0000000000000000        0xc STM32F103C6_DRIVERS/EXTI/stm32_F103C6_EXTI_driver.o
 .group         0x0000000000000000        0xc STM32F103C6_DRIVERS/EXTI/stm32_F103C6_EXTI_driver.o
 .group         0x0000000000000000        0xc STM32F103C6_DRIVERS/EXTI/stm32_F103C6_EXTI_driver.o
 .group         0x0000000000000000        0xc STM32F103C6_DRIVERS/EXTI/stm32_F103C6_EXTI_driver.o
 .group         0x0000000000000000        0xc STM32F103C6_DRIVERS/EXTI/stm32_F103C6_EXTI_driver.o
 .group         0x0000000000000000        0xc STM32F103C6_DRIVERS/EXTI/stm32_F103C6_EXTI_driver.o
 .group         0x0000000000000000        0xc STM32F103C6_DRIVERS/EXTI/stm32_F103C6_EXTI_driver.o
 .group         0x0000000000000000        0xc STM32F103C6_DRIVERS/EXTI/stm32_F103C6_EXTI_driver.o
 .group         0x0000000000000000        0xc STM32F103C6_DRIVERS/EXTI/stm32_F103C6_EXTI_driver.o
 .group         0x0000000000000000        0xc STM32F103C6_DRIVERS/EXTI/stm32_F103C6_EXTI_driver.o
 .group         0x0000000000000000        0xc STM32F103C6_DRIVERS/EXTI/stm32_F103C6_EXTI_driver.o
 .group         0x0000000000000000        0xc STM32F103C6_DRIVERS/EXTI/stm32_F103C6_EXTI_driver.o
 .group         0x0000000000000000        0xc STM32F103C6_DRIVERS/EXTI/stm32_F103C6_EXTI_driver.o
 .group         0x0000000000000000        0xc STM32F103C6_DRIVERS/EXTI/stm32_F103C6_EXTI_driver.o
 .group         0x0000000000000000        0xc STM32F103C6_DRIVERS/EXTI/stm32_F103C6_EXTI_driver.o
 .group         0x0000000000000000        0xc STM32F103C6_DRIVERS/EXTI/stm32_F103C6_EXTI_driver.o
 .text          0x0000000000000000        0x0 STM32F103C6_DRIVERS/EXTI/stm32_F103C6_EXTI_driver.o
 .data          0x0000000000000000        0x0 STM32F103C6_DRIVERS/EXTI/stm32_F103C6_EXTI_driver.o
 .bss           0x0000000000000000        0x0 STM32F103C6_DRIVERS/EXTI/stm32_F103C6_EXTI_driver.o
 .text.Enable_NVIC
                0x0000000000000000       0xcc STM32F103C6_DRIVERS/EXTI/stm32_F103C6_EXTI_driver.o
 .text.Disable_NVIC
                0x0000000000000000       0xcc STM32F103C6_DRIVERS/EXTI/stm32_F103C6_EXTI_driver.o
 .text.Update_EXTI
                0x0000000000000000      0x1cc STM32F103C6_DRIVERS/EXTI/stm32_F103C6_EXTI_driver.o
 .text.MCAL_EXTI_GPIO_Init
                0x0000000000000000       0x16 STM32F103C6_DRIVERS/EXTI/stm32_F103C6_EXTI_driver.o
 .text.MCAL_EXTI_GPIO_Deinit
                0x0000000000000000       0x94 STM32F103C6_DRIVERS/EXTI/stm32_F103C6_EXTI_driver.o
 .text.MCAL_EXTI_GPIO_Update
                0x0000000000000000       0x16 STM32F103C6_DRIVERS/EXTI/stm32_F103C6_EXTI_driver.o
 .group         0x0000000000000000        0xc STM32F103C6_DRIVERS/GPIO/stm32_F103C6_gpio_driver.o
 .group         0x0000000000000000        0xc STM32F103C6_DRIVERS/GPIO/stm32_F103C6_gpio_driver.o
 .group         0x0000000000000000        0xc STM32F103C6_DRIVERS/GPIO/stm32_F103C6_gpio_driver.o
 .group         0x0000000000000000        0xc STM32F103C6_DRIVERS/GPIO/stm32_F103C6_gpio_driver.o
 .group         0x0000000000000000        0xc STM32F103C6_DRIVERS/GPIO/stm32_F103C6_gpio_driver.o
 .group         0x0000000000000000        0xc STM32F103C6_DRIVERS/GPIO/stm32_F103C6_gpio_driver.o
 .group         0x0000000000000000        0xc STM32F103C6_DRIVERS/GPIO/stm32_F103C6_gpio_driver.o
 .group         0x0000000000000000        0xc STM32F103C6_DRIVERS/GPIO/stm32_F103C6_gpio_driver.o
 .group         0x0000000000000000        0xc STM32F103C6_DRIVERS/GPIO/stm32_F103C6_gpio_driver.o
 .group         0x0000000000000000        0xc STM32F103C6_DRIVERS/GPIO/stm32_F103C6_gpio_driver.o
 .group         0x0000000000000000        0xc STM32F103C6_DRIVERS/GPIO/stm32_F103C6_gpio_driver.o
 .group         0x0000000000000000        0xc STM32F103C6_DRIVERS/GPIO/stm32_F103C6_gpio_driver.o
 .group         0x0000000000000000        0xc STM32F103C6_DRIVERS/GPIO/stm32_F103C6_gpio_driver.o
 .group         0x0000000000000000        0xc STM32F103C6_DRIVERS/GPIO/stm32_F103C6_gpio_driver.o
 .group         0x0000000000000000        0xc STM32F103C6_DRIVERS/GPIO/stm32_F103C6_gpio_driver.o
 .group         0x0000000000000000        0xc STM32F103C6_DRIVERS/GPIO/stm32_F103C6_gpio_driver.o
 .group         0x0000000000000000        0xc STM32F103C6_DRIVERS/GPIO/stm32_F103C6_gpio_driver.o
 .group         0x0000000000000000        0xc STM32F103C6_DRIVERS/GPIO/stm32_F103C6_gpio_driver.o
 .group         0x0000000000000000        0xc STM32F103C6_DRIVERS/GPIO/stm32_F103C6_gpio_driver.o
 .group         0x0000000000000000        0xc STM32F103C6_DRIVERS/GPIO/stm32_F103C6_gpio_driver.o
 .group         0x0000000000000000        0xc STM32F103C6_DRIVERS/GPIO/stm32_F103C6_gpio_driver.o
 .group         0x0000000000000000        0xc STM32F103C6_DRIVERS/GPIO/stm32_F103C6_gpio_driver.o
 .group         0x0000000000000000        0xc STM32F103C6_DRIVERS/GPIO/stm32_F103C6_gpio_driver.o
 .group         0x0000000000000000        0xc STM32F103C6_DRIVERS/GPIO/stm32_F103C6_gpio_driver.o
 .text          0x0000000000000000        0x0 STM32F103C6_DRIVERS/GPIO/stm32_F103C6_gpio_driver.o
 .data          0x0000000000000000        0x0 STM32F103C6_DRIVERS/GPIO/stm32_F103C6_gpio_driver.o
 .bss           0x0000000000000000        0x0 STM32F103C6_DRIVERS/GPIO/stm32_F103C6_gpio_driver.o
 .text.MCAL_GPIO_DeInit
                0x0000000000000000       0xd4 STM32F103C6_DRIVERS/GPIO/stm32_F103C6_gpio_driver.o
 .text.MCAL_GPIO_ReadPin
                0x0000000000000000       0x2e STM32F103C6_DRIVERS/GPIO/stm32_F103C6_gpio_driver.o
 .text.MCAL_GPIO_ReadPort
                0x0000000000000000       0x1a STM32F103C6_DRIVERS/GPIO/stm32_F103C6_gpio_driver.o
 .text.MCAL_GPIO_WritePin
                0x0000000000000000       0x2e STM32F103C6_DRIVERS/GPIO/stm32_F103C6_gpio_driver.o
 .text.MCAL_GPIO_WritePort
                0x0000000000000000       0x1c STM32F103C6_DRIVERS/GPIO/stm32_F103C6_gpio_driver.o
 .text.MCAL_GPIO_TogglePin
                0x0000000000000000       0x22 STM32F103C6_DRIVERS/GPIO/stm32_F103C6_gpio_driver.o
 .text.MCAL_GPIO_LockPin
                0x0000000000000000       0x50 STM32F103C6_DRIVERS/GPIO/stm32_F103C6_gpio_driver.o
 .debug_macro   0x0000000000000000      0xa60 STM32F103C6_DRIVERS/GPIO/stm32_F103C6_gpio_driver.o
 .debug_macro   0x0000000000000000       0x18 STM32F103C6_DRIVERS/GPIO/stm32_F103C6_gpio_driver.o
 .debug_macro   0x0000000000000000       0x22 STM32F103C6_DRIVERS/GPIO/stm32_F103C6_gpio_driver.o
 .debug_macro   0x0000000000000000       0x40 STM32F103C6_DRIVERS/GPIO/stm32_F103C6_gpio_driver.o
 .debug_macro   0x0000000000000000       0x94 STM32F103C6_DRIVERS/GPIO/stm32_F103C6_gpio_driver.o
 .debug_macro   0x0000000000000000       0x3c STM32F103C6_DRIVERS/GPIO/stm32_F103C6_gpio_driver.o
 .debug_macro   0x0000000000000000       0x34 STM32F103C6_DRIVERS/GPIO/stm32_F103C6_gpio_driver.o
 .debug_macro   0x0000000000000000       0x16 STM32F103C6_DRIVERS/GPIO/stm32_F103C6_gpio_driver.o
 .debug_macro   0x0000000000000000      0x10e STM32F103C6_DRIVERS/GPIO/stm32_F103C6_gpio_driver.o
 .debug_macro   0x0000000000000000       0x8d STM32F103C6_DRIVERS/GPIO/stm32_F103C6_gpio_driver.o
 .debug_macro   0x0000000000000000       0x57 STM32F103C6_DRIVERS/GPIO/stm32_F103C6_gpio_driver.o
 .debug_macro   0x0000000000000000       0x52 STM32F103C6_DRIVERS/GPIO/stm32_F103C6_gpio_driver.o
 .debug_macro   0x0000000000000000       0x1f STM32F103C6_DRIVERS/GPIO/stm32_F103C6_gpio_driver.o
 .debug_macro   0x0000000000000000       0x43 STM32F103C6_DRIVERS/GPIO/stm32_F103C6_gpio_driver.o
 .debug_macro   0x0000000000000000       0x20 STM32F103C6_DRIVERS/GPIO/stm32_F103C6_gpio_driver.o
 .debug_macro   0x0000000000000000      0x1a3 STM32F103C6_DRIVERS/GPIO/stm32_F103C6_gpio_driver.o
 .debug_macro   0x0000000000000000      0x330 STM32F103C6_DRIVERS/GPIO/stm32_F103C6_gpio_driver.o
 .debug_macro   0x0000000000000000       0x16 STM32F103C6_DRIVERS/GPIO/stm32_F103C6_gpio_driver.o
 .debug_macro   0x0000000000000000       0x29 STM32F103C6_DRIVERS/GPIO/stm32_F103C6_gpio_driver.o
 .debug_macro   0x0000000000000000       0xef STM32F103C6_DRIVERS/GPIO/stm32_F103C6_gpio_driver.o
 .debug_macro   0x0000000000000000       0x6a STM32F103C6_DRIVERS/GPIO/stm32_F103C6_gpio_driver.o
 .debug_macro   0x0000000000000000      0x1df STM32F103C6_DRIVERS/GPIO/stm32_F103C6_gpio_driver.o
 .debug_macro   0x0000000000000000      0x247 STM32F103C6_DRIVERS/GPIO/stm32_F103C6_gpio_driver.o
 .group         0x0000000000000000        0xc STM32F103C6_DRIVERS/RCC/RCC.o
 .group         0x0000000000000000        0xc STM32F103C6_DRIVERS/RCC/RCC.o
 .group         0x0000000000000000        0xc STM32F103C6_DRIVERS/RCC/RCC.o
 .group         0x0000000000000000        0xc STM32F103C6_DRIVERS/RCC/RCC.o
 .group         0x0000000000000000        0xc STM32F103C6_DRIVERS/RCC/RCC.o
 .group         0x0000000000000000        0xc STM32F103C6_DRIVERS/RCC/RCC.o
 .group         0x0000000000000000        0xc STM32F103C6_DRIVERS/RCC/RCC.o
 .group         0x0000000000000000        0xc STM32F103C6_DRIVERS/RCC/RCC.o
 .group         0x0000000000000000        0xc STM32F103C6_DRIVERS/RCC/RCC.o
 .group         0x0000000000000000        0xc STM32F103C6_DRIVERS/RCC/RCC.o
 .group         0x0000000000000000        0xc STM32F103C6_DRIVERS/RCC/RCC.o
 .group         0x0000000000000000        0xc STM32F103C6_DRIVERS/RCC/RCC.o
 .group         0x0000000000000000        0xc STM32F103C6_DRIVERS/RCC/RCC.o
 .group         0x0000000000000000        0xc STM32F103C6_DRIVERS/RCC/RCC.o
 .group         0x0000000000000000        0xc STM32F103C6_DRIVERS/RCC/RCC.o
 .group         0x0000000000000000        0xc STM32F103C6_DRIVERS/RCC/RCC.o
 .group         0x0000000000000000        0xc STM32F103C6_DRIVERS/RCC/RCC.o
 .group         0x0000000000000000        0xc STM32F103C6_DRIVERS/RCC/RCC.o
 .group         0x0000000000000000        0xc STM32F103C6_DRIVERS/RCC/RCC.o
 .group         0x0000000000000000        0xc STM32F103C6_DRIVERS/RCC/RCC.o
 .group         0x0000000000000000        0xc STM32F103C6_DRIVERS/RCC/RCC.o
 .group         0x0000000000000000        0xc STM32F103C6_DRIVERS/RCC/RCC.o
 .group         0x0000000000000000        0xc STM32F103C6_DRIVERS/RCC/RCC.o
 .group         0x0000000000000000        0xc STM32F103C6_DRIVERS/RCC/RCC.o
 .group         0x0000000000000000        0xc STM32F103C6_DRIVERS/RCC/RCC.o
 .text          0x0000000000000000        0x0 STM32F103C6_DRIVERS/RCC/RCC.o
 .data          0x0000000000000000        0x0 STM32F103C6_DRIVERS/RCC/RCC.o
 .bss           0x0000000000000000        0x0 STM32F103C6_DRIVERS/RCC/RCC.o
 .debug_macro   0x0000000000000000      0xa60 STM32F103C6_DRIVERS/RCC/RCC.o
 .debug_macro   0x0000000000000000       0x18 STM32F103C6_DRIVERS/RCC/RCC.o
 .debug_macro   0x0000000000000000       0x22 STM32F103C6_DRIVERS/RCC/RCC.o
 .debug_macro   0x0000000000000000       0x40 STM32F103C6_DRIVERS/RCC/RCC.o
 .debug_macro   0x0000000000000000       0x94 STM32F103C6_DRIVERS/RCC/RCC.o
 .debug_macro   0x0000000000000000       0x3c STM32F103C6_DRIVERS/RCC/RCC.o
 .debug_macro   0x0000000000000000       0x34 STM32F103C6_DRIVERS/RCC/RCC.o
 .debug_macro   0x0000000000000000       0x16 STM32F103C6_DRIVERS/RCC/RCC.o
 .debug_macro   0x0000000000000000      0x10e STM32F103C6_DRIVERS/RCC/RCC.o
 .debug_macro   0x0000000000000000       0x8d STM32F103C6_DRIVERS/RCC/RCC.o
 .debug_macro   0x0000000000000000       0x57 STM32F103C6_DRIVERS/RCC/RCC.o
 .debug_macro   0x0000000000000000       0x52 STM32F103C6_DRIVERS/RCC/RCC.o
 .debug_macro   0x0000000000000000       0x1f STM32F103C6_DRIVERS/RCC/RCC.o
 .debug_macro   0x0000000000000000       0x43 STM32F103C6_DRIVERS/RCC/RCC.o
 .debug_macro   0x0000000000000000       0x20 STM32F103C6_DRIVERS/RCC/RCC.o
 .debug_macro   0x0000000000000000      0x1a3 STM32F103C6_DRIVERS/RCC/RCC.o
 .debug_macro   0x0000000000000000      0x330 STM32F103C6_DRIVERS/RCC/RCC.o
 .debug_macro   0x0000000000000000       0x16 STM32F103C6_DRIVERS/RCC/RCC.o
 .debug_macro   0x0000000000000000       0x29 STM32F103C6_DRIVERS/RCC/RCC.o
 .debug_macro   0x0000000000000000       0xef STM32F103C6_DRIVERS/RCC/RCC.o
 .debug_macro   0x0000000000000000       0x6a STM32F103C6_DRIVERS/RCC/RCC.o
 .debug_macro   0x0000000000000000      0x1df STM32F103C6_DRIVERS/RCC/RCC.o
 .debug_macro   0x0000000000000000      0x247 STM32F103C6_DRIVERS/RCC/RCC.o
 .debug_macro   0x0000000000000000       0xd6 STM32F103C6_DRIVERS/RCC/RCC.o
 .group         0x0000000000000000        0xc STM32F103C6_DRIVERS/USART/uart.o
 .group         0x0000000000000000        0xc STM32F103C6_DRIVERS/USART/uart.o
 .group         0x0000000000000000        0xc STM32F103C6_DRIVERS/USART/uart.o
 .group         0x0000000000000000        0xc STM32F103C6_DRIVERS/USART/uart.o
 .group         0x0000000000000000        0xc STM32F103C6_DRIVERS/USART/uart.o
 .group         0x0000000000000000        0xc STM32F103C6_DRIVERS/USART/uart.o
 .group         0x0000000000000000        0xc STM32F103C6_DRIVERS/USART/uart.o
 .group         0x0000000000000000        0xc STM32F103C6_DRIVERS/USART/uart.o
 .group         0x0000000000000000        0xc STM32F103C6_DRIVERS/USART/uart.o
 .group         0x0000000000000000        0xc STM32F103C6_DRIVERS/USART/uart.o
 .group         0x0000000000000000        0xc STM32F103C6_DRIVERS/USART/uart.o
 .group         0x0000000000000000        0xc STM32F103C6_DRIVERS/USART/uart.o
 .group         0x0000000000000000        0xc STM32F103C6_DRIVERS/USART/uart.o
 .group         0x0000000000000000        0xc STM32F103C6_DRIVERS/USART/uart.o
 .group         0x0000000000000000        0xc STM32F103C6_DRIVERS/USART/uart.o
 .group         0x0000000000000000        0xc STM32F103C6_DRIVERS/USART/uart.o
 .group         0x0000000000000000        0xc STM32F103C6_DRIVERS/USART/uart.o
 .group         0x0000000000000000        0xc STM32F103C6_DRIVERS/USART/uart.o
 .group         0x0000000000000000        0xc STM32F103C6_DRIVERS/USART/uart.o
 .group         0x0000000000000000        0xc STM32F103C6_DRIVERS/USART/uart.o
 .group         0x0000000000000000        0xc STM32F103C6_DRIVERS/USART/uart.o
 .group         0x0000000000000000        0xc STM32F103C6_DRIVERS/USART/uart.o
 .group         0x0000000000000000        0xc STM32F103C6_DRIVERS/USART/uart.o
 .group         0x0000000000000000        0xc STM32F103C6_DRIVERS/USART/uart.o
 .group         0x0000000000000000        0xc STM32F103C6_DRIVERS/USART/uart.o
 .group         0x0000000000000000        0xc STM32F103C6_DRIVERS/USART/uart.o
 .group         0x0000000000000000        0xc STM32F103C6_DRIVERS/USART/uart.o
 .text          0x0000000000000000        0x0 STM32F103C6_DRIVERS/USART/uart.o
 .data          0x0000000000000000        0x0 STM32F103C6_DRIVERS/USART/uart.o
 .bss           0x0000000000000000        0x0 STM32F103C6_DRIVERS/USART/uart.o
 .text.MCAL_UART_DeInit
                0x0000000000000000       0x8c STM32F103C6_DRIVERS/USART/uart.o
 .text.MCAL_UART_Wait_TC
                0x0000000000000000       0x20 STM32F103C6_DRIVERS/USART/uart.o
 .debug_macro   0x0000000000000000      0xa60 STM32F103C6_DRIVERS/USART/uart.o
 .debug_macro   0x0000000000000000       0x18 STM32F103C6_DRIVERS/USART/uart.o
 .debug_macro   0x0000000000000000       0x22 STM32F103C6_DRIVERS/USART/uart.o
 .debug_macro   0x0000000000000000       0x40 STM32F103C6_DRIVERS/USART/uart.o
 .debug_macro   0x0000000000000000       0x94 STM32F103C6_DRIVERS/USART/uart.o
 .debug_macro   0x0000000000000000       0x3c STM32F103C6_DRIVERS/USART/uart.o
 .debug_macro   0x0000000000000000       0x34 STM32F103C6_DRIVERS/USART/uart.o
 .debug_macro   0x0000000000000000       0x16 STM32F103C6_DRIVERS/USART/uart.o
 .debug_macro   0x0000000000000000      0x10e STM32F103C6_DRIVERS/USART/uart.o
 .debug_macro   0x0000000000000000       0x8d STM32F103C6_DRIVERS/USART/uart.o
 .debug_macro   0x0000000000000000       0x57 STM32F103C6_DRIVERS/USART/uart.o
 .debug_macro   0x0000000000000000       0x52 STM32F103C6_DRIVERS/USART/uart.o
 .debug_macro   0x0000000000000000       0x1f STM32F103C6_DRIVERS/USART/uart.o
 .debug_macro   0x0000000000000000       0x43 STM32F103C6_DRIVERS/USART/uart.o
 .debug_macro   0x0000000000000000       0x20 STM32F103C6_DRIVERS/USART/uart.o
 .debug_macro   0x0000000000000000      0x1a3 STM32F103C6_DRIVERS/USART/uart.o
 .debug_macro   0x0000000000000000      0x330 STM32F103C6_DRIVERS/USART/uart.o
 .debug_macro   0x0000000000000000       0x16 STM32F103C6_DRIVERS/USART/uart.o
 .debug_macro   0x0000000000000000       0x29 STM32F103C6_DRIVERS/USART/uart.o
 .debug_macro   0x0000000000000000       0xef STM32F103C6_DRIVERS/USART/uart.o
 .debug_macro   0x0000000000000000       0x6a STM32F103C6_DRIVERS/USART/uart.o
 .debug_macro   0x0000000000000000      0x1df STM32F103C6_DRIVERS/USART/uart.o
 .debug_macro   0x0000000000000000      0x247 STM32F103C6_DRIVERS/USART/uart.o
 .debug_macro   0x0000000000000000       0xd6 STM32F103C6_DRIVERS/USART/uart.o
 .group         0x0000000000000000        0xc Src/main.o
 .group         0x0000000000000000        0xc Src/main.o
 .group         0x0000000000000000        0xc Src/main.o
 .group         0x0000000000000000        0xc Src/main.o
 .group         0x0000000000000000        0xc Src/main.o
 .group         0x0000000000000000        0xc Src/main.o
 .group         0x0000000000000000        0xc Src/main.o
 .group         0x0000000000000000        0xc Src/main.o
 .group         0x0000000000000000        0xc Src/main.o
 .group         0x0000000000000000        0xc Src/main.o
 .group         0x0000000000000000        0xc Src/main.o
 .group         0x0000000000000000        0xc Src/main.o
 .group         0x0000000000000000        0xc Src/main.o
 .group         0x0000000000000000        0xc Src/main.o
 .group         0x0000000000000000        0xc Src/main.o
 .group         0x0000000000000000        0xc Src/main.o
 .group         0x0000000000000000        0xc Src/main.o
 .group         0x0000000000000000        0xc Src/main.o
 .group         0x0000000000000000        0xc Src/main.o
 .group         0x0000000000000000        0xc Src/main.o
 .group         0x0000000000000000        0xc Src/main.o
 .group         0x0000000000000000        0xc Src/main.o
 .group         0x0000000000000000        0xc Src/main.o
 .group         0x0000000000000000        0xc Src/main.o
 .group         0x0000000000000000        0xc Src/main.o
 .group         0x0000000000000000        0xc Src/main.o
 .group         0x0000000000000000        0xc Src/main.o
 .text          0x0000000000000000        0x0 Src/main.o
 .data          0x0000000000000000        0x0 Src/main.o
 .bss           0x0000000000000000        0x0 Src/main.o
 .debug_macro   0x0000000000000000      0xa60 Src/main.o
 .debug_macro   0x0000000000000000       0x18 Src/main.o
 .debug_macro   0x0000000000000000       0x22 Src/main.o
 .debug_macro   0x0000000000000000       0x40 Src/main.o
 .debug_macro   0x0000000000000000       0x94 Src/main.o
 .debug_macro   0x0000000000000000       0x3c Src/main.o
 .debug_macro   0x0000000000000000       0x34 Src/main.o
 .debug_macro   0x0000000000000000       0x16 Src/main.o
 .debug_macro   0x0000000000000000      0x10e Src/main.o
 .debug_macro   0x0000000000000000       0x8d Src/main.o
 .debug_macro   0x0000000000000000       0x57 Src/main.o
 .debug_macro   0x0000000000000000       0x52 Src/main.o
 .debug_macro   0x0000000000000000       0x1f Src/main.o
 .debug_macro   0x0000000000000000       0x43 Src/main.o
 .debug_macro   0x0000000000000000       0x20 Src/main.o
 .debug_macro   0x0000000000000000      0x1a3 Src/main.o
 .debug_macro   0x0000000000000000      0x330 Src/main.o
 .debug_macro   0x0000000000000000       0x16 Src/main.o
 .debug_macro   0x0000000000000000       0x29 Src/main.o
 .debug_macro   0x0000000000000000       0xef Src/main.o
 .debug_macro   0x0000000000000000       0x6a Src/main.o
 .debug_macro   0x0000000000000000      0x1df Src/main.o
 .debug_macro   0x0000000000000000      0x247 Src/main.o
 .debug_macro   0x0000000000000000       0xd6 Src/main.o
 .debug_macro   0x0000000000000000      0x228 Src/main.o
 .debug_macro   0x0000000000000000       0x16 Src/main.o
 .debug_macro   0x0000000000000000       0xe8 Src/main.o
 .group         0x0000000000000000        0xc Src/syscalls.o
 .group         0x0000000000000000        0xc Src/syscalls.o
 .group         0x0000000000000000        0xc Src/syscalls.o
 .group         0x0000000000000000        0xc Src/syscalls.o
 .group         0x0000000000000000        0xc Src/syscalls.o
 .group         0x0000000000000000        0xc Src/syscalls.o
 .group         0x0000000000000000        0xc Src/syscalls.o
 .group         0x0000000000000000        0xc Src/syscalls.o
 .group         0x0000000000000000        0xc Src/syscalls.o
 .group         0x0000000000000000        0xc Src/syscalls.o
 .group         0x0000000000000000        0xc Src/syscalls.o
 .group         0x0000000000000000        0xc Src/syscalls.o
 .group         0x0000000000000000        0xc Src/syscalls.o
 .group         0x0000000000000000        0xc Src/syscalls.o
 .group         0x0000000000000000        0xc Src/syscalls.o
 .group         0x0000000000000000        0xc Src/syscalls.o
 .group         0x0000000000000000        0xc Src/syscalls.o
 .group         0x0000000000000000        0xc Src/syscalls.o
 .group         0x0000000000000000        0xc Src/syscalls.o
 .group         0x0000000000000000        0xc Src/syscalls.o
 .group         0x0000000000000000        0xc Src/syscalls.o
 .group         0x0000000000000000        0xc Src/syscalls.o
 .group         0x0000000000000000        0xc Src/syscalls.o
 .group         0x0000000000000000        0xc Src/syscalls.o
 .group         0x0000000000000000        0xc Src/syscalls.o
 .group         0x0000000000000000        0xc Src/syscalls.o
 .group         0x0000000000000000        0xc Src/syscalls.o
 .group         0x0000000000000000        0xc Src/syscalls.o
 .group         0x0000000000000000        0xc Src/syscalls.o
 .group         0x0000000000000000        0xc Src/syscalls.o
 .group         0x0000000000000000        0xc Src/syscalls.o
 .group         0x0000000000000000        0xc Src/syscalls.o
 .group         0x0000000000000000        0xc Src/syscalls.o
 .group         0x0000000000000000        0xc Src/syscalls.o
 .group         0x0000000000000000        0xc Src/syscalls.o
 .group         0x0000000000000000        0xc Src/syscalls.o
 .group         0x0000000000000000        0xc Src/syscalls.o
 .group         0x0000000000000000        0xc Src/syscalls.o
 .group         0x0000000000000000        0xc Src/syscalls.o
 .group         0x0000000000000000        0xc Src/syscalls.o
 .group         0x0000000000000000        0xc Src/syscalls.o
 .group         0x0000000000000000        0xc Src/syscalls.o
 .group         0x0000000000000000        0xc Src/syscalls.o
 .group         0x0000000000000000        0xc Src/syscalls.o
 .text          0x0000000000000000        0x0 Src/syscalls.o
 .data          0x0000000000000000        0x0 Src/syscalls.o
 .bss           0x0000000000000000        0x0 Src/syscalls.o
 .bss.__env     0x0000000000000000        0x4 Src/syscalls.o
 .data.environ  0x0000000000000000        0x4 Src/syscalls.o
 .text.initialise_monitor_handles
                0x0000000000000000        0xc Src/syscalls.o
 .text._getpid  0x0000000000000000        0xe Src/syscalls.o
 .text._kill    0x0000000000000000       0x20 Src/syscalls.o
 .text._exit    0x0000000000000000       0x14 Src/syscalls.o
 .text._read    0x0000000000000000       0x3a Src/syscalls.o
 .text._write   0x0000000000000000       0x38 Src/syscalls.o
 .text._close   0x0000000000000000       0x16 Src/syscalls.o
 .text._fstat   0x0000000000000000       0x1e Src/syscalls.o
 .text._isatty  0x0000000000000000       0x14 Src/syscalls.o
 .text._lseek   0x0000000000000000       0x18 Src/syscalls.o
 .text._open    0x0000000000000000       0x1a Src/syscalls.o
 .text._wait    0x0000000000000000       0x1e Src/syscalls.o
 .text._unlink  0x0000000000000000       0x1e Src/syscalls.o
 .text._times   0x0000000000000000       0x16 Src/syscalls.o
 .text._stat    0x0000000000000000       0x1e Src/syscalls.o
 .text._link    0x0000000000000000       0x20 Src/syscalls.o
 .text._fork    0x0000000000000000       0x16 Src/syscalls.o
 .text._execve  0x0000000000000000       0x22 Src/syscalls.o
 .debug_info    0x0000000000000000     0x1038 Src/syscalls.o
 .debug_abbrev  0x0000000000000000      0x254 Src/syscalls.o
 .debug_loc     0x0000000000000000      0x5b8 Src/syscalls.o
 .debug_aranges
                0x0000000000000000       0xa8 Src/syscalls.o
 .debug_ranges  0x0000000000000000       0x98 Src/syscalls.o
 .debug_macro   0x0000000000000000      0x243 Src/syscalls.o
 .debug_macro   0x0000000000000000      0xa60 Src/syscalls.o
 .debug_macro   0x0000000000000000       0x22 Src/syscalls.o
 .debug_macro   0x0000000000000000       0x40 Src/syscalls.o
 .debug_macro   0x0000000000000000       0x18 Src/syscalls.o
 .debug_macro   0x0000000000000000       0x94 Src/syscalls.o
 .debug_macro   0x0000000000000000       0x3c Src/syscalls.o
 .debug_macro   0x0000000000000000       0x34 Src/syscalls.o
 .debug_macro   0x0000000000000000       0x57 Src/syscalls.o
 .debug_macro   0x0000000000000000      0x174 Src/syscalls.o
 .debug_macro   0x0000000000000000      0x330 Src/syscalls.o
 .debug_macro   0x0000000000000000       0x52 Src/syscalls.o
 .debug_macro   0x0000000000000000       0x1f Src/syscalls.o
 .debug_macro   0x0000000000000000       0x43 Src/syscalls.o
 .debug_macro   0x0000000000000000       0x20 Src/syscalls.o
 .debug_macro   0x0000000000000000      0x1a3 Src/syscalls.o
 .debug_macro   0x0000000000000000       0x10 Src/syscalls.o
 .debug_macro   0x0000000000000000       0x35 Src/syscalls.o
 .debug_macro   0x0000000000000000       0x10 Src/syscalls.o
 .debug_macro   0x0000000000000000       0x10 Src/syscalls.o
 .debug_macro   0x0000000000000000       0x10 Src/syscalls.o
 .debug_macro   0x0000000000000000       0x6a Src/syscalls.o
 .debug_macro   0x0000000000000000       0x1c Src/syscalls.o
 .debug_macro   0x0000000000000000       0x52 Src/syscalls.o
 .debug_macro   0x0000000000000000       0x40 Src/syscalls.o
 .debug_macro   0x0000000000000000       0x10 Src/syscalls.o
 .debug_macro   0x0000000000000000       0x40 Src/syscalls.o
 .debug_macro   0x0000000000000000       0xd7 Src/syscalls.o
 .debug_macro   0x0000000000000000       0x1c Src/syscalls.o
 .debug_macro   0x0000000000000000       0x3d Src/syscalls.o
 .debug_macro   0x0000000000000000       0x35 Src/syscalls.o
 .debug_macro   0x0000000000000000      0x122 Src/syscalls.o
 .debug_macro   0x0000000000000000       0x16 Src/syscalls.o
 .debug_macro   0x0000000000000000       0x16 Src/syscalls.o
 .debug_macro   0x0000000000000000       0x29 Src/syscalls.o
 .debug_macro   0x0000000000000000       0x10 Src/syscalls.o
 .debug_macro   0x0000000000000000      0x241 Src/syscalls.o
 .debug_macro   0x0000000000000000       0x1c Src/syscalls.o
 .debug_macro   0x0000000000000000       0x10 Src/syscalls.o
 .debug_macro   0x0000000000000000       0x10 Src/syscalls.o
 .debug_macro   0x0000000000000000       0x16 Src/syscalls.o
 .debug_macro   0x0000000000000000      0x145 Src/syscalls.o
 .debug_macro   0x0000000000000000      0x189 Src/syscalls.o
 .debug_macro   0x0000000000000000       0x16 Src/syscalls.o
 .debug_macro   0x0000000000000000       0x88 Src/syscalls.o
 .debug_line    0x0000000000000000      0x739 Src/syscalls.o
 .debug_str     0x0000000000000000     0x888f Src/syscalls.o
 .comment       0x0000000000000000       0x7c Src/syscalls.o
 .debug_frame   0x0000000000000000      0x2ac Src/syscalls.o
 .ARM.attributes
                0x0000000000000000       0x33 Src/syscalls.o
 .group         0x0000000000000000        0xc Src/sysmem.o
 .group         0x0000000000000000        0xc Src/sysmem.o
 .group         0x0000000000000000        0xc Src/sysmem.o
 .group         0x0000000000000000        0xc Src/sysmem.o
 .group         0x0000000000000000        0xc Src/sysmem.o
 .group         0x0000000000000000        0xc Src/sysmem.o
 .group         0x0000000000000000        0xc Src/sysmem.o
 .group         0x0000000000000000        0xc Src/sysmem.o
 .group         0x0000000000000000        0xc Src/sysmem.o
 .group         0x0000000000000000        0xc Src/sysmem.o
 .group         0x0000000000000000        0xc Src/sysmem.o
 .group         0x0000000000000000        0xc Src/sysmem.o
 .group         0x0000000000000000        0xc Src/sysmem.o
 .group         0x0000000000000000        0xc Src/sysmem.o
 .group         0x0000000000000000        0xc Src/sysmem.o
 .group         0x0000000000000000        0xc Src/sysmem.o
 .group         0x0000000000000000        0xc Src/sysmem.o
 .group         0x0000000000000000        0xc Src/sysmem.o
 .group         0x0000000000000000        0xc Src/sysmem.o
 .text          0x0000000000000000        0x0 Src/sysmem.o
 .data          0x0000000000000000        0x0 Src/sysmem.o
 .bss           0x0000000000000000        0x0 Src/sysmem.o
 .bss.__sbrk_heap_end
                0x0000000000000000        0x4 Src/sysmem.o
 .text._sbrk    0x0000000000000000       0x6c Src/sysmem.o
 .debug_info    0x0000000000000000      0xa7c Src/sysmem.o
 .debug_abbrev  0x0000000000000000      0x18e Src/sysmem.o
 .debug_loc     0x0000000000000000       0x50 Src/sysmem.o
 .debug_aranges
                0x0000000000000000       0x20 Src/sysmem.o
 .debug_ranges  0x0000000000000000       0x10 Src/sysmem.o
 .debug_macro   0x0000000000000000       0xee Src/sysmem.o
 .debug_macro   0x0000000000000000      0xa60 Src/sysmem.o
 .debug_macro   0x0000000000000000       0x10 Src/sysmem.o
 .debug_macro   0x0000000000000000       0x22 Src/sysmem.o
 .debug_macro   0x0000000000000000       0x40 Src/sysmem.o
 .debug_macro   0x0000000000000000       0x18 Src/sysmem.o
 .debug_macro   0x0000000000000000       0x94 Src/sysmem.o
 .debug_macro   0x0000000000000000       0x3c Src/sysmem.o
 .debug_macro   0x0000000000000000       0x34 Src/sysmem.o
 .debug_macro   0x0000000000000000      0x174 Src/sysmem.o
 .debug_macro   0x0000000000000000       0x57 Src/sysmem.o
 .debug_macro   0x0000000000000000       0x52 Src/sysmem.o
 .debug_macro   0x0000000000000000       0x1f Src/sysmem.o
 .debug_macro   0x0000000000000000       0x43 Src/sysmem.o
 .debug_macro   0x0000000000000000       0x20 Src/sysmem.o
 .debug_macro   0x0000000000000000      0x1a3 Src/sysmem.o
 .debug_macro   0x0000000000000000      0x23b Src/sysmem.o
 .debug_macro   0x0000000000000000       0xef Src/sysmem.o
 .debug_macro   0x0000000000000000       0x6a Src/sysmem.o
 .debug_macro   0x0000000000000000      0x1df Src/sysmem.o
 .debug_line    0x0000000000000000      0x4c2 Src/sysmem.o
 .debug_str     0x0000000000000000     0x5f5d Src/sysmem.o
 .comment       0x0000000000000000       0x7c Src/sysmem.o
 .debug_frame   0x0000000000000000       0x34 Src/sysmem.o
 .ARM.attributes
                0x0000000000000000       0x33 Src/sysmem.o
 .text          0x0000000000000000       0x14 Startup/startup_stm32f103c6tx.o
 .data          0x0000000000000000        0x0 Startup/startup_stm32f103c6tx.o
 .bss           0x0000000000000000        0x0 Startup/startup_stm32f103c6tx.o
 .text          0x0000000000000000        0x0 c:/st/stm32cubeide_1.4.0/stm32cubeide/plugins/com.st.stm32cube.ide.mcu.externaltools.gnu-tools-for-stm32.7-2018-q2-update.win32_1.4.0.202007081208/tools/bin/../lib/gcc/arm-none-eabi/7.3.1/../../../../arm-none-eabi/lib/thumb/v7-m\libc_nano.a(lib_a-errno.o)
 .data          0x0000000000000000        0x0 c:/st/stm32cubeide_1.4.0/stm32cubeide/plugins/com.st.stm32cube.ide.mcu.externaltools.gnu-tools-for-stm32.7-2018-q2-update.win32_1.4.0.202007081208/tools/bin/../lib/gcc/arm-none-eabi/7.3.1/../../../../arm-none-eabi/lib/thumb/v7-m\libc_nano.a(lib_a-errno.o)
 .bss           0x0000000000000000        0x0 c:/st/stm32cubeide_1.4.0/stm32cubeide/plugins/com.st.stm32cube.ide.mcu.externaltools.gnu-tools-for-stm32.7-2018-q2-update.win32_1.4.0.202007081208/tools/bin/../lib/gcc/arm-none-eabi/7.3.1/../../../../arm-none-eabi/lib/thumb/v7-m\libc_nano.a(lib_a-errno.o)
 .text.__errno  0x0000000000000000        0xc c:/st/stm32cubeide_1.4.0/stm32cubeide/plugins/com.st.stm32cube.ide.mcu.externaltools.gnu-tools-for-stm32.7-2018-q2-update.win32_1.4.0.202007081208/tools/bin/../lib/gcc/arm-none-eabi/7.3.1/../../../../arm-none-eabi/lib/thumb/v7-m\libc_nano.a(lib_a-errno.o)
 .debug_frame   0x0000000000000000       0x20 c:/st/stm32cubeide_1.4.0/stm32cubeide/plugins/com.st.stm32cube.ide.mcu.externaltools.gnu-tools-for-stm32.7-2018-q2-update.win32_1.4.0.202007081208/tools/bin/../lib/gcc/arm-none-eabi/7.3.1/../../../../arm-none-eabi/lib/thumb/v7-m\libc_nano.a(lib_a-errno.o)
 .ARM.attributes
                0x0000000000000000       0x2d c:/st/stm32cubeide_1.4.0/stm32cubeide/plugins/com.st.stm32cube.ide.mcu.externaltools.gnu-tools-for-stm32.7-2018-q2-update.win32_1.4.0.202007081208/tools/bin/../lib/gcc/arm-none-eabi/7.3.1/../../../../arm-none-eabi/lib/thumb/v7-m\libc_nano.a(lib_a-errno.o)
 .text          0x0000000000000000        0x0 c:/st/stm32cubeide_1.4.0/stm32cubeide/plugins/com.st.stm32cube.ide.mcu.externaltools.gnu-tools-for-stm32.7-2018-q2-update.win32_1.4.0.202007081208/tools/bin/../lib/gcc/arm-none-eabi/7.3.1/../../../../arm-none-eabi/lib/thumb/v7-m\libc_nano.a(lib_a-exit.o)
 .data          0x0000000000000000        0x0 c:/st/stm32cubeide_1.4.0/stm32cubeide/plugins/com.st.stm32cube.ide.mcu.externaltools.gnu-tools-for-stm32.7-2018-q2-update.win32_1.4.0.202007081208/tools/bin/../lib/gcc/arm-none-eabi/7.3.1/../../../../arm-none-eabi/lib/thumb/v7-m\libc_nano.a(lib_a-exit.o)
 .bss           0x0000000000000000        0x0 c:/st/stm32cubeide_1.4.0/stm32cubeide/plugins/com.st.stm32cube.ide.mcu.externaltools.gnu-tools-for-stm32.7-2018-q2-update.win32_1.4.0.202007081208/tools/bin/../lib/gcc/arm-none-eabi/7.3.1/../../../../arm-none-eabi/lib/thumb/v7-m\libc_nano.a(lib_a-exit.o)
 .text.exit     0x0000000000000000       0x28 c:/st/stm32cubeide_1.4.0/stm32cubeide/plugins/com.st.stm32cube.ide.mcu.externaltools.gnu-tools-for-stm32.7-2018-q2-update.win32_1.4.0.202007081208/tools/bin/../lib/gcc/arm-none-eabi/7.3.1/../../../../arm-none-eabi/lib/thumb/v7-m\libc_nano.a(lib_a-exit.o)
 .debug_frame   0x0000000000000000       0x28 c:/st/stm32cubeide_1.4.0/stm32cubeide/plugins/com.st.stm32cube.ide.mcu.externaltools.gnu-tools-for-stm32.7-2018-q2-update.win32_1.4.0.202007081208/tools/bin/../lib/gcc/arm-none-eabi/7.3.1/../../../../arm-none-eabi/lib/thumb/v7-m\libc_nano.a(lib_a-exit.o)
 .ARM.attributes
                0x0000000000000000       0x2d c:/st/stm32cubeide_1.4.0/stm32cubeide/plugins/com.st.stm32cube.ide.mcu.externaltools.gnu-tools-for-stm32.7-2018-q2-update.win32_1.4.0.202007081208/tools/bin/../lib/gcc/arm-none-eabi/7.3.1/../../../../arm-none-eabi/lib/thumb/v7-m\libc_nano.a(lib_a-exit.o)
 .text          0x0000000000000000        0x0 c:/st/stm32cubeide_1.4.0/stm32cubeide/plugins/com.st.stm32cube.ide.mcu.externaltools.gnu-tools-for-stm32.7-2018-q2-update.win32_1.4.0.202007081208/tools/bin/../lib/gcc/arm-none-eabi/7.3.1/../../../../arm-none-eabi/lib/thumb/v7-m\libc_nano.a(lib_a-impure.o)
 .data          0x0000000000000000        0x0 c:/st/stm32cubeide_1.4.0/stm32cubeide/plugins/com.st.stm32cube.ide.mcu.externaltools.gnu-tools-for-stm32.7-2018-q2-update.win32_1.4.0.202007081208/tools/bin/../lib/gcc/arm-none-eabi/7.3.1/../../../../arm-none-eabi/lib/thumb/v7-m\libc_nano.a(lib_a-impure.o)
 .bss           0x0000000000000000        0x0 c:/st/stm32cubeide_1.4.0/stm32cubeide/plugins/com.st.stm32cube.ide.mcu.externaltools.gnu-tools-for-stm32.7-2018-q2-update.win32_1.4.0.202007081208/tools/bin/../lib/gcc/arm-none-eabi/7.3.1/../../../../arm-none-eabi/lib/thumb/v7-m\libc_nano.a(lib_a-impure.o)
 .data._impure_ptr
                0x0000000000000000        0x4 c:/st/stm32cubeide_1.4.0/stm32cubeide/plugins/com.st.stm32cube.ide.mcu.externaltools.gnu-tools-for-stm32.7-2018-q2-update.win32_1.4.0.202007081208/tools/bin/../lib/gcc/arm-none-eabi/7.3.1/../../../../arm-none-eabi/lib/thumb/v7-m\libc_nano.a(lib_a-impure.o)
 .data.impure_data
                0x0000000000000000       0x60 c:/st/stm32cubeide_1.4.0/stm32cubeide/plugins/com.st.stm32cube.ide.mcu.externaltools.gnu-tools-for-stm32.7-2018-q2-update.win32_1.4.0.202007081208/tools/bin/../lib/gcc/arm-none-eabi/7.3.1/../../../../arm-none-eabi/lib/thumb/v7-m\libc_nano.a(lib_a-impure.o)
 .rodata._global_impure_ptr
                0x0000000000000000        0x4 c:/st/stm32cubeide_1.4.0/stm32cubeide/plugins/com.st.stm32cube.ide.mcu.externaltools.gnu-tools-for-stm32.7-2018-q2-update.win32_1.4.0.202007081208/tools/bin/../lib/gcc/arm-none-eabi/7.3.1/../../../../arm-none-eabi/lib/thumb/v7-m\libc_nano.a(lib_a-impure.o)
 .ARM.attributes
                0x0000000000000000       0x2d c:/st/stm32cubeide_1.4.0/stm32cubeide/plugins/com.st.stm32cube.ide.mcu.externaltools.gnu-tools-for-stm32.7-2018-q2-update.win32_1.4.0.202007081208/tools/bin/../lib/gcc/arm-none-eabi/7.3.1/../../../../arm-none-eabi/lib/thumb/v7-m\libc_nano.a(lib_a-impure.o)
 .text          0x0000000000000000        0x0 c:/st/stm32cubeide_1.4.0/stm32cubeide/plugins/com.st.stm32cube.ide.mcu.externaltools.gnu-tools-for-stm32.7-2018-q2-update.win32_1.4.0.202007081208/tools/bin/../lib/gcc/arm-none-eabi/7.3.1/../../../../arm-none-eabi/lib/thumb/v7-m\libc_nano.a(lib_a-init.o)
 .data          0x0000000000000000        0x0 c:/st/stm32cubeide_1.4.0/stm32cubeide/plugins/com.st.stm32cube.ide.mcu.externaltools.gnu-tools-for-stm32.7-2018-q2-update.win32_1.4.0.202007081208/tools/bin/../lib/gcc/arm-none-eabi/7.3.1/../../../../arm-none-eabi/lib/thumb/v7-m\libc_nano.a(lib_a-init.o)
 .bss           0x0000000000000000        0x0 c:/st/stm32cubeide_1.4.0/stm32cubeide/plugins/com.st.stm32cube.ide.mcu.externaltools.gnu-tools-for-stm32.7-2018-q2-update.win32_1.4.0.202007081208/tools/bin/../lib/gcc/arm-none-eabi/7.3.1/../../../../arm-none-eabi/lib/thumb/v7-m\libc_nano.a(lib_a-init.o)
 .text          0x0000000000000000        0x0 c:/st/stm32cubeide_1.4.0/stm32cubeide/plugins/com.st.stm32cube.ide.mcu.externaltools.gnu-tools-for-stm32.7-2018-q2-update.win32_1.4.0.202007081208/tools/bin/../lib/gcc/arm-none-eabi/7.3.1/../../../../arm-none-eabi/lib/thumb/v7-m\libc_nano.a(lib_a-memset.o)
 .data          0x0000000000000000        0x0 c:/st/stm32cubeide_1.4.0/stm32cubeide/plugins/com.st.stm32cube.ide.mcu.externaltools.gnu-tools-for-stm32.7-2018-q2-update.win32_1.4.0.202007081208/tools/bin/../lib/gcc/arm-none-eabi/7.3.1/../../../../arm-none-eabi/lib/thumb/v7-m\libc_nano.a(lib_a-memset.o)
 .bss           0x0000000000000000        0x0 c:/st/stm32cubeide_1.4.0/stm32cubeide/plugins/com.st.stm32cube.ide.mcu.externaltools.gnu-tools-for-stm32.7-2018-q2-update.win32_1.4.0.202007081208/tools/bin/../lib/gcc/arm-none-eabi/7.3.1/../../../../arm-none-eabi/lib/thumb/v7-m\libc_nano.a(lib_a-memset.o)
 .text.memset   0x0000000000000000       0x10 c:/st/stm32cubeide_1.4.0/stm32cubeide/plugins/com.st.stm32cube.ide.mcu.externaltools.gnu-tools-for-stm32.7-2018-q2-update.win32_1.4.0.202007081208/tools/bin/../lib/gcc/arm-none-eabi/7.3.1/../../../../arm-none-eabi/lib/thumb/v7-m\libc_nano.a(lib_a-memset.o)
 .debug_frame   0x0000000000000000       0x20 c:/st/stm32cubeide_1.4.0/stm32cubeide/plugins/com.st.stm32cube.ide.mcu.externaltools.gnu-tools-for-stm32.7-2018-q2-update.win32_1.4.0.202007081208/tools/bin/../lib/gcc/arm-none-eabi/7.3.1/../../../../arm-none-eabi/lib/thumb/v7-m\libc_nano.a(lib_a-memset.o)
 .ARM.attributes
                0x0000000000000000       0x2d c:/st/stm32cubeide_1.4.0/stm32cubeide/plugins/com.st.stm32cube.ide.mcu.externaltools.gnu-tools-for-stm32.7-2018-q2-update.win32_1.4.0.202007081208/tools/bin/../lib/gcc/arm-none-eabi/7.3.1/../../../../arm-none-eabi/lib/thumb/v7-m\libc_nano.a(lib_a-memset.o)
 .text          0x0000000000000000        0x0 c:/st/stm32cubeide_1.4.0/stm32cubeide/plugins/com.st.stm32cube.ide.mcu.externaltools.gnu-tools-for-stm32.7-2018-q2-update.win32_1.4.0.202007081208/tools/bin/../lib/gcc/arm-none-eabi/7.3.1/thumb/v7-m/crtend.o
 .data          0x0000000000000000        0x0 c:/st/stm32cubeide_1.4.0/stm32cubeide/plugins/com.st.stm32cube.ide.mcu.externaltools.gnu-tools-for-stm32.7-2018-q2-update.win32_1.4.0.202007081208/tools/bin/../lib/gcc/arm-none-eabi/7.3.1/thumb/v7-m/crtend.o
 .bss           0x0000000000000000        0x0 c:/st/stm32cubeide_1.4.0/stm32cubeide/plugins/com.st.stm32cube.ide.mcu.externaltools.gnu-tools-for-stm32.7-2018-q2-update.win32_1.4.0.202007081208/tools/bin/../lib/gcc/arm-none-eabi/7.3.1/thumb/v7-m/crtend.o
 .eh_frame      0x0000000000000000        0x4 c:/st/stm32cubeide_1.4.0/stm32cubeide/plugins/com.st.stm32cube.ide.mcu.externaltools.gnu-tools-for-stm32.7-2018-q2-update.win32_1.4.0.202007081208/tools/bin/../lib/gcc/arm-none-eabi/7.3.1/thumb/v7-m/crtend.o
 .ARM.attributes
                0x0000000000000000       0x2d c:/st/stm32cubeide_1.4.0/stm32cubeide/plugins/com.st.stm32cube.ide.mcu.externaltools.gnu-tools-for-stm32.7-2018-q2-update.win32_1.4.0.202007081208/tools/bin/../lib/gcc/arm-none-eabi/7.3.1/thumb/v7-m/crtend.o
 .text          0x0000000000000000        0x0 c:/st/stm32cubeide_1.4.0/stm32cubeide/plugins/com.st.stm32cube.ide.mcu.externaltools.gnu-tools-for-stm32.7-2018-q2-update.win32_1.4.0.202007081208/tools/bin/../lib/gcc/arm-none-eabi/7.3.1/thumb/v7-m/crtn.o
 .data          0x0000000000000000        0x0 c:/st/stm32cubeide_1.4.0/stm32cubeide/plugins/com.st.stm32cube.ide.mcu.externaltools.gnu-tools-for-stm32.7-2018-q2-update.win32_1.4.0.202007081208/tools/bin/../lib/gcc/arm-none-eabi/7.3.1/thumb/v7-m/crtn.o
 .bss           0x0000000000000000        0x0 c:/st/stm32cubeide_1.4.0/stm32cubeide/plugins/com.st.stm32cube.ide.mcu.externaltools.gnu-tools-for-stm32.7-2018-q2-update.win32_1.4.0.202007081208/tools/bin/../lib/gcc/arm-none-eabi/7.3.1/thumb/v7-m/crtn.o

Memory Configuration

Name             Origin             Length             Attributes
RAM              0x0000000020000000 0x0000000000002800 xrw
ROM              0x0000000008000000 0x0000000000008000 xr
*default*        0x0000000000000000 0xffffffffffffffff

Linker script and memory map

LOAD c:/st/stm32cubeide_1.4.0/stm32cubeide/plugins/com.st.stm32cube.ide.mcu.externaltools.gnu-tools-for-stm32.7-2018-q2-update.win32_1.4.0.202007081208/tools/bin/../lib/gcc/arm-none-eabi/7.3.1/thumb/v7-m/crti.o
LOAD c:/st/stm32cubeide_1.4.0/stm32cubeide/plugins/com.st.stm32cube.ide.mcu.externaltools.gnu-tools-for-stm32.7-2018-q2-update.win32_1.4.0.202007081208/tools/bin/../lib/gcc/arm-none-eabi/7.3.1/thumb/v7-m/crtbegin.o
LOAD c:/st/stm32cubeide_1.4.0/stm32cubeide/plugins/com.st.stm32cube.ide.mcu.externaltools.gnu-tools-for-stm32.7-2018-q2-update.win32_1.4.0.202007081208/tools/bin/../lib/gcc/arm-none-eabi/7.3.1/../../../../arm-none-eabi/lib/thumb/v7-m/crt0.o
LOAD STM32F103C6_DRIVERS/EXTI/stm32_F103C6_EXTI_driver.o
LOAD STM32F103C6_DRIVERS/GPIO/stm32_F103C6_gpio_driver.o
LOAD STM32F103C6_DRIVERS/RCC/RCC.o
LOAD STM32F103C6_DRIVERS/USART/uart.o
LOAD Src/main.o
LOAD Src/syscalls.o
LOAD Src/sysmem.o
LOAD Startup/startup_stm32f103c6tx.o
START GROUP
LOAD c:/st/stm32cubeide_1.4.0/stm32cubeide/plugins/com.st.stm32cube.ide.mcu.externaltools.gnu-tools-for-stm32.7-2018-q2-update.win32_1.4.0.202007081208/tools/bin/../lib/gcc/arm-none-eabi/7.3.1/../../../../arm-none-eabi/lib/thumb/v7-m\libc_nano.a
LOAD c:/st/stm32cubeide_1.4.0/stm32cubeide/plugins/com.st.stm32cube.ide.mcu.externaltools.gnu-tools-for-stm32.7-2018-q2-update.win32_1.4.0.202007081208/tools/bin/../lib/gcc/arm-none-eabi/7.3.1/../../../../arm-none-eabi/lib/thumb/v7-m\libm.a
END GROUP
START GROUP
LOAD c:/st/stm32cubeide_1.4.0/stm32cubeide/plugins/com.st.stm32cube.ide.mcu.externaltools.gnu-tools-for-stm32.7-2018-q2-update.win32_1.4.0.202007081208/tools/bin/../lib/gcc/arm-none-eabi/7.3.1/thumb/v7-m\libgcc.a
LOAD c:/st/stm32cubeide_1.4.0/stm32cubeide/plugins/com.st.stm32cube.ide.mcu.externaltools.gnu-tools-for-stm32.7-2018-q2-update.win32_1.4.0.202007081208/tools/bin/../lib/gcc/arm-none-eabi/7.3.1/../../../../arm-none-eabi/lib/thumb/v7-m\libg_nano.a
LOAD c:/st/stm32cubeide_1.4.0/stm32cubeide/plugins/com.st.stm32cube.ide.mcu.externaltools.gnu-tools-for-stm32.7-2018-q2-update.win32_1.4.0.202007081208/tools/bin/../lib/gcc/arm-none-eabi/7.3.1/../../../../arm-none-eabi/lib/thumb/v7-m\libc_nano.a
END GROUP
START GROUP
LOAD c:/st/stm32cubeide_1.4.0/stm32cubeide/plugins/com.st.stm32cube.ide.mcu.externaltools.gnu-tools-for-stm32.7-2018-q2-update.win32_1.4.0.202007081208/tools/bin/../lib/gcc/arm-none-eabi/7.3.1/thumb/v7-m\libgcc.a
LOAD c:/st/stm32cubeide_1.4.0/stm32cubeide/plugins/com.st.stm32cube.ide.mcu.externaltools.gnu-tools-for-stm32.7-2018-q2-update.win32_1.4.0.202007081208/tools/bin/../lib/gcc/arm-none-eabi/7.3.1/../../../../arm-none-eabi/lib/thumb/v7-m\libc_nano.a
LOAD c:/st/stm32cubeide_1.4.0/stm32cubeide/plugins/com.st.stm32cube.ide.mcu.externaltools.gnu-tools-for-stm32.7-2018-q2-update.win32_1.4.0.202007081208/tools/bin/../lib/gcc/arm-none-eabi/7.3.1/../../../../arm-none-eabi/lib/thumb/v7-m\libnosys.a
END GROUP
START GROUP
LOAD c:/st/stm32cubeide_1.4.0/stm32cubeide/plugins/com.st.stm32cube.ide.mcu.externaltools.gnu-tools-for-stm32.7-2018-q2-update.win32_1.4.0.202007081208/tools/bin/../lib/gcc/arm-none-eabi/7.3.1/thumb/v7-m\libgcc.a
LOAD c:/st/stm32cubeide_1.4.0/stm32cubeide/plugins/com.st.stm32cube.ide.mcu.externaltools.gnu-tools-for-stm32.7-2018-q2-update.win32_1.4.0.202007081208/tools/bin/../lib/gcc/arm-none-eabi/7.3.1/../../../../arm-none-eabi/lib/thumb/v7-m\libc_nano.a
LOAD c:/st/stm32cubeide_1.4.0/stm32cubeide/plugins/com.st.stm32cube.ide.mcu.externaltools.gnu-tools-for-stm32.7-2018-q2-update.win32_1.4.0.202007081208/tools/bin/../lib/gcc/arm-none-eabi/7.3.1/../../../../arm-none-eabi/lib/thumb/v7-m\libnosys.a
END GROUP
LOAD c:/st/stm32cubeide_1.4.0/stm32cubeide/plugins/com.st.stm32cube.ide.mcu.externaltools.gnu-tools-for-stm32.7-2018-q2-update.win32_1.4.0.202007081208/tools/bin/../lib/gcc/arm-none-eabi/7.3.1/thumb/v7-m/crtend.o
LOAD c:/st/stm32cubeide_1.4.0/stm32cubeide/plugins/com.st.stm32cube.ide.mcu.externaltools.gnu-tools-for-stm32.7-2018-q2-update.win32_1.4.0.202007081208/tools/bin/../lib/gcc/arm-none-eabi/7.3.1/thumb/v7-m/crtn.o
                0x0000000020002800                _estack = (ORIGIN (RAM) + LENGTH (RAM))
                0x0000000000000200                _Min_Heap_Size = 0x200
                0x0000000000000400                _Min_Stack_Size = 0x400

.isr_vector     0x0000000008000000      0x130
                0x0000000008000000                . = ALIGN (0x4)
 *(.isr_vector)
 .isr_vector    0x0000000008000000      0x130 Startup/startup_stm32f103c6tx.o
                0x0000000008000000                g_pfnVectors
                0x0000000008000130                . = ALIGN (0x4)

.text           0x0000000008000130      0x9e4
                0x0000000008000130                . = ALIGN (0x4)
 *(.text)
 .text          0x0000000008000130       0x40 c:/st/stm32cubeide_1.4.0/stm32cubeide/plugins/com.st.stm32cube.ide.mcu.externaltools.gnu-tools-for-stm32.7-2018-q2-update.win32_1.4.0.202007081208/tools/bin/../lib/gcc/arm-none-eabi/7.3.1/thumb/v7-m/crtbegin.o
 *(.text*)
 .text.EXTI0_IRQHandler
                0x0000000008000170       0x24 STM32F103C6_DRIVERS/EXTI/stm32_F103C6_EXTI_driver.o
                0x0000000008000170                EXTI0_IRQHandler
 .text.EXTI1_IRQHandler
                0x0000000008000194       0x24 STM32F103C6_DRIVERS/EXTI/stm32_F103C6_EXTI_driver.o
                0x0000000008000194                EXTI1_IRQHandler
 .text.EXTI2_IRQHandler
                0x00000000080001b8       0x24 STM32F103C6_DRIVERS/EXTI/stm32_F103C6_EXTI_driver.o
                0x00000000080001b8                EXTI2_IRQHandler
 .text.EXTI3_IRQHandler
                0x00000000080001dc       0x24 STM32F103C6_DRIVERS/EXTI/stm32_F103C6_EXTI_driver.o
                0x00000000080001dc                EXTI3_IRQHandler
 .text.EXTI4_IRQHandler
                0x0000000008000200       0x24 STM32F103C6_DRIVERS/EXTI/stm32_F103C6_EXTI_driver.o
                0x0000000008000200                EXTI4_IRQHandler
 .text.EXTI9_5_IRQHandler
                0x0000000008000224       0xa8 STM32F103C6_DRIVERS/EXTI/stm32_F103C6_EXTI_driver.o
                0x0000000008000224                EXTI9_5_IRQHandler
 .text.EXTI15_10_IRQHandler
                0x00000000080002cc       0xc4 STM32F103C6_DRIVERS/EXTI/stm32_F103C6_EXTI_driver.o
                0x00000000080002cc                EXTI15_10_IRQHandler
 .text.Get_CRLH_Position
                0x0000000008000390       0xc6 STM32F103C6_DRIVERS/GPIO/stm32_F103C6_gpio_driver.o
                0x0000000008000390                Get_CRLH_Position
 .text.MCAL_GPIO_INIT
                0x0000000008000456      0x192 STM32F103C6_DRIVERS/GPIO/stm32_F103C6_gpio_driver.o
                0x0000000008000456                MCAL_GPIO_INIT
 .text.MCAL_RCC_GETSYSCLKfreq
                0x00000000080005e8       0x40 STM32F103C6_DRIVERS/RCC/RCC.o
                0x00000000080005e8                MCAL_RCC_GETSYSCLKfreq
 .text.MCAL_RCC_GETHCLKfreq
                0x0000000008000628       0x2c STM32F103C6_DRIVERS/RCC/RCC.o
                0x0000000008000628                MCAL_RCC_GETHCLKfreq
 .text.MCAL_RCC_GETPCLK1Freq
                0x0000000008000654       0x28 STM32F103C6_DRIVERS/RCC/RCC.o
                0x0000000008000654                MCAL_RCC_GETPCLK1Freq
 .text.MCAL_RCC_GETPCLK2Freq
                0x000000000800067c       0x28 STM32F103C6_DRIVERS/RCC/RCC.o
                0x000000000800067c                MCAL_RCC_GETPCLK2Freq
 .text.MCAL_UART_Init
                0x00000000080006a4      0x184 STM32F103C6_DRIVERS/USART/uart.o
                0x00000000080006a4                MCAL_UART_Init
 .text.MCAL_UART_SendData
                0x0000000008000828       0x36 STM32F103C6_DRIVERS/USART/uart.o
                0x0000000008000828                MCAL_UART_SendData
 *fill*         0x000000000800085e        0x2 
 .text.MCAL_UART_ReceiveData
                0x0000000008000860       0x5c STM32F103C6_DRIVERS/USART/uart.o
                0x0000000008000860                MCAL_UART_ReceiveData
 .text.MCAL_UART_GPIO_Set_Pins
                0x00000000080008bc       0xc8 STM32F103C6_DRIVERS/USART/uart.o
                0x00000000080008bc                MCAL_UART_GPIO_Set_Pins
 .text.USART1_IRQHandler
                0x0000000008000984       0x14 STM32F103C6_DRIVERS/USART/uart.o
                0x0000000008000984                USART1_IRQHandler
 .text.USART2_IRQHandler
                0x0000000008000998       0x14 STM32F103C6_DRIVERS/USART/uart.o
                0x0000000008000998                USART2_IRQHandler
 .text.USART3_IRQHandler
                0x00000000080009ac       0x14 STM32F103C6_DRIVERS/USART/uart.o
                0x00000000080009ac                USART3_IRQHandler
 .text.init_clk
                0x00000000080009c0       0x34 Src/main.o
                0x00000000080009c0                init_clk
 .text.hassan_callback
                0x00000000080009f4       0x24 Src/main.o
                0x00000000080009f4                hassan_callback
 .text.main     0x0000000008000a18       0x48 Src/main.o
                0x0000000008000a18                main
 .text.Reset_Handler
                0x0000000008000a60       0x50 Startup/startup_stm32f103c6tx.o
                0x0000000008000a60                Reset_Handler
 .text.Default_Handler
                0x0000000008000ab0        0x2 Startup/startup_stm32f103c6tx.o
                0x0000000008000ab0                TIM8_TRG_COM_IRQHandler
                0x0000000008000ab0                TIM8_CC_IRQHandler
                0x0000000008000ab0                DebugMon_Handler
                0x0000000008000ab0                TIM1_CC_IRQHandler
                0x0000000008000ab0                HardFault_Handler
                0x0000000008000ab0                TIM6_IRQHandler
                0x0000000008000ab0                SysTick_Handler
                0x0000000008000ab0                PVD_IRQHandler
                0x0000000008000ab0                SDIO_IRQHandler
                0x0000000008000ab0                PendSV_Handler
                0x0000000008000ab0                NMI_Handler
                0x0000000008000ab0                USB_HP_CAN_TX_IRQHandler
                0x0000000008000ab0                I2C2_EV_IRQHandler
                0x0000000008000ab0                UsageFault_Handler
                0x0000000008000ab0                ADC1_2_IRQHandler
                0x0000000008000ab0                SPI1_IRQHandler
                0x0000000008000ab0                CAN_SCE_IRQHandler
                0x0000000008000ab0                TAMPER_IRQHandler
                0x0000000008000ab0                TIM8_UP_IRQHandler
                0x0000000008000ab0                DMA2_Channel2_IRQHandler
                0x0000000008000ab0                DMA1_Channel4_IRQHandler
                0x0000000008000ab0                RTC_IRQHandler
                0x0000000008000ab0                DMA1_Channel7_IRQHandler
                0x0000000008000ab0                UART5_IRQHandler
                0x0000000008000ab0                ADC3_IRQHandler
                0x0000000008000ab0                TIM4_IRQHandler
                0x0000000008000ab0                CAN_RX1_IRQHandler
                0x0000000008000ab0                DMA2_Channel1_IRQHandler
                0x0000000008000ab0                I2C1_EV_IRQHandler
                0x0000000008000ab0                DMA1_Channel6_IRQHandler
                0x0000000008000ab0                UART4_IRQHandler
                0x0000000008000ab0                TIM3_IRQHandler
                0x0000000008000ab0                RCC_IRQHandler
                0x0000000008000ab0                TIM1_TRG_COM_IRQHandler
                0x0000000008000ab0                DMA1_Channel1_IRQHandler
                0x0000000008000ab0                Default_Handler
                0x0000000008000ab0                TIM7_IRQHandler
                0x0000000008000ab0                TIM5_IRQHandler
                0x0000000008000ab0                SPI2_IRQHandler
                0x0000000008000ab0                USB_LP_CAN_RX0_IRQHandler
                0x0000000008000ab0                MemManage_Handler
                0x0000000008000ab0                SVC_Handler
                0x0000000008000ab0                DMA1_Channel5_IRQHandler
                0x0000000008000ab0                DMA1_Channel3_IRQHandler
                0x0000000008000ab0                FSMC_IRQHandler
                0x0000000008000ab0                TIM1_UP_IRQHandler
                0x0000000008000ab0                WWDG_IRQHandler
                0x0000000008000ab0                TIM2_IRQHandler
                0x0000000008000ab0                TIM1_BRK_IRQHandler
                0x0000000008000ab0                RTCAlarm_IRQHandler
                0x0000000008000ab0                DMA2_Channel4_5_IRQHandler
                0x0000000008000ab0                I2C2_ER_IRQHandler
                0x0000000008000ab0                DMA1_Channel2_IRQHandler
                0x0000000008000ab0                TIM8_BRK_IRQHandler
                0x0000000008000ab0                FLASH_IRQHandler
                0x0000000008000ab0                BusFault_Handler
                0x0000000008000ab0                SPI3_IRQHandler
                0x0000000008000ab0                I2C1_ER_IRQHandler
                0x0000000008000ab0                DMA2_Channel3_IRQHandler
 *fill*         0x0000000008000ab2        0x2 
 .text.__libc_init_array
                0x0000000008000ab4       0x48 c:/st/stm32cubeide_1.4.0/stm32cubeide/plugins/com.st.stm32cube.ide.mcu.externaltools.gnu-tools-for-stm32.7-2018-q2-update.win32_1.4.0.202007081208/tools/bin/../lib/gcc/arm-none-eabi/7.3.1/../../../../arm-none-eabi/lib/thumb/v7-m\libc_nano.a(lib_a-init.o)
                0x0000000008000ab4                __libc_init_array
 *(.glue_7)
 .glue_7        0x0000000008000afc        0x0 linker stubs
 *(.glue_7t)
 .glue_7t       0x0000000008000afc        0x0 linker stubs
 *(.eh_frame)
 .eh_frame      0x0000000008000afc        0x0 c:/st/stm32cubeide_1.4.0/stm32cubeide/plugins/com.st.stm32cube.ide.mcu.externaltools.gnu-tools-for-stm32.7-2018-q2-update.win32_1.4.0.202007081208/tools/bin/../lib/gcc/arm-none-eabi/7.3.1/thumb/v7-m/crtbegin.o
 *(.init)
 .init          0x0000000008000afc        0x4 c:/st/stm32cubeide_1.4.0/stm32cubeide/plugins/com.st.stm32cube.ide.mcu.externaltools.gnu-tools-for-stm32.7-2018-q2-update.win32_1.4.0.202007081208/tools/bin/../lib/gcc/arm-none-eabi/7.3.1/thumb/v7-m/crti.o
                0x0000000008000afc                _init
 .init          0x0000000008000b00        0x8 c:/st/stm32cubeide_1.4.0/stm32cubeide/plugins/com.st.stm32cube.ide.mcu.externaltools.gnu-tools-for-stm32.7-2018-q2-update.win32_1.4.0.202007081208/tools/bin/../lib/gcc/arm-none-eabi/7.3.1/thumb/v7-m/crtn.o
 *(.fini)
 .fini          0x0000000008000b08        0x4 c:/st/stm32cubeide_1.4.0/stm32cubeide/plugins/com.st.stm32cube.ide.mcu.externaltools.gnu-tools-for-stm32.7-2018-q2-update.win32_1.4.0.202007081208/tools/bin/../lib/gcc/arm-none-eabi/7.3.1/thumb/v7-m/crti.o
                0x0000000008000b08                _fini
 .fini          0x0000000008000b0c        0x8 c:/st/stm32cubeide_1.4.0/stm32cubeide/plugins/com.st.stm32cube.ide.mcu.externaltools.gnu-tools-for-stm32.7-2018-q2-update.win32_1.4.0.202007081208/tools/bin/../lib/gcc/arm-none-eabi/7.3.1/thumb/v7-m/crtn.o
                0x0000000008000b14                . = ALIGN (0x4)
                0x0000000008000b14                _etext = .

.vfp11_veneer   0x0000000008000b14        0x0
 .vfp11_veneer  0x0000000008000b14        0x0 linker stubs

.v4_bx          0x0000000008000b14        0x0
 .v4_bx         0x0000000008000b14        0x0 linker stubs

.iplt           0x0000000008000b14        0x0
 .iplt          0x0000000008000b14        0x0 c:/st/stm32cubeide_1.4.0/stm32cubeide/plugins/com.st.stm32cube.ide.mcu.externaltools.gnu-tools-for-stm32.7-2018-q2-update.win32_1.4.0.202007081208/tools/bin/../lib/gcc/arm-none-eabi/7.3.1/thumb/v7-m/crtbegin.o

.rodata         0x0000000008000b14       0x28
                0x0000000008000b14                . = ALIGN (0x4)
 *(.rodata)
 *(.rodata*)
 .rodata.APbrescTable
                0x0000000008000b14        0x8 STM32F103C6_DRIVERS/RCC/RCC.o
                0x0000000008000b14                APbrescTable
 .rodata.AHBrescTable
                0x0000000008000b1c       0x20 STM32F103C6_DRIVERS/RCC/RCC.o
                0x0000000008000b1c                AHBrescTable
                0x0000000008000b3c                . = ALIGN (0x4)

.rel.dyn        0x0000000008000b3c        0x0
 .rel.iplt      0x0000000008000b3c        0x0 c:/st/stm32cubeide_1.4.0/stm32cubeide/plugins/com.st.stm32cube.ide.mcu.externaltools.gnu-tools-for-stm32.7-2018-q2-update.win32_1.4.0.202007081208/tools/bin/../lib/gcc/arm-none-eabi/7.3.1/thumb/v7-m/crtbegin.o

.ARM.extab      0x0000000008000b3c        0x0
                0x0000000008000b3c                . = ALIGN (0x4)
 *(.ARM.extab* .gnu.linkonce.armextab.*)
                0x0000000008000b3c                . = ALIGN (0x4)

.ARM            0x0000000008000b3c        0x0
                0x0000000008000b3c                . = ALIGN (0x4)
                0x0000000008000b3c                __exidx_start = .
 *(.ARM.exidx*)
                0x0000000008000b3c                __exidx_end = .
                0x0000000008000b3c                . = ALIGN (0x4)

.preinit_array  0x0000000008000b3c        0x0
                0x0000000008000b3c                . = ALIGN (0x4)
                0x0000000008000b3c                PROVIDE (__preinit_array_start = .)
 *(.preinit_array*)
                0x0000000008000b3c                PROVIDE (__preinit_array_end = .)
                0x0000000008000b3c                . = ALIGN (0x4)

.init_array     0x0000000008000b3c        0x4
                0x0000000008000b3c                . = ALIGN (0x4)
                0x0000000008000b3c                PROVIDE (__init_array_start = .)
 *(SORT_BY_NAME(.init_array.*))
 *(.init_array*)
 .init_array    0x0000000008000b3c        0x4 c:/st/stm32cubeide_1.4.0/stm32cubeide/plugins/com.st.stm32cube.ide.mcu.externaltools.gnu-tools-for-stm32.7-2018-q2-update.win32_1.4.0.202007081208/tools/bin/../lib/gcc/arm-none-eabi/7.3.1/thumb/v7-m/crtbegin.o
                0x0000000008000b40                PROVIDE (__init_array_end = .)
                0x0000000008000b40                . = ALIGN (0x4)

.fini_array     0x0000000008000b40        0x4
                0x0000000008000b40                . = ALIGN (0x4)
                [!provide]                        PROVIDE (__fini_array_start = .)
 *(SORT_BY_NAME(.fini_array.*))
 *(.fini_array*)
 .fini_array    0x0000000008000b40        0x4 c:/st/stm32cubeide_1.4.0/stm32cubeide/plugins/com.st.stm32cube.ide.mcu.externaltools.gnu-tools-for-stm32.7-2018-q2-update.win32_1.4.0.202007081208/tools/bin/../lib/gcc/arm-none-eabi/7.3.1/thumb/v7-m/crtbegin.o
                [!provide]                        PROVIDE (__fini_array_end = .)
                0x0000000008000b44                . = ALIGN (0x4)
                0x0000000008000b44                _sidata = LOADADDR (.data)

.data           0x0000000020000000        0x0 load address 0x0000000008000b44
                0x0000000020000000                . = ALIGN (0x4)
                0x0000000020000000                _sdata = .
 *(.data)
 *(.data*)
                0x0000000020000000                . = ALIGN (0x4)
                0x0000000020000000                _edata = .

.igot.plt       0x0000000020000000        0x0 load address 0x0000000008000b44
 .igot.plt      0x0000000020000000        0x0 c:/st/stm32cubeide_1.4.0/stm32cubeide/plugins/com.st.stm32cube.ide.mcu.externaltools.gnu-tools-for-stm32.7-2018-q2-update.win32_1.4.0.202007081208/tools/bin/../lib/gcc/arm-none-eabi/7.3.1/thumb/v7-m/crtbegin.o
                0x0000000020000000                . = ALIGN (0x4)

.bss            0x0000000020000000       0x64 load address 0x0000000008000b44
                0x0000000020000000                _sbss = .
                0x0000000020000000                __bss_start__ = _sbss
 *(.bss)
 .bss           0x0000000020000000       0x1c c:/st/stm32cubeide_1.4.0/stm32cubeide/plugins/com.st.stm32cube.ide.mcu.externaltools.gnu-tools-for-stm32.7-2018-q2-update.win32_1.4.0.202007081208/tools/bin/../lib/gcc/arm-none-eabi/7.3.1/thumb/v7-m/crtbegin.o
 *(.bss*)
 .bss.GP_UART_config
                0x000000002000001c        0x4 STM32F103C6_DRIVERS/USART/uart.o
                0x000000002000001c                GP_UART_config
 *(COMMON)
 COMMON         0x0000000020000020       0x40 STM32F103C6_DRIVERS/EXTI/stm32_F103C6_EXTI_driver.o
                0x0000000020000020                GPTF_IRQ_Callback
 COMMON         0x0000000020000060        0x1 Src/main.o
                0x0000000020000060                ch
                0x0000000020000064                . = ALIGN (0x4)
 *fill*         0x0000000020000061        0x3 
                0x0000000020000064                _ebss = .
                0x0000000020000064                __bss_end__ = _ebss

._user_heap_stack
                0x0000000020000064      0x604 load address 0x0000000008000b44
                0x0000000020000068                . = ALIGN (0x8)
 *fill*         0x0000000020000064        0x4 
                [!provide]                        PROVIDE (end = .)
                0x0000000020000068                PROVIDE (_end = .)
                0x0000000020000268                . = (. + _Min_Heap_Size)
 *fill*         0x0000000020000068      0x200 
                0x0000000020000668                . = (. + _Min_Stack_Size)
 *fill*         0x0000000020000268      0x400 
                0x0000000020000668                . = ALIGN (0x8)

/DISCARD/
 libc.a(*)
 libm.a(*)
 libgcc.a(*)

.ARM.attributes
                0x0000000000000000       0x29
 *(.ARM.attributes)
 .ARM.attributes
                0x0000000000000000       0x1d c:/st/stm32cubeide_1.4.0/stm32cubeide/plugins/com.st.stm32cube.ide.mcu.externaltools.gnu-tools-for-stm32.7-2018-q2-update.win32_1.4.0.202007081208/tools/bin/../lib/gcc/arm-none-eabi/7.3.1/thumb/v7-m/crti.o
 .ARM.attributes
                0x000000000000001d       0x2d c:/st/stm32cubeide_1.4.0/stm32cubeide/plugins/com.st.stm32cube.ide.mcu.externaltools.gnu-tools-for-stm32.7-2018-q2-update.win32_1.4.0.202007081208/tools/bin/../lib/gcc/arm-none-eabi/7.3.1/thumb/v7-m/crtbegin.o
 .ARM.attributes
                0x000000000000004a       0x33 STM32F103C6_DRIVERS/EXTI/stm32_F103C6_EXTI_driver.o
 .ARM.attributes
                0x000000000000007d       0x33 STM32F103C6_DRIVERS/GPIO/stm32_F103C6_gpio_driver.o
 .ARM.attributes
                0x00000000000000b0       0x33 STM32F103C6_DRIVERS/RCC/RCC.o
 .ARM.attributes
                0x00000000000000e3       0x33 STM32F103C6_DRIVERS/USART/uart.o
 .ARM.attributes
                0x0000000000000116       0x33 Src/main.o
 .ARM.attributes
                0x0000000000000149       0x21 Startup/startup_stm32f103c6tx.o
 .ARM.attributes
                0x000000000000016a       0x2d c:/st/stm32cubeide_1.4.0/stm32cubeide/plugins/com.st.stm32cube.ide.mcu.externaltools.gnu-tools-for-stm32.7-2018-q2-update.win32_1.4.0.202007081208/tools/bin/../lib/gcc/arm-none-eabi/7.3.1/../../../../arm-none-eabi/lib/thumb/v7-m\libc_nano.a(lib_a-init.o)
 .ARM.attributes
                0x0000000000000197       0x1d c:/st/stm32cubeide_1.4.0/stm32cubeide/plugins/com.st.stm32cube.ide.mcu.externaltools.gnu-tools-for-stm32.7-2018-q2-update.win32_1.4.0.202007081208/tools/bin/../lib/gcc/arm-none-eabi/7.3.1/thumb/v7-m/crtn.o
OUTPUT(Unit8_lesson3_USART_Driver.elf elf32-littlearm)

.debug_info     0x0000000000000000     0x40a9
 .debug_info    0x0000000000000000      0xdbf STM32F103C6_DRIVERS/EXTI/stm32_F103C6_EXTI_driver.o
 .debug_info    0x0000000000000dbf      0xd80 STM32F103C6_DRIVERS/GPIO/stm32_F103C6_gpio_driver.o
 .debug_info    0x0000000000001b3f      0xb40 STM32F103C6_DRIVERS/RCC/RCC.o
 .debug_info    0x000000000000267f      0xe1e STM32F103C6_DRIVERS/USART/uart.o
 .debug_info    0x000000000000349d      0xbea Src/main.o
 .debug_info    0x0000000000004087       0x22 Startup/startup_stm32f103c6tx.o

.debug_abbrev   0x0000000000000000      0xa3e
 .debug_abbrev  0x0000000000000000      0x251 STM32F103C6_DRIVERS/EXTI/stm32_F103C6_EXTI_driver.o
 .debug_abbrev  0x0000000000000251      0x216 STM32F103C6_DRIVERS/GPIO/stm32_F103C6_gpio_driver.o
 .debug_abbrev  0x0000000000000467      0x19b STM32F103C6_DRIVERS/RCC/RCC.o
 .debug_abbrev  0x0000000000000602      0x24c STM32F103C6_DRIVERS/USART/uart.o
 .debug_abbrev  0x000000000000084e      0x1de Src/main.o
 .debug_abbrev  0x0000000000000a2c       0x12 Startup/startup_stm32f103c6tx.o

.debug_loc      0x0000000000000000      0xa54
 .debug_loc     0x0000000000000000      0x320 STM32F103C6_DRIVERS/EXTI/stm32_F103C6_EXTI_driver.o
 .debug_loc     0x0000000000000320      0x330 STM32F103C6_DRIVERS/GPIO/stm32_F103C6_gpio_driver.o
 .debug_loc     0x0000000000000650       0xc8 STM32F103C6_DRIVERS/RCC/RCC.o
 .debug_loc     0x0000000000000718      0x294 STM32F103C6_DRIVERS/USART/uart.o
 .debug_loc     0x00000000000009ac       0xa8 Src/main.o

.debug_aranges  0x0000000000000000      0x1d0
 .debug_aranges
                0x0000000000000000       0x80 STM32F103C6_DRIVERS/EXTI/stm32_F103C6_EXTI_driver.o
 .debug_aranges
                0x0000000000000080       0x60 STM32F103C6_DRIVERS/GPIO/stm32_F103C6_gpio_driver.o
 .debug_aranges
                0x00000000000000e0       0x38 STM32F103C6_DRIVERS/RCC/RCC.o
 .debug_aranges
                0x0000000000000118       0x60 STM32F103C6_DRIVERS/USART/uart.o
 .debug_aranges
                0x0000000000000178       0x30 Src/main.o
 .debug_aranges
                0x00000000000001a8       0x28 Startup/startup_stm32f103c6tx.o

.debug_ranges   0x0000000000000000      0x178
 .debug_ranges  0x0000000000000000       0x70 STM32F103C6_DRIVERS/EXTI/stm32_F103C6_EXTI_driver.o
 .debug_ranges  0x0000000000000070       0x50 STM32F103C6_DRIVERS/GPIO/stm32_F103C6_gpio_driver.o
 .debug_ranges  0x00000000000000c0       0x28 STM32F103C6_DRIVERS/RCC/RCC.o
 .debug_ranges  0x00000000000000e8       0x50 STM32F103C6_DRIVERS/USART/uart.o
 .debug_ranges  0x0000000000000138       0x20 Src/main.o
 .debug_ranges  0x0000000000000158       0x20 Startup/startup_stm32f103c6tx.o

.debug_macro    0x0000000000000000     0x26e4
 .debug_macro   0x0000000000000000      0x14e STM32F103C6_DRIVERS/EXTI/stm32_F103C6_EXTI_driver.o
 .debug_macro   0x000000000000014e      0xa60 STM32F103C6_DRIVERS/EXTI/stm32_F103C6_EXTI_driver.o
 .debug_macro   0x0000000000000bae       0x18 STM32F103C6_DRIVERS/EXTI/stm32_F103C6_EXTI_driver.o
 .debug_macro   0x0000000000000bc6       0x22 STM32F103C6_DRIVERS/EXTI/stm32_F103C6_EXTI_driver.o
 .debug_macro   0x0000000000000be8       0x40 STM32F103C6_DRIVERS/EXTI/stm32_F103C6_EXTI_driver.o
 .debug_macro   0x0000000000000c28       0x94 STM32F103C6_DRIVERS/EXTI/stm32_F103C6_EXTI_driver.o
 .debug_macro   0x0000000000000cbc       0x3c STM32F103C6_DRIVERS/EXTI/stm32_F103C6_EXTI_driver.o
 .debug_macro   0x0000000000000cf8       0x34 STM32F103C6_DRIVERS/EXTI/stm32_F103C6_EXTI_driver.o
 .debug_macro   0x0000000000000d2c       0x16 STM32F103C6_DRIVERS/EXTI/stm32_F103C6_EXTI_driver.o
 .debug_macro   0x0000000000000d42      0x10e STM32F103C6_DRIVERS/EXTI/stm32_F103C6_EXTI_driver.o
 .debug_macro   0x0000000000000e50       0x8d STM32F103C6_DRIVERS/EXTI/stm32_F103C6_EXTI_driver.o
 .debug_macro   0x0000000000000edd       0x57 STM32F103C6_DRIVERS/EXTI/stm32_F103C6_EXTI_driver.o
 .debug_macro   0x0000000000000f34       0x52 STM32F103C6_DRIVERS/EXTI/stm32_F103C6_EXTI_driver.o
 .debug_macro   0x0000000000000f86       0x1f STM32F103C6_DRIVERS/EXTI/stm32_F103C6_EXTI_driver.o
 .debug_macro   0x0000000000000fa5       0x43 STM32F103C6_DRIVERS/EXTI/stm32_F103C6_EXTI_driver.o
 .debug_macro   0x0000000000000fe8       0x20 STM32F103C6_DRIVERS/EXTI/stm32_F103C6_EXTI_driver.o
 .debug_macro   0x0000000000001008      0x1a3 STM32F103C6_DRIVERS/EXTI/stm32_F103C6_EXTI_driver.o
 .debug_macro   0x00000000000011ab      0x330 STM32F103C6_DRIVERS/EXTI/stm32_F103C6_EXTI_driver.o
 .debug_macro   0x00000000000014db       0x16 STM32F103C6_DRIVERS/EXTI/stm32_F103C6_EXTI_driver.o
 .debug_macro   0x00000000000014f1       0x29 STM32F103C6_DRIVERS/EXTI/stm32_F103C6_EXTI_driver.o
 .debug_macro   0x000000000000151a       0xef STM32F103C6_DRIVERS/EXTI/stm32_F103C6_EXTI_driver.o
 .debug_macro   0x0000000000001609       0x6a STM32F103C6_DRIVERS/EXTI/stm32_F103C6_EXTI_driver.o
 .debug_macro   0x0000000000001673      0x1df STM32F103C6_DRIVERS/EXTI/stm32_F103C6_EXTI_driver.o
 .debug_macro   0x0000000000001852      0x247 STM32F103C6_DRIVERS/EXTI/stm32_F103C6_EXTI_driver.o
 .debug_macro   0x0000000000001a99       0xd6 STM32F103C6_DRIVERS/EXTI/stm32_F103C6_EXTI_driver.o
 .debug_macro   0x0000000000001b6f      0x228 STM32F103C6_DRIVERS/EXTI/stm32_F103C6_EXTI_driver.o
 .debug_macro   0x0000000000001d97      0x13f STM32F103C6_DRIVERS/GPIO/stm32_F103C6_gpio_driver.o
 .debug_macro   0x0000000000001ed6       0xd0 STM32F103C6_DRIVERS/GPIO/stm32_F103C6_gpio_driver.o
 .debug_macro   0x0000000000001fa6      0x148 STM32F103C6_DRIVERS/RCC/RCC.o
 .debug_macro   0x00000000000020ee       0x10 STM32F103C6_DRIVERS/RCC/RCC.o
 .debug_macro   0x00000000000020fe      0x15a STM32F103C6_DRIVERS/USART/uart.o
 .debug_macro   0x0000000000002258      0x22e STM32F103C6_DRIVERS/USART/uart.o
 .debug_macro   0x0000000000002486       0x16 STM32F103C6_DRIVERS/USART/uart.o
 .debug_macro   0x000000000000249c       0xe8 STM32F103C6_DRIVERS/USART/uart.o
 .debug_macro   0x0000000000002584      0x160 Src/main.o

.debug_line     0x0000000000000000     0x2503
 .debug_line    0x0000000000000000      0x7f1 STM32F103C6_DRIVERS/EXTI/stm32_F103C6_EXTI_driver.o
 .debug_line    0x00000000000007f1      0x722 STM32F103C6_DRIVERS/GPIO/stm32_F103C6_gpio_driver.o
 .debug_line    0x0000000000000f13      0x624 STM32F103C6_DRIVERS/RCC/RCC.o
 .debug_line    0x0000000000001537      0x7f2 STM32F103C6_DRIVERS/USART/uart.o
 .debug_line    0x0000000000001d29      0x756 Src/main.o
 .debug_line    0x000000000000247f       0x84 Startup/startup_stm32f103c6tx.o

.debug_str      0x0000000000000000     0x9dcd
 .debug_str     0x0000000000000000     0x92e3 STM32F103C6_DRIVERS/EXTI/stm32_F103C6_EXTI_driver.o
                                       0x9555 (size before relaxing)
 .debug_str     0x00000000000092e3      0x180 STM32F103C6_DRIVERS/GPIO/stm32_F103C6_gpio_driver.o
                                       0x817c (size before relaxing)
 .debug_str     0x0000000000009463       0xde STM32F103C6_DRIVERS/RCC/RCC.o
                                       0x80c4 (size before relaxing)
 .debug_str     0x0000000000009541      0x827 STM32F103C6_DRIVERS/USART/uart.o
                                       0x9b60 (size before relaxing)
 .debug_str     0x0000000000009d68       0x34 Src/main.o
                                       0x9a05 (size before relaxing)
 .debug_str     0x0000000000009d9c       0x31 Startup/startup_stm32f103c6tx.o
                                         0x80 (size before relaxing)

.comment        0x0000000000000000       0x7b
 .comment       0x0000000000000000       0x7b STM32F103C6_DRIVERS/EXTI/stm32_F103C6_EXTI_driver.o
                                         0x7c (size before relaxing)
 .comment       0x000000000000007b       0x7c STM32F103C6_DRIVERS/GPIO/stm32_F103C6_gpio_driver.o
 .comment       0x000000000000007b       0x7c STM32F103C6_DRIVERS/RCC/RCC.o
 .comment       0x000000000000007b       0x7c STM32F103C6_DRIVERS/USART/uart.o
 .comment       0x000000000000007b       0x7c Src/main.o

.debug_frame    0x0000000000000000      0x590
 .debug_frame   0x0000000000000000      0x1b0 STM32F103C6_DRIVERS/EXTI/stm32_F103C6_EXTI_driver.o
 .debug_frame   0x00000000000001b0      0x178 STM32F103C6_DRIVERS/GPIO/stm32_F103C6_gpio_driver.o
 .debug_frame   0x0000000000000328       0x84 STM32F103C6_DRIVERS/RCC/RCC.o
 .debug_frame   0x00000000000003ac      0x14c STM32F103C6_DRIVERS/USART/uart.o
 .debug_frame   0x00000000000004f8       0x6c Src/main.o
 .debug_frame   0x0000000000000564       0x2c c:/st/stm32cubeide_1.4.0/stm32cubeide/plugins/com.st.stm32cube.ide.mcu.externaltools.gnu-tools-for-stm32.7-2018-q2-update.win32_1.4.0.202007081208/tools/bin/../lib/gcc/arm-none-eabi/7.3.1/../../../../arm-none-eabi/lib/thumb/v7-m\libc_nano.a(lib_a-init.o)
