Archive member included to satisfy reference by file (symbol)

c:/st/stm32cubeide_1.4.0/stm32cubeide/plugins/com.st.stm32cube.ide.mcu.externaltools.gnu-tools-for-stm32.7-2018-q2-update.win32_1.4.0.202007081208/tools/bin/../lib/gcc/arm-none-eabi/7.3.1/../../../../arm-none-eabi/lib/thumb/v7-m\libc_nano.a(lib_a-errno.o)
                              Src/syscalls.o (__errno)
c:/st/stm32cubeide_1.4.0/stm32cubeide/plugins/com.st.stm32cube.ide.mcu.externaltools.gnu-tools-for-stm32.7-2018-q2-update.win32_1.4.0.202007081208/tools/bin/../lib/gcc/arm-none-eabi/7.3.1/../../../../arm-none-eabi/lib/thumb/v7-m\libc_nano.a(lib_a-exit.o)
                              c:/st/stm32cubeide_1.4.0/stm32cubeide/plugins/com.st.stm32cube.ide.mcu.externaltools.gnu-tools-for-stm32.7-2018-q2-update.win32_1.4.0.202007081208/tools/bin/../lib/gcc/arm-none-eabi/7.3.1/../../../../arm-none-eabi/lib/thumb/v7-m/crt0.o (exit)
c:/st/stm32cubeide_1.4.0/stm32cubeide/plugins/com.st.stm32cube.ide.mcu.externaltools.gnu-tools-for-stm32.7-2018-q2-update.win32_1.4.0.202007081208/tools/bin/../lib/gcc/arm-none-eabi/7.3.1/../../../../arm-none-eabi/lib/thumb/v7-m\libc_nano.a(lib_a-impure.o)
                              c:/st/stm32cubeide_1.4.0/stm32cubeide/plugins/com.st.stm32cube.ide.mcu.externaltools.gnu-tools-for-stm32.7-2018-q2-update.win32_1.4.0.202007081208/tools/bin/../lib/gcc/arm-none-eabi/7.3.1/../../../../arm-none-eabi/lib/thumb/v7-m\libc_nano.a(lib_a-exit.o) (_global_impure_ptr)
c:/st/stm32cubeide_1.4.0/stm32cubeide/plugins/com.st.stm32cube.ide.mcu.externaltools.gnu-tools-for-stm32.7-2018-q2-update.win32_1.4.0.202007081208/tools/bin/../lib/gcc/arm-none-eabi/7.3.1/../../../../arm-none-eabi/lib/thumb/v7-m\libc_nano.a(lib_a-init.o)
                              c:/st/stm32cubeide_1.4.0/stm32cubeide/plugins/com.st.stm32cube.ide.mcu.externaltools.gnu-tools-for-stm32.7-2018-q2-update.win32_1.4.0.202007081208/tools/bin/../lib/gcc/arm-none-eabi/7.3.1/../../../../arm-none-eabi/lib/thumb/v7-m/crt0.o (__libc_init_array)
c:/st/stm32cubeide_1.4.0/stm32cubeide/plugins/com.st.stm32cube.ide.mcu.externaltools.gnu-tools-for-stm32.7-2018-q2-update.win32_1.4.0.202007081208/tools/bin/../lib/gcc/arm-none-eabi/7.3.1/../../../../arm-none-eabi/lib/thumb/v7-m\libc_nano.a(lib_a-memset.o)
                              c:/st/stm32cubeide_1.4.0/stm32cubeide/plugins/com.st.stm32cube.ide.mcu.externaltools.gnu-tools-for-stm32.7-2018-q2-update.win32_1.4.0.202007081208/tools/bin/../lib/gcc/arm-none-eabi/7.3.1/../../../../arm-none-eabi/lib/thumb/v7-m/crt0.o (memset)

Allocating common symbols
Common symbol       size              file

segment_config      0x4               STMF103C6_DRIVERS/Seven_Segment/segment.o
keypad              0x4               STMF103C6_DRIVERS/KEYPAD_DRIVER/KEYPAD.o
pinCfg              0x4               STMF103C6_DRIVERS/LCD_DRIVER/LCD.o

Discarded input sections

 .text          0x0000000000000000        0x0 c:/st/stm32cubeide_1.4.0/stm32cubeide/plugins/com.st.stm32cube.ide.mcu.externaltools.gnu-tools-for-stm32.7-2018-q2-update.win32_1.4.0.202007081208/tools/bin/../lib/gcc/arm-none-eabi/7.3.1/thumb/v7-m/crti.o
 .data          0x0000000000000000        0x0 c:/st/stm32cubeide_1.4.0/stm32cubeide/plugins/com.st.stm32cube.ide.mcu.externaltools.gnu-tools-for-stm32.7-2018-q2-update.win32_1.4.0.202007081208/tools/bin/../lib/gcc/arm-none-eabi/7.3.1/thumb/v7-m/crti.o
 .bss           0x0000000000000000        0x0 c:/st/stm32cubeide_1.4.0/stm32cubeide/plugins/com.st.stm32cube.ide.mcu.externaltools.gnu-tools-for-stm32.7-2018-q2-update.win32_1.4.0.202007081208/tools/bin/../lib/gcc/arm-none-eabi/7.3.1/thumb/v7-m/crti.o
 .data          0x0000000000000000        0x4 c:/st/stm32cubeide_1.4.0/stm32cubeide/plugins/com.st.stm32cube.ide.mcu.externaltools.gnu-tools-for-stm32.7-2018-q2-update.win32_1.4.0.202007081208/tools/bin/../lib/gcc/arm-none-eabi/7.3.1/thumb/v7-m/crtbegin.o
 .text          0x0000000000000000       0x74 c:/st/stm32cubeide_1.4.0/stm32cubeide/plugins/com.st.stm32cube.ide.mcu.externaltools.gnu-tools-for-stm32.7-2018-q2-update.win32_1.4.0.202007081208/tools/bin/../lib/gcc/arm-none-eabi/7.3.1/../../../../arm-none-eabi/lib/thumb/v7-m/crt0.o
 .data          0x0000000000000000        0x0 c:/st/stm32cubeide_1.4.0/stm32cubeide/plugins/com.st.stm32cube.ide.mcu.externaltools.gnu-tools-for-stm32.7-2018-q2-update.win32_1.4.0.202007081208/tools/bin/../lib/gcc/arm-none-eabi/7.3.1/../../../../arm-none-eabi/lib/thumb/v7-m/crt0.o
 .bss           0x0000000000000000        0x0 c:/st/stm32cubeide_1.4.0/stm32cubeide/plugins/com.st.stm32cube.ide.mcu.externaltools.gnu-tools-for-stm32.7-2018-q2-update.win32_1.4.0.202007081208/tools/bin/../lib/gcc/arm-none-eabi/7.3.1/../../../../arm-none-eabi/lib/thumb/v7-m/crt0.o
 .ARM.extab     0x0000000000000000        0x0 c:/st/stm32cubeide_1.4.0/stm32cubeide/plugins/com.st.stm32cube.ide.mcu.externaltools.gnu-tools-for-stm32.7-2018-q2-update.win32_1.4.0.202007081208/tools/bin/../lib/gcc/arm-none-eabi/7.3.1/../../../../arm-none-eabi/lib/thumb/v7-m/crt0.o
 .ARM.exidx     0x0000000000000000        0x8 c:/st/stm32cubeide_1.4.0/stm32cubeide/plugins/com.st.stm32cube.ide.mcu.externaltools.gnu-tools-for-stm32.7-2018-q2-update.win32_1.4.0.202007081208/tools/bin/../lib/gcc/arm-none-eabi/7.3.1/../../../../arm-none-eabi/lib/thumb/v7-m/crt0.o
 .ARM.attributes
                0x0000000000000000       0x1b c:/st/stm32cubeide_1.4.0/stm32cubeide/plugins/com.st.stm32cube.ide.mcu.externaltools.gnu-tools-for-stm32.7-2018-q2-update.win32_1.4.0.202007081208/tools/bin/../lib/gcc/arm-none-eabi/7.3.1/../../../../arm-none-eabi/lib/thumb/v7-m/crt0.o
 .group         0x0000000000000000        0xc STMF103C6_DRIVERS/KEYPAD_DRIVER/KEYPAD.o
 .group         0x0000000000000000        0xc STMF103C6_DRIVERS/KEYPAD_DRIVER/KEYPAD.o
 .group         0x0000000000000000        0xc STMF103C6_DRIVERS/KEYPAD_DRIVER/KEYPAD.o
 .group         0x0000000000000000        0xc STMF103C6_DRIVERS/KEYPAD_DRIVER/KEYPAD.o
 .group         0x0000000000000000        0xc STMF103C6_DRIVERS/KEYPAD_DRIVER/KEYPAD.o
 .group         0x0000000000000000        0xc STMF103C6_DRIVERS/KEYPAD_DRIVER/KEYPAD.o
 .group         0x0000000000000000        0xc STMF103C6_DRIVERS/KEYPAD_DRIVER/KEYPAD.o
 .group         0x0000000000000000        0xc STMF103C6_DRIVERS/KEYPAD_DRIVER/KEYPAD.o
 .group         0x0000000000000000        0xc STMF103C6_DRIVERS/KEYPAD_DRIVER/KEYPAD.o
 .group         0x0000000000000000        0xc STMF103C6_DRIVERS/KEYPAD_DRIVER/KEYPAD.o
 .group         0x0000000000000000        0xc STMF103C6_DRIVERS/KEYPAD_DRIVER/KEYPAD.o
 .group         0x0000000000000000        0xc STMF103C6_DRIVERS/KEYPAD_DRIVER/KEYPAD.o
 .group         0x0000000000000000        0xc STMF103C6_DRIVERS/KEYPAD_DRIVER/KEYPAD.o
 .group         0x0000000000000000        0xc STMF103C6_DRIVERS/KEYPAD_DRIVER/KEYPAD.o
 .group         0x0000000000000000        0xc STMF103C6_DRIVERS/KEYPAD_DRIVER/KEYPAD.o
 .group         0x0000000000000000        0xc STMF103C6_DRIVERS/KEYPAD_DRIVER/KEYPAD.o
 .group         0x0000000000000000        0xc STMF103C6_DRIVERS/KEYPAD_DRIVER/KEYPAD.o
 .group         0x0000000000000000        0xc STMF103C6_DRIVERS/KEYPAD_DRIVER/KEYPAD.o
 .group         0x0000000000000000        0xc STMF103C6_DRIVERS/KEYPAD_DRIVER/KEYPAD.o
 .group         0x0000000000000000        0xc STMF103C6_DRIVERS/KEYPAD_DRIVER/KEYPAD.o
 .group         0x0000000000000000        0xc STMF103C6_DRIVERS/KEYPAD_DRIVER/KEYPAD.o
 .group         0x0000000000000000        0xc STMF103C6_DRIVERS/KEYPAD_DRIVER/KEYPAD.o
 .group         0x0000000000000000        0xc STMF103C6_DRIVERS/KEYPAD_DRIVER/KEYPAD.o
 .group         0x0000000000000000        0xc STMF103C6_DRIVERS/KEYPAD_DRIVER/KEYPAD.o
 .group         0x0000000000000000        0xc STMF103C6_DRIVERS/KEYPAD_DRIVER/KEYPAD.o
 .text          0x0000000000000000        0x0 STMF103C6_DRIVERS/KEYPAD_DRIVER/KEYPAD.o
 .data          0x0000000000000000        0x0 STMF103C6_DRIVERS/KEYPAD_DRIVER/KEYPAD.o
 .bss           0x0000000000000000        0x0 STMF103C6_DRIVERS/KEYPAD_DRIVER/KEYPAD.o
 .group         0x0000000000000000        0xc STMF103C6_DRIVERS/LCD_DRIVER/LCD.o
 .group         0x0000000000000000        0xc STMF103C6_DRIVERS/LCD_DRIVER/LCD.o
 .group         0x0000000000000000        0xc STMF103C6_DRIVERS/LCD_DRIVER/LCD.o
 .group         0x0000000000000000        0xc STMF103C6_DRIVERS/LCD_DRIVER/LCD.o
 .group         0x0000000000000000        0xc STMF103C6_DRIVERS/LCD_DRIVER/LCD.o
 .group         0x0000000000000000        0xc STMF103C6_DRIVERS/LCD_DRIVER/LCD.o
 .group         0x0000000000000000        0xc STMF103C6_DRIVERS/LCD_DRIVER/LCD.o
 .group         0x0000000000000000        0xc STMF103C6_DRIVERS/LCD_DRIVER/LCD.o
 .group         0x0000000000000000        0xc STMF103C6_DRIVERS/LCD_DRIVER/LCD.o
 .group         0x0000000000000000        0xc STMF103C6_DRIVERS/LCD_DRIVER/LCD.o
 .group         0x0000000000000000        0xc STMF103C6_DRIVERS/LCD_DRIVER/LCD.o
 .group         0x0000000000000000        0xc STMF103C6_DRIVERS/LCD_DRIVER/LCD.o
 .group         0x0000000000000000        0xc STMF103C6_DRIVERS/LCD_DRIVER/LCD.o
 .group         0x0000000000000000        0xc STMF103C6_DRIVERS/LCD_DRIVER/LCD.o
 .group         0x0000000000000000        0xc STMF103C6_DRIVERS/LCD_DRIVER/LCD.o
 .group         0x0000000000000000        0xc STMF103C6_DRIVERS/LCD_DRIVER/LCD.o
 .group         0x0000000000000000        0xc STMF103C6_DRIVERS/LCD_DRIVER/LCD.o
 .group         0x0000000000000000        0xc STMF103C6_DRIVERS/LCD_DRIVER/LCD.o
 .group         0x0000000000000000        0xc STMF103C6_DRIVERS/LCD_DRIVER/LCD.o
 .group         0x0000000000000000        0xc STMF103C6_DRIVERS/LCD_DRIVER/LCD.o
 .group         0x0000000000000000        0xc STMF103C6_DRIVERS/LCD_DRIVER/LCD.o
 .group         0x0000000000000000        0xc STMF103C6_DRIVERS/LCD_DRIVER/LCD.o
 .group         0x0000000000000000        0xc STMF103C6_DRIVERS/LCD_DRIVER/LCD.o
 .group         0x0000000000000000        0xc STMF103C6_DRIVERS/LCD_DRIVER/LCD.o
 .group         0x0000000000000000        0xc STMF103C6_DRIVERS/LCD_DRIVER/LCD.o
 .text          0x0000000000000000        0x0 STMF103C6_DRIVERS/LCD_DRIVER/LCD.o
 .data          0x0000000000000000        0x0 STMF103C6_DRIVERS/LCD_DRIVER/LCD.o
 .bss           0x0000000000000000        0x0 STMF103C6_DRIVERS/LCD_DRIVER/LCD.o
 .text.LCD_command_4bit
                0x0000000000000000       0x14 STMF103C6_DRIVERS/LCD_DRIVER/LCD.o
 .debug_macro   0x0000000000000000      0xa60 STMF103C6_DRIVERS/LCD_DRIVER/LCD.o
 .debug_macro   0x0000000000000000       0x18 STMF103C6_DRIVERS/LCD_DRIVER/LCD.o
 .debug_macro   0x0000000000000000       0x22 STMF103C6_DRIVERS/LCD_DRIVER/LCD.o
 .debug_macro   0x0000000000000000       0x40 STMF103C6_DRIVERS/LCD_DRIVER/LCD.o
 .debug_macro   0x0000000000000000       0x94 STMF103C6_DRIVERS/LCD_DRIVER/LCD.o
 .debug_macro   0x0000000000000000       0x3c STMF103C6_DRIVERS/LCD_DRIVER/LCD.o
 .debug_macro   0x0000000000000000       0x34 STMF103C6_DRIVERS/LCD_DRIVER/LCD.o
 .debug_macro   0x0000000000000000       0x16 STMF103C6_DRIVERS/LCD_DRIVER/LCD.o
 .debug_macro   0x0000000000000000      0x10e STMF103C6_DRIVERS/LCD_DRIVER/LCD.o
 .debug_macro   0x0000000000000000       0x8d STMF103C6_DRIVERS/LCD_DRIVER/LCD.o
 .debug_macro   0x0000000000000000       0x57 STMF103C6_DRIVERS/LCD_DRIVER/LCD.o
 .debug_macro   0x0000000000000000       0x52 STMF103C6_DRIVERS/LCD_DRIVER/LCD.o
 .debug_macro   0x0000000000000000       0x1f STMF103C6_DRIVERS/LCD_DRIVER/LCD.o
 .debug_macro   0x0000000000000000       0x43 STMF103C6_DRIVERS/LCD_DRIVER/LCD.o
 .debug_macro   0x0000000000000000       0x20 STMF103C6_DRIVERS/LCD_DRIVER/LCD.o
 .debug_macro   0x0000000000000000      0x1a3 STMF103C6_DRIVERS/LCD_DRIVER/LCD.o
 .debug_macro   0x0000000000000000      0x330 STMF103C6_DRIVERS/LCD_DRIVER/LCD.o
 .debug_macro   0x0000000000000000       0x16 STMF103C6_DRIVERS/LCD_DRIVER/LCD.o
 .debug_macro   0x0000000000000000       0x29 STMF103C6_DRIVERS/LCD_DRIVER/LCD.o
 .debug_macro   0x0000000000000000       0xef STMF103C6_DRIVERS/LCD_DRIVER/LCD.o
 .debug_macro   0x0000000000000000       0x6a STMF103C6_DRIVERS/LCD_DRIVER/LCD.o
 .debug_macro   0x0000000000000000      0x1df STMF103C6_DRIVERS/LCD_DRIVER/LCD.o
 .debug_macro   0x0000000000000000       0xc1 STMF103C6_DRIVERS/LCD_DRIVER/LCD.o
 .debug_macro   0x0000000000000000       0xd0 STMF103C6_DRIVERS/LCD_DRIVER/LCD.o
 .group         0x0000000000000000        0xc STMF103C6_DRIVERS/Seven_Segment/segment.o
 .group         0x0000000000000000        0xc STMF103C6_DRIVERS/Seven_Segment/segment.o
 .group         0x0000000000000000        0xc STMF103C6_DRIVERS/Seven_Segment/segment.o
 .group         0x0000000000000000        0xc STMF103C6_DRIVERS/Seven_Segment/segment.o
 .group         0x0000000000000000        0xc STMF103C6_DRIVERS/Seven_Segment/segment.o
 .group         0x0000000000000000        0xc STMF103C6_DRIVERS/Seven_Segment/segment.o
 .group         0x0000000000000000        0xc STMF103C6_DRIVERS/Seven_Segment/segment.o
 .group         0x0000000000000000        0xc STMF103C6_DRIVERS/Seven_Segment/segment.o
 .group         0x0000000000000000        0xc STMF103C6_DRIVERS/Seven_Segment/segment.o
 .group         0x0000000000000000        0xc STMF103C6_DRIVERS/Seven_Segment/segment.o
 .group         0x0000000000000000        0xc STMF103C6_DRIVERS/Seven_Segment/segment.o
 .group         0x0000000000000000        0xc STMF103C6_DRIVERS/Seven_Segment/segment.o
 .group         0x0000000000000000        0xc STMF103C6_DRIVERS/Seven_Segment/segment.o
 .group         0x0000000000000000        0xc STMF103C6_DRIVERS/Seven_Segment/segment.o
 .group         0x0000000000000000        0xc STMF103C6_DRIVERS/Seven_Segment/segment.o
 .group         0x0000000000000000        0xc STMF103C6_DRIVERS/Seven_Segment/segment.o
 .group         0x0000000000000000        0xc STMF103C6_DRIVERS/Seven_Segment/segment.o
 .group         0x0000000000000000        0xc STMF103C6_DRIVERS/Seven_Segment/segment.o
 .group         0x0000000000000000        0xc STMF103C6_DRIVERS/Seven_Segment/segment.o
 .group         0x0000000000000000        0xc STMF103C6_DRIVERS/Seven_Segment/segment.o
 .group         0x0000000000000000        0xc STMF103C6_DRIVERS/Seven_Segment/segment.o
 .group         0x0000000000000000        0xc STMF103C6_DRIVERS/Seven_Segment/segment.o
 .group         0x0000000000000000        0xc STMF103C6_DRIVERS/Seven_Segment/segment.o
 .group         0x0000000000000000        0xc STMF103C6_DRIVERS/Seven_Segment/segment.o
 .group         0x0000000000000000        0xc STMF103C6_DRIVERS/Seven_Segment/segment.o
 .text          0x0000000000000000        0x0 STMF103C6_DRIVERS/Seven_Segment/segment.o
 .data          0x0000000000000000        0x0 STMF103C6_DRIVERS/Seven_Segment/segment.o
 .bss           0x0000000000000000        0x0 STMF103C6_DRIVERS/Seven_Segment/segment.o
 .debug_macro   0x0000000000000000      0xa60 STMF103C6_DRIVERS/Seven_Segment/segment.o
 .debug_macro   0x0000000000000000       0x18 STMF103C6_DRIVERS/Seven_Segment/segment.o
 .debug_macro   0x0000000000000000       0x22 STMF103C6_DRIVERS/Seven_Segment/segment.o
 .debug_macro   0x0000000000000000       0x40 STMF103C6_DRIVERS/Seven_Segment/segment.o
 .debug_macro   0x0000000000000000       0x94 STMF103C6_DRIVERS/Seven_Segment/segment.o
 .debug_macro   0x0000000000000000       0x3c STMF103C6_DRIVERS/Seven_Segment/segment.o
 .debug_macro   0x0000000000000000       0x34 STMF103C6_DRIVERS/Seven_Segment/segment.o
 .debug_macro   0x0000000000000000       0x16 STMF103C6_DRIVERS/Seven_Segment/segment.o
 .debug_macro   0x0000000000000000      0x10e STMF103C6_DRIVERS/Seven_Segment/segment.o
 .debug_macro   0x0000000000000000       0x8d STMF103C6_DRIVERS/Seven_Segment/segment.o
 .debug_macro   0x0000000000000000       0x57 STMF103C6_DRIVERS/Seven_Segment/segment.o
 .debug_macro   0x0000000000000000       0x52 STMF103C6_DRIVERS/Seven_Segment/segment.o
 .debug_macro   0x0000000000000000       0x1f STMF103C6_DRIVERS/Seven_Segment/segment.o
 .debug_macro   0x0000000000000000       0x43 STMF103C6_DRIVERS/Seven_Segment/segment.o
 .debug_macro   0x0000000000000000       0x20 STMF103C6_DRIVERS/Seven_Segment/segment.o
 .debug_macro   0x0000000000000000      0x1a3 STMF103C6_DRIVERS/Seven_Segment/segment.o
 .debug_macro   0x0000000000000000      0x330 STMF103C6_DRIVERS/Seven_Segment/segment.o
 .debug_macro   0x0000000000000000       0x16 STMF103C6_DRIVERS/Seven_Segment/segment.o
 .debug_macro   0x0000000000000000       0x29 STMF103C6_DRIVERS/Seven_Segment/segment.o
 .debug_macro   0x0000000000000000       0xef STMF103C6_DRIVERS/Seven_Segment/segment.o
 .debug_macro   0x0000000000000000       0x6a STMF103C6_DRIVERS/Seven_Segment/segment.o
 .debug_macro   0x0000000000000000      0x1df STMF103C6_DRIVERS/Seven_Segment/segment.o
 .debug_macro   0x0000000000000000       0xc1 STMF103C6_DRIVERS/Seven_Segment/segment.o
 .debug_macro   0x0000000000000000       0xd0 STMF103C6_DRIVERS/Seven_Segment/segment.o
 .group         0x0000000000000000        0xc STMF103C6_DRIVERS/stm32_F103C6_gpio_driver.o
 .group         0x0000000000000000        0xc STMF103C6_DRIVERS/stm32_F103C6_gpio_driver.o
 .group         0x0000000000000000        0xc STMF103C6_DRIVERS/stm32_F103C6_gpio_driver.o
 .group         0x0000000000000000        0xc STMF103C6_DRIVERS/stm32_F103C6_gpio_driver.o
 .group         0x0000000000000000        0xc STMF103C6_DRIVERS/stm32_F103C6_gpio_driver.o
 .group         0x0000000000000000        0xc STMF103C6_DRIVERS/stm32_F103C6_gpio_driver.o
 .group         0x0000000000000000        0xc STMF103C6_DRIVERS/stm32_F103C6_gpio_driver.o
 .group         0x0000000000000000        0xc STMF103C6_DRIVERS/stm32_F103C6_gpio_driver.o
 .group         0x0000000000000000        0xc STMF103C6_DRIVERS/stm32_F103C6_gpio_driver.o
 .group         0x0000000000000000        0xc STMF103C6_DRIVERS/stm32_F103C6_gpio_driver.o
 .group         0x0000000000000000        0xc STMF103C6_DRIVERS/stm32_F103C6_gpio_driver.o
 .group         0x0000000000000000        0xc STMF103C6_DRIVERS/stm32_F103C6_gpio_driver.o
 .group         0x0000000000000000        0xc STMF103C6_DRIVERS/stm32_F103C6_gpio_driver.o
 .group         0x0000000000000000        0xc STMF103C6_DRIVERS/stm32_F103C6_gpio_driver.o
 .group         0x0000000000000000        0xc STMF103C6_DRIVERS/stm32_F103C6_gpio_driver.o
 .group         0x0000000000000000        0xc STMF103C6_DRIVERS/stm32_F103C6_gpio_driver.o
 .group         0x0000000000000000        0xc STMF103C6_DRIVERS/stm32_F103C6_gpio_driver.o
 .group         0x0000000000000000        0xc STMF103C6_DRIVERS/stm32_F103C6_gpio_driver.o
 .group         0x0000000000000000        0xc STMF103C6_DRIVERS/stm32_F103C6_gpio_driver.o
 .group         0x0000000000000000        0xc STMF103C6_DRIVERS/stm32_F103C6_gpio_driver.o
 .group         0x0000000000000000        0xc STMF103C6_DRIVERS/stm32_F103C6_gpio_driver.o
 .group         0x0000000000000000        0xc STMF103C6_DRIVERS/stm32_F103C6_gpio_driver.o
 .group         0x0000000000000000        0xc STMF103C6_DRIVERS/stm32_F103C6_gpio_driver.o
 .group         0x0000000000000000        0xc STMF103C6_DRIVERS/stm32_F103C6_gpio_driver.o
 .text          0x0000000000000000        0x0 STMF103C6_DRIVERS/stm32_F103C6_gpio_driver.o
 .data          0x0000000000000000        0x0 STMF103C6_DRIVERS/stm32_F103C6_gpio_driver.o
 .bss           0x0000000000000000        0x0 STMF103C6_DRIVERS/stm32_F103C6_gpio_driver.o
 .text.MCAL_GPIO_DeInit
                0x0000000000000000       0xd4 STMF103C6_DRIVERS/stm32_F103C6_gpio_driver.o
 .text.MCAL_GPIO_ReadPort
                0x0000000000000000       0x1a STMF103C6_DRIVERS/stm32_F103C6_gpio_driver.o
 .text.MCAL_GPIO_TogglePin
                0x0000000000000000       0x22 STMF103C6_DRIVERS/stm32_F103C6_gpio_driver.o
 .text.MCAL_GPIO_LockPin
                0x0000000000000000       0x50 STMF103C6_DRIVERS/stm32_F103C6_gpio_driver.o
 .debug_macro   0x0000000000000000      0xa60 STMF103C6_DRIVERS/stm32_F103C6_gpio_driver.o
 .debug_macro   0x0000000000000000       0x18 STMF103C6_DRIVERS/stm32_F103C6_gpio_driver.o
 .debug_macro   0x0000000000000000       0x22 STMF103C6_DRIVERS/stm32_F103C6_gpio_driver.o
 .debug_macro   0x0000000000000000       0x40 STMF103C6_DRIVERS/stm32_F103C6_gpio_driver.o
 .debug_macro   0x0000000000000000       0x94 STMF103C6_DRIVERS/stm32_F103C6_gpio_driver.o
 .debug_macro   0x0000000000000000       0x3c STMF103C6_DRIVERS/stm32_F103C6_gpio_driver.o
 .debug_macro   0x0000000000000000       0x34 STMF103C6_DRIVERS/stm32_F103C6_gpio_driver.o
 .debug_macro   0x0000000000000000       0x16 STMF103C6_DRIVERS/stm32_F103C6_gpio_driver.o
 .debug_macro   0x0000000000000000      0x10e STMF103C6_DRIVERS/stm32_F103C6_gpio_driver.o
 .debug_macro   0x0000000000000000       0x8d STMF103C6_DRIVERS/stm32_F103C6_gpio_driver.o
 .debug_macro   0x0000000000000000       0x57 STMF103C6_DRIVERS/stm32_F103C6_gpio_driver.o
 .debug_macro   0x0000000000000000       0x52 STMF103C6_DRIVERS/stm32_F103C6_gpio_driver.o
 .debug_macro   0x0000000000000000       0x1f STMF103C6_DRIVERS/stm32_F103C6_gpio_driver.o
 .debug_macro   0x0000000000000000       0x43 STMF103C6_DRIVERS/stm32_F103C6_gpio_driver.o
 .debug_macro   0x0000000000000000       0x20 STMF103C6_DRIVERS/stm32_F103C6_gpio_driver.o
 .debug_macro   0x0000000000000000      0x1a3 STMF103C6_DRIVERS/stm32_F103C6_gpio_driver.o
 .debug_macro   0x0000000000000000      0x330 STMF103C6_DRIVERS/stm32_F103C6_gpio_driver.o
 .debug_macro   0x0000000000000000       0x16 STMF103C6_DRIVERS/stm32_F103C6_gpio_driver.o
 .debug_macro   0x0000000000000000       0x29 STMF103C6_DRIVERS/stm32_F103C6_gpio_driver.o
 .debug_macro   0x0000000000000000       0xef STMF103C6_DRIVERS/stm32_F103C6_gpio_driver.o
 .debug_macro   0x0000000000000000       0x6a STMF103C6_DRIVERS/stm32_F103C6_gpio_driver.o
 .debug_macro   0x0000000000000000      0x1df STMF103C6_DRIVERS/stm32_F103C6_gpio_driver.o
 .debug_macro   0x0000000000000000       0xd0 STMF103C6_DRIVERS/stm32_F103C6_gpio_driver.o
 .group         0x0000000000000000        0xc Src/main.o
 .group         0x0000000000000000        0xc Src/main.o
 .group         0x0000000000000000        0xc Src/main.o
 .group         0x0000000000000000        0xc Src/main.o
 .group         0x0000000000000000        0xc Src/main.o
 .group         0x0000000000000000        0xc Src/main.o
 .group         0x0000000000000000        0xc Src/main.o
 .group         0x0000000000000000        0xc Src/main.o
 .group         0x0000000000000000        0xc Src/main.o
 .group         0x0000000000000000        0xc Src/main.o
 .group         0x0000000000000000        0xc Src/main.o
 .group         0x0000000000000000        0xc Src/main.o
 .group         0x0000000000000000        0xc Src/main.o
 .group         0x0000000000000000        0xc Src/main.o
 .group         0x0000000000000000        0xc Src/main.o
 .group         0x0000000000000000        0xc Src/main.o
 .group         0x0000000000000000        0xc Src/main.o
 .group         0x0000000000000000        0xc Src/main.o
 .group         0x0000000000000000        0xc Src/main.o
 .group         0x0000000000000000        0xc Src/main.o
 .group         0x0000000000000000        0xc Src/main.o
 .group         0x0000000000000000        0xc Src/main.o
 .group         0x0000000000000000        0xc Src/main.o
 .group         0x0000000000000000        0xc Src/main.o
 .group         0x0000000000000000        0xc Src/main.o
 .group         0x0000000000000000        0xc Src/main.o
 .group         0x0000000000000000        0xc Src/main.o
 .text          0x0000000000000000        0x0 Src/main.o
 .data          0x0000000000000000        0x0 Src/main.o
 .bss           0x0000000000000000        0x0 Src/main.o
 .debug_macro   0x0000000000000000      0xa60 Src/main.o
 .debug_macro   0x0000000000000000       0x18 Src/main.o
 .debug_macro   0x0000000000000000       0x22 Src/main.o
 .debug_macro   0x0000000000000000       0x40 Src/main.o
 .debug_macro   0x0000000000000000       0x94 Src/main.o
 .debug_macro   0x0000000000000000       0x3c Src/main.o
 .debug_macro   0x0000000000000000       0x34 Src/main.o
 .debug_macro   0x0000000000000000       0x16 Src/main.o
 .debug_macro   0x0000000000000000      0x10e Src/main.o
 .debug_macro   0x0000000000000000       0x8d Src/main.o
 .debug_macro   0x0000000000000000       0x57 Src/main.o
 .debug_macro   0x0000000000000000       0x52 Src/main.o
 .debug_macro   0x0000000000000000       0x1f Src/main.o
 .debug_macro   0x0000000000000000       0x43 Src/main.o
 .debug_macro   0x0000000000000000       0x20 Src/main.o
 .debug_macro   0x0000000000000000      0x1a3 Src/main.o
 .debug_macro   0x0000000000000000      0x330 Src/main.o
 .debug_macro   0x0000000000000000       0x16 Src/main.o
 .debug_macro   0x0000000000000000       0x29 Src/main.o
 .debug_macro   0x0000000000000000       0xef Src/main.o
 .debug_macro   0x0000000000000000       0x6a Src/main.o
 .debug_macro   0x0000000000000000      0x1df Src/main.o
 .debug_macro   0x0000000000000000       0xbb Src/main.o
 .debug_macro   0x0000000000000000       0xd0 Src/main.o
 .group         0x0000000000000000        0xc Src/syscalls.o
 .group         0x0000000000000000        0xc Src/syscalls.o
 .group         0x0000000000000000        0xc Src/syscalls.o
 .group         0x0000000000000000        0xc Src/syscalls.o
 .group         0x0000000000000000        0xc Src/syscalls.o
 .group         0x0000000000000000        0xc Src/syscalls.o
 .group         0x0000000000000000        0xc Src/syscalls.o
 .group         0x0000000000000000        0xc Src/syscalls.o
 .group         0x0000000000000000        0xc Src/syscalls.o
 .group         0x0000000000000000        0xc Src/syscalls.o
 .group         0x0000000000000000        0xc Src/syscalls.o
 .group         0x0000000000000000        0xc Src/syscalls.o
 .group         0x0000000000000000        0xc Src/syscalls.o
 .group         0x0000000000000000        0xc Src/syscalls.o
 .group         0x0000000000000000        0xc Src/syscalls.o
 .group         0x0000000000000000        0xc Src/syscalls.o
 .group         0x0000000000000000        0xc Src/syscalls.o
 .group         0x0000000000000000        0xc Src/syscalls.o
 .group         0x0000000000000000        0xc Src/syscalls.o
 .group         0x0000000000000000        0xc Src/syscalls.o
 .group         0x0000000000000000        0xc Src/syscalls.o
 .group         0x0000000000000000        0xc Src/syscalls.o
 .group         0x0000000000000000        0xc Src/syscalls.o
 .group         0x0000000000000000        0xc Src/syscalls.o
 .group         0x0000000000000000        0xc Src/syscalls.o
 .group         0x0000000000000000        0xc Src/syscalls.o
 .group         0x0000000000000000        0xc Src/syscalls.o
 .group         0x0000000000000000        0xc Src/syscalls.o
 .group         0x0000000000000000        0xc Src/syscalls.o
 .group         0x0000000000000000        0xc Src/syscalls.o
 .group         0x0000000000000000        0xc Src/syscalls.o
 .group         0x0000000000000000        0xc Src/syscalls.o
 .group         0x0000000000000000        0xc Src/syscalls.o
 .group         0x0000000000000000        0xc Src/syscalls.o
 .group         0x0000000000000000        0xc Src/syscalls.o
 .group         0x0000000000000000        0xc Src/syscalls.o
 .group         0x0000000000000000        0xc Src/syscalls.o
 .group         0x0000000000000000        0xc Src/syscalls.o
 .group         0x0000000000000000        0xc Src/syscalls.o
 .group         0x0000000000000000        0xc Src/syscalls.o
 .group         0x0000000000000000        0xc Src/syscalls.o
 .group         0x0000000000000000        0xc Src/syscalls.o
 .group         0x0000000000000000        0xc Src/syscalls.o
 .group         0x0000000000000000        0xc Src/syscalls.o
 .text          0x0000000000000000        0x0 Src/syscalls.o
 .data          0x0000000000000000        0x0 Src/syscalls.o
 .bss           0x0000000000000000        0x0 Src/syscalls.o
 .bss.__env     0x0000000000000000        0x4 Src/syscalls.o
 .data.environ  0x0000000000000000        0x4 Src/syscalls.o
 .text.initialise_monitor_handles
                0x0000000000000000        0xc Src/syscalls.o
 .text._getpid  0x0000000000000000        0xe Src/syscalls.o
 .text._kill    0x0000000000000000       0x20 Src/syscalls.o
 .text._exit    0x0000000000000000       0x14 Src/syscalls.o
 .text._read    0x0000000000000000       0x3a Src/syscalls.o
 .text._write   0x0000000000000000       0x38 Src/syscalls.o
 .text._close   0x0000000000000000       0x16 Src/syscalls.o
 .text._fstat   0x0000000000000000       0x1e Src/syscalls.o
 .text._isatty  0x0000000000000000       0x14 Src/syscalls.o
 .text._lseek   0x0000000000000000       0x18 Src/syscalls.o
 .text._open    0x0000000000000000       0x1a Src/syscalls.o
 .text._wait    0x0000000000000000       0x1e Src/syscalls.o
 .text._unlink  0x0000000000000000       0x1e Src/syscalls.o
 .text._times   0x0000000000000000       0x16 Src/syscalls.o
 .text._stat    0x0000000000000000       0x1e Src/syscalls.o
 .text._link    0x0000000000000000       0x20 Src/syscalls.o
 .text._fork    0x0000000000000000       0x16 Src/syscalls.o
 .text._execve  0x0000000000000000       0x22 Src/syscalls.o
 .debug_info    0x0000000000000000     0x1038 Src/syscalls.o
 .debug_abbrev  0x0000000000000000      0x254 Src/syscalls.o
 .debug_loc     0x0000000000000000      0x5b8 Src/syscalls.o
 .debug_aranges
                0x0000000000000000       0xa8 Src/syscalls.o
 .debug_ranges  0x0000000000000000       0x98 Src/syscalls.o
 .debug_macro   0x0000000000000000      0x243 Src/syscalls.o
 .debug_macro   0x0000000000000000      0xa60 Src/syscalls.o
 .debug_macro   0x0000000000000000       0x22 Src/syscalls.o
 .debug_macro   0x0000000000000000       0x40 Src/syscalls.o
 .debug_macro   0x0000000000000000       0x18 Src/syscalls.o
 .debug_macro   0x0000000000000000       0x94 Src/syscalls.o
 .debug_macro   0x0000000000000000       0x3c Src/syscalls.o
 .debug_macro   0x0000000000000000       0x34 Src/syscalls.o
 .debug_macro   0x0000000000000000       0x57 Src/syscalls.o
 .debug_macro   0x0000000000000000      0x174 Src/syscalls.o
 .debug_macro   0x0000000000000000      0x330 Src/syscalls.o
 .debug_macro   0x0000000000000000       0x52 Src/syscalls.o
 .debug_macro   0x0000000000000000       0x1f Src/syscalls.o
 .debug_macro   0x0000000000000000       0x43 Src/syscalls.o
 .debug_macro   0x0000000000000000       0x20 Src/syscalls.o
 .debug_macro   0x0000000000000000      0x1a3 Src/syscalls.o
 .debug_macro   0x0000000000000000       0x10 Src/syscalls.o
 .debug_macro   0x0000000000000000       0x35 Src/syscalls.o
 .debug_macro   0x0000000000000000       0x10 Src/syscalls.o
 .debug_macro   0x0000000000000000       0x10 Src/syscalls.o
 .debug_macro   0x0000000000000000       0x10 Src/syscalls.o
 .debug_macro   0x0000000000000000       0x6a Src/syscalls.o
 .debug_macro   0x0000000000000000       0x1c Src/syscalls.o
 .debug_macro   0x0000000000000000       0x52 Src/syscalls.o
 .debug_macro   0x0000000000000000       0x40 Src/syscalls.o
 .debug_macro   0x0000000000000000       0x10 Src/syscalls.o
 .debug_macro   0x0000000000000000       0x40 Src/syscalls.o
 .debug_macro   0x0000000000000000       0xd7 Src/syscalls.o
 .debug_macro   0x0000000000000000       0x1c Src/syscalls.o
 .debug_macro   0x0000000000000000       0x3d Src/syscalls.o
 .debug_macro   0x0000000000000000       0x35 Src/syscalls.o
 .debug_macro   0x0000000000000000      0x122 Src/syscalls.o
 .debug_macro   0x0000000000000000       0x16 Src/syscalls.o
 .debug_macro   0x0000000000000000       0x16 Src/syscalls.o
 .debug_macro   0x0000000000000000       0x29 Src/syscalls.o
 .debug_macro   0x0000000000000000       0x10 Src/syscalls.o
 .debug_macro   0x0000000000000000      0x241 Src/syscalls.o
 .debug_macro   0x0000000000000000       0x1c Src/syscalls.o
 .debug_macro   0x0000000000000000       0x10 Src/syscalls.o
 .debug_macro   0x0000000000000000       0x10 Src/syscalls.o
 .debug_macro   0x0000000000000000       0x16 Src/syscalls.o
 .debug_macro   0x0000000000000000      0x145 Src/syscalls.o
 .debug_macro   0x0000000000000000      0x189 Src/syscalls.o
 .debug_macro   0x0000000000000000       0x16 Src/syscalls.o
 .debug_macro   0x0000000000000000       0x88 Src/syscalls.o
 .debug_line    0x0000000000000000      0x739 Src/syscalls.o
 .debug_str     0x0000000000000000     0x8880 Src/syscalls.o
 .comment       0x0000000000000000       0x7c Src/syscalls.o
 .debug_frame   0x0000000000000000      0x2ac Src/syscalls.o
 .ARM.attributes
                0x0000000000000000       0x33 Src/syscalls.o
 .group         0x0000000000000000        0xc Src/sysmem.o
 .group         0x0000000000000000        0xc Src/sysmem.o
 .group         0x0000000000000000        0xc Src/sysmem.o
 .group         0x0000000000000000        0xc Src/sysmem.o
 .group         0x0000000000000000        0xc Src/sysmem.o
 .group         0x0000000000000000        0xc Src/sysmem.o
 .group         0x0000000000000000        0xc Src/sysmem.o
 .group         0x0000000000000000        0xc Src/sysmem.o
 .group         0x0000000000000000        0xc Src/sysmem.o
 .group         0x0000000000000000        0xc Src/sysmem.o
 .group         0x0000000000000000        0xc Src/sysmem.o
 .group         0x0000000000000000        0xc Src/sysmem.o
 .group         0x0000000000000000        0xc Src/sysmem.o
 .group         0x0000000000000000        0xc Src/sysmem.o
 .group         0x0000000000000000        0xc Src/sysmem.o
 .group         0x0000000000000000        0xc Src/sysmem.o
 .group         0x0000000000000000        0xc Src/sysmem.o
 .group         0x0000000000000000        0xc Src/sysmem.o
 .group         0x0000000000000000        0xc Src/sysmem.o
 .text          0x0000000000000000        0x0 Src/sysmem.o
 .data          0x0000000000000000        0x0 Src/sysmem.o
 .bss           0x0000000000000000        0x0 Src/sysmem.o
 .bss.__sbrk_heap_end
                0x0000000000000000        0x4 Src/sysmem.o
 .text._sbrk    0x0000000000000000       0x6c Src/sysmem.o
 .debug_info    0x0000000000000000      0xa7c Src/sysmem.o
 .debug_abbrev  0x0000000000000000      0x18e Src/sysmem.o
 .debug_loc     0x0000000000000000       0x50 Src/sysmem.o
 .debug_aranges
                0x0000000000000000       0x20 Src/sysmem.o
 .debug_ranges  0x0000000000000000       0x10 Src/sysmem.o
 .debug_macro   0x0000000000000000       0xee Src/sysmem.o
 .debug_macro   0x0000000000000000      0xa60 Src/sysmem.o
 .debug_macro   0x0000000000000000       0x10 Src/sysmem.o
 .debug_macro   0x0000000000000000       0x22 Src/sysmem.o
 .debug_macro   0x0000000000000000       0x40 Src/sysmem.o
 .debug_macro   0x0000000000000000       0x18 Src/sysmem.o
 .debug_macro   0x0000000000000000       0x94 Src/sysmem.o
 .debug_macro   0x0000000000000000       0x3c Src/sysmem.o
 .debug_macro   0x0000000000000000       0x34 Src/sysmem.o
 .debug_macro   0x0000000000000000      0x174 Src/sysmem.o
 .debug_macro   0x0000000000000000       0x57 Src/sysmem.o
 .debug_macro   0x0000000000000000       0x52 Src/sysmem.o
 .debug_macro   0x0000000000000000       0x1f Src/sysmem.o
 .debug_macro   0x0000000000000000       0x43 Src/sysmem.o
 .debug_macro   0x0000000000000000       0x20 Src/sysmem.o
 .debug_macro   0x0000000000000000      0x1a3 Src/sysmem.o
 .debug_macro   0x0000000000000000      0x23b Src/sysmem.o
 .debug_macro   0x0000000000000000       0xef Src/sysmem.o
 .debug_macro   0x0000000000000000       0x6a Src/sysmem.o
 .debug_macro   0x0000000000000000      0x1df Src/sysmem.o
 .debug_line    0x0000000000000000      0x4c2 Src/sysmem.o
 .debug_str     0x0000000000000000     0x5f4e Src/sysmem.o
 .comment       0x0000000000000000       0x7c Src/sysmem.o
 .debug_frame   0x0000000000000000       0x34 Src/sysmem.o
 .ARM.attributes
                0x0000000000000000       0x33 Src/sysmem.o
 .text          0x0000000000000000       0x14 Startup/startup_stm32f103c6tx.o
 .data          0x0000000000000000        0x0 Startup/startup_stm32f103c6tx.o
 .bss           0x0000000000000000        0x0 Startup/startup_stm32f103c6tx.o
 .text          0x0000000000000000        0x0 c:/st/stm32cubeide_1.4.0/stm32cubeide/plugins/com.st.stm32cube.ide.mcu.externaltools.gnu-tools-for-stm32.7-2018-q2-update.win32_1.4.0.202007081208/tools/bin/../lib/gcc/arm-none-eabi/7.3.1/../../../../arm-none-eabi/lib/thumb/v7-m\libc_nano.a(lib_a-errno.o)
 .data          0x0000000000000000        0x0 c:/st/stm32cubeide_1.4.0/stm32cubeide/plugins/com.st.stm32cube.ide.mcu.externaltools.gnu-tools-for-stm32.7-2018-q2-update.win32_1.4.0.202007081208/tools/bin/../lib/gcc/arm-none-eabi/7.3.1/../../../../arm-none-eabi/lib/thumb/v7-m\libc_nano.a(lib_a-errno.o)
 .bss           0x0000000000000000        0x0 c:/st/stm32cubeide_1.4.0/stm32cubeide/plugins/com.st.stm32cube.ide.mcu.externaltools.gnu-tools-for-stm32.7-2018-q2-update.win32_1.4.0.202007081208/tools/bin/../lib/gcc/arm-none-eabi/7.3.1/../../../../arm-none-eabi/lib/thumb/v7-m\libc_nano.a(lib_a-errno.o)
 .text.__errno  0x0000000000000000        0xc c:/st/stm32cubeide_1.4.0/stm32cubeide/plugins/com.st.stm32cube.ide.mcu.externaltools.gnu-tools-for-stm32.7-2018-q2-update.win32_1.4.0.202007081208/tools/bin/../lib/gcc/arm-none-eabi/7.3.1/../../../../arm-none-eabi/lib/thumb/v7-m\libc_nano.a(lib_a-errno.o)
 .debug_frame   0x0000000000000000       0x20 c:/st/stm32cubeide_1.4.0/stm32cubeide/plugins/com.st.stm32cube.ide.mcu.externaltools.gnu-tools-for-stm32.7-2018-q2-update.win32_1.4.0.202007081208/tools/bin/../lib/gcc/arm-none-eabi/7.3.1/../../../../arm-none-eabi/lib/thumb/v7-m\libc_nano.a(lib_a-errno.o)
 .ARM.attributes
                0x0000000000000000       0x2d c:/st/stm32cubeide_1.4.0/stm32cubeide/plugins/com.st.stm32cube.ide.mcu.externaltools.gnu-tools-for-stm32.7-2018-q2-update.win32_1.4.0.202007081208/tools/bin/../lib/gcc/arm-none-eabi/7.3.1/../../../../arm-none-eabi/lib/thumb/v7-m\libc_nano.a(lib_a-errno.o)
 .text          0x0000000000000000        0x0 c:/st/stm32cubeide_1.4.0/stm32cubeide/plugins/com.st.stm32cube.ide.mcu.externaltools.gnu-tools-for-stm32.7-2018-q2-update.win32_1.4.0.202007081208/tools/bin/../lib/gcc/arm-none-eabi/7.3.1/../../../../arm-none-eabi/lib/thumb/v7-m\libc_nano.a(lib_a-exit.o)
 .data          0x0000000000000000        0x0 c:/st/stm32cubeide_1.4.0/stm32cubeide/plugins/com.st.stm32cube.ide.mcu.externaltools.gnu-tools-for-stm32.7-2018-q2-update.win32_1.4.0.202007081208/tools/bin/../lib/gcc/arm-none-eabi/7.3.1/../../../../arm-none-eabi/lib/thumb/v7-m\libc_nano.a(lib_a-exit.o)
 .bss           0x0000000000000000        0x0 c:/st/stm32cubeide_1.4.0/stm32cubeide/plugins/com.st.stm32cube.ide.mcu.externaltools.gnu-tools-for-stm32.7-2018-q2-update.win32_1.4.0.202007081208/tools/bin/../lib/gcc/arm-none-eabi/7.3.1/../../../../arm-none-eabi/lib/thumb/v7-m\libc_nano.a(lib_a-exit.o)
 .text.exit     0x0000000000000000       0x28 c:/st/stm32cubeide_1.4.0/stm32cubeide/plugins/com.st.stm32cube.ide.mcu.externaltools.gnu-tools-for-stm32.7-2018-q2-update.win32_1.4.0.202007081208/tools/bin/../lib/gcc/arm-none-eabi/7.3.1/../../../../arm-none-eabi/lib/thumb/v7-m\libc_nano.a(lib_a-exit.o)
 .debug_frame   0x0000000000000000       0x28 c:/st/stm32cubeide_1.4.0/stm32cubeide/plugins/com.st.stm32cube.ide.mcu.externaltools.gnu-tools-for-stm32.7-2018-q2-update.win32_1.4.0.202007081208/tools/bin/../lib/gcc/arm-none-eabi/7.3.1/../../../../arm-none-eabi/lib/thumb/v7-m\libc_nano.a(lib_a-exit.o)
 .ARM.attributes
                0x0000000000000000       0x2d c:/st/stm32cubeide_1.4.0/stm32cubeide/plugins/com.st.stm32cube.ide.mcu.externaltools.gnu-tools-for-stm32.7-2018-q2-update.win32_1.4.0.202007081208/tools/bin/../lib/gcc/arm-none-eabi/7.3.1/../../../../arm-none-eabi/lib/thumb/v7-m\libc_nano.a(lib_a-exit.o)
 .text          0x0000000000000000        0x0 c:/st/stm32cubeide_1.4.0/stm32cubeide/plugins/com.st.stm32cube.ide.mcu.externaltools.gnu-tools-for-stm32.7-2018-q2-update.win32_1.4.0.202007081208/tools/bin/../lib/gcc/arm-none-eabi/7.3.1/../../../../arm-none-eabi/lib/thumb/v7-m\libc_nano.a(lib_a-impure.o)
 .data          0x0000000000000000        0x0 c:/st/stm32cubeide_1.4.0/stm32cubeide/plugins/com.st.stm32cube.ide.mcu.externaltools.gnu-tools-for-stm32.7-2018-q2-update.win32_1.4.0.202007081208/tools/bin/../lib/gcc/arm-none-eabi/7.3.1/../../../../arm-none-eabi/lib/thumb/v7-m\libc_nano.a(lib_a-impure.o)
 .bss           0x0000000000000000        0x0 c:/st/stm32cubeide_1.4.0/stm32cubeide/plugins/com.st.stm32cube.ide.mcu.externaltools.gnu-tools-for-stm32.7-2018-q2-update.win32_1.4.0.202007081208/tools/bin/../lib/gcc/arm-none-eabi/7.3.1/../../../../arm-none-eabi/lib/thumb/v7-m\libc_nano.a(lib_a-impure.o)
 .data._impure_ptr
                0x0000000000000000        0x4 c:/st/stm32cubeide_1.4.0/stm32cubeide/plugins/com.st.stm32cube.ide.mcu.externaltools.gnu-tools-for-stm32.7-2018-q2-update.win32_1.4.0.202007081208/tools/bin/../lib/gcc/arm-none-eabi/7.3.1/../../../../arm-none-eabi/lib/thumb/v7-m\libc_nano.a(lib_a-impure.o)
 .data.impure_data
                0x0000000000000000       0x60 c:/st/stm32cubeide_1.4.0/stm32cubeide/plugins/com.st.stm32cube.ide.mcu.externaltools.gnu-tools-for-stm32.7-2018-q2-update.win32_1.4.0.202007081208/tools/bin/../lib/gcc/arm-none-eabi/7.3.1/../../../../arm-none-eabi/lib/thumb/v7-m\libc_nano.a(lib_a-impure.o)
 .rodata._global_impure_ptr
                0x0000000000000000        0x4 c:/st/stm32cubeide_1.4.0/stm32cubeide/plugins/com.st.stm32cube.ide.mcu.externaltools.gnu-tools-for-stm32.7-2018-q2-update.win32_1.4.0.202007081208/tools/bin/../lib/gcc/arm-none-eabi/7.3.1/../../../../arm-none-eabi/lib/thumb/v7-m\libc_nano.a(lib_a-impure.o)
 .ARM.attributes
                0x0000000000000000       0x2d c:/st/stm32cubeide_1.4.0/stm32cubeide/plugins/com.st.stm32cube.ide.mcu.externaltools.gnu-tools-for-stm32.7-2018-q2-update.win32_1.4.0.202007081208/tools/bin/../lib/gcc/arm-none-eabi/7.3.1/../../../../arm-none-eabi/lib/thumb/v7-m\libc_nano.a(lib_a-impure.o)
 .text          0x0000000000000000        0x0 c:/st/stm32cubeide_1.4.0/stm32cubeide/plugins/com.st.stm32cube.ide.mcu.externaltools.gnu-tools-for-stm32.7-2018-q2-update.win32_1.4.0.202007081208/tools/bin/../lib/gcc/arm-none-eabi/7.3.1/../../../../arm-none-eabi/lib/thumb/v7-m\libc_nano.a(lib_a-init.o)
 .data          0x0000000000000000        0x0 c:/st/stm32cubeide_1.4.0/stm32cubeide/plugins/com.st.stm32cube.ide.mcu.externaltools.gnu-tools-for-stm32.7-2018-q2-update.win32_1.4.0.202007081208/tools/bin/../lib/gcc/arm-none-eabi/7.3.1/../../../../arm-none-eabi/lib/thumb/v7-m\libc_nano.a(lib_a-init.o)
 .bss           0x0000000000000000        0x0 c:/st/stm32cubeide_1.4.0/stm32cubeide/plugins/com.st.stm32cube.ide.mcu.externaltools.gnu-tools-for-stm32.7-2018-q2-update.win32_1.4.0.202007081208/tools/bin/../lib/gcc/arm-none-eabi/7.3.1/../../../../arm-none-eabi/lib/thumb/v7-m\libc_nano.a(lib_a-init.o)
 .text          0x0000000000000000        0x0 c:/st/stm32cubeide_1.4.0/stm32cubeide/plugins/com.st.stm32cube.ide.mcu.externaltools.gnu-tools-for-stm32.7-2018-q2-update.win32_1.4.0.202007081208/tools/bin/../lib/gcc/arm-none-eabi/7.3.1/../../../../arm-none-eabi/lib/thumb/v7-m\libc_nano.a(lib_a-memset.o)
 .data          0x0000000000000000        0x0 c:/st/stm32cubeide_1.4.0/stm32cubeide/plugins/com.st.stm32cube.ide.mcu.externaltools.gnu-tools-for-stm32.7-2018-q2-update.win32_1.4.0.202007081208/tools/bin/../lib/gcc/arm-none-eabi/7.3.1/../../../../arm-none-eabi/lib/thumb/v7-m\libc_nano.a(lib_a-memset.o)
 .bss           0x0000000000000000        0x0 c:/st/stm32cubeide_1.4.0/stm32cubeide/plugins/com.st.stm32cube.ide.mcu.externaltools.gnu-tools-for-stm32.7-2018-q2-update.win32_1.4.0.202007081208/tools/bin/../lib/gcc/arm-none-eabi/7.3.1/../../../../arm-none-eabi/lib/thumb/v7-m\libc_nano.a(lib_a-memset.o)
 .text.memset   0x0000000000000000       0x10 c:/st/stm32cubeide_1.4.0/stm32cubeide/plugins/com.st.stm32cube.ide.mcu.externaltools.gnu-tools-for-stm32.7-2018-q2-update.win32_1.4.0.202007081208/tools/bin/../lib/gcc/arm-none-eabi/7.3.1/../../../../arm-none-eabi/lib/thumb/v7-m\libc_nano.a(lib_a-memset.o)
 .debug_frame   0x0000000000000000       0x20 c:/st/stm32cubeide_1.4.0/stm32cubeide/plugins/com.st.stm32cube.ide.mcu.externaltools.gnu-tools-for-stm32.7-2018-q2-update.win32_1.4.0.202007081208/tools/bin/../lib/gcc/arm-none-eabi/7.3.1/../../../../arm-none-eabi/lib/thumb/v7-m\libc_nano.a(lib_a-memset.o)
 .ARM.attributes
                0x0000000000000000       0x2d c:/st/stm32cubeide_1.4.0/stm32cubeide/plugins/com.st.stm32cube.ide.mcu.externaltools.gnu-tools-for-stm32.7-2018-q2-update.win32_1.4.0.202007081208/tools/bin/../lib/gcc/arm-none-eabi/7.3.1/../../../../arm-none-eabi/lib/thumb/v7-m\libc_nano.a(lib_a-memset.o)
 .text          0x0000000000000000        0x0 c:/st/stm32cubeide_1.4.0/stm32cubeide/plugins/com.st.stm32cube.ide.mcu.externaltools.gnu-tools-for-stm32.7-2018-q2-update.win32_1.4.0.202007081208/tools/bin/../lib/gcc/arm-none-eabi/7.3.1/thumb/v7-m/crtend.o
 .data          0x0000000000000000        0x0 c:/st/stm32cubeide_1.4.0/stm32cubeide/plugins/com.st.stm32cube.ide.mcu.externaltools.gnu-tools-for-stm32.7-2018-q2-update.win32_1.4.0.202007081208/tools/bin/../lib/gcc/arm-none-eabi/7.3.1/thumb/v7-m/crtend.o
 .bss           0x0000000000000000        0x0 c:/st/stm32cubeide_1.4.0/stm32cubeide/plugins/com.st.stm32cube.ide.mcu.externaltools.gnu-tools-for-stm32.7-2018-q2-update.win32_1.4.0.202007081208/tools/bin/../lib/gcc/arm-none-eabi/7.3.1/thumb/v7-m/crtend.o
 .eh_frame      0x0000000000000000        0x4 c:/st/stm32cubeide_1.4.0/stm32cubeide/plugins/com.st.stm32cube.ide.mcu.externaltools.gnu-tools-for-stm32.7-2018-q2-update.win32_1.4.0.202007081208/tools/bin/../lib/gcc/arm-none-eabi/7.3.1/thumb/v7-m/crtend.o
 .ARM.attributes
                0x0000000000000000       0x2d c:/st/stm32cubeide_1.4.0/stm32cubeide/plugins/com.st.stm32cube.ide.mcu.externaltools.gnu-tools-for-stm32.7-2018-q2-update.win32_1.4.0.202007081208/tools/bin/../lib/gcc/arm-none-eabi/7.3.1/thumb/v7-m/crtend.o
 .text          0x0000000000000000        0x0 c:/st/stm32cubeide_1.4.0/stm32cubeide/plugins/com.st.stm32cube.ide.mcu.externaltools.gnu-tools-for-stm32.7-2018-q2-update.win32_1.4.0.202007081208/tools/bin/../lib/gcc/arm-none-eabi/7.3.1/thumb/v7-m/crtn.o
 .data          0x0000000000000000        0x0 c:/st/stm32cubeide_1.4.0/stm32cubeide/plugins/com.st.stm32cube.ide.mcu.externaltools.gnu-tools-for-stm32.7-2018-q2-update.win32_1.4.0.202007081208/tools/bin/../lib/gcc/arm-none-eabi/7.3.1/thumb/v7-m/crtn.o
 .bss           0x0000000000000000        0x0 c:/st/stm32cubeide_1.4.0/stm32cubeide/plugins/com.st.stm32cube.ide.mcu.externaltools.gnu-tools-for-stm32.7-2018-q2-update.win32_1.4.0.202007081208/tools/bin/../lib/gcc/arm-none-eabi/7.3.1/thumb/v7-m/crtn.o

Memory Configuration

Name             Origin             Length             Attributes
RAM              0x0000000020000000 0x0000000000002800 xrw
ROM              0x0000000008000000 0x0000000000008000 xr
*default*        0x0000000000000000 0xffffffffffffffff

Linker script and memory map

LOAD c:/st/stm32cubeide_1.4.0/stm32cubeide/plugins/com.st.stm32cube.ide.mcu.externaltools.gnu-tools-for-stm32.7-2018-q2-update.win32_1.4.0.202007081208/tools/bin/../lib/gcc/arm-none-eabi/7.3.1/thumb/v7-m/crti.o
LOAD c:/st/stm32cubeide_1.4.0/stm32cubeide/plugins/com.st.stm32cube.ide.mcu.externaltools.gnu-tools-for-stm32.7-2018-q2-update.win32_1.4.0.202007081208/tools/bin/../lib/gcc/arm-none-eabi/7.3.1/thumb/v7-m/crtbegin.o
LOAD c:/st/stm32cubeide_1.4.0/stm32cubeide/plugins/com.st.stm32cube.ide.mcu.externaltools.gnu-tools-for-stm32.7-2018-q2-update.win32_1.4.0.202007081208/tools/bin/../lib/gcc/arm-none-eabi/7.3.1/../../../../arm-none-eabi/lib/thumb/v7-m/crt0.o
LOAD STMF103C6_DRIVERS/KEYPAD_DRIVER/KEYPAD.o
LOAD STMF103C6_DRIVERS/LCD_DRIVER/LCD.o
LOAD STMF103C6_DRIVERS/Seven_Segment/segment.o
LOAD STMF103C6_DRIVERS/stm32_F103C6_gpio_driver.o
LOAD Src/main.o
LOAD Src/syscalls.o
LOAD Src/sysmem.o
LOAD Startup/startup_stm32f103c6tx.o
START GROUP
LOAD c:/st/stm32cubeide_1.4.0/stm32cubeide/plugins/com.st.stm32cube.ide.mcu.externaltools.gnu-tools-for-stm32.7-2018-q2-update.win32_1.4.0.202007081208/tools/bin/../lib/gcc/arm-none-eabi/7.3.1/../../../../arm-none-eabi/lib/thumb/v7-m\libc_nano.a
LOAD c:/st/stm32cubeide_1.4.0/stm32cubeide/plugins/com.st.stm32cube.ide.mcu.externaltools.gnu-tools-for-stm32.7-2018-q2-update.win32_1.4.0.202007081208/tools/bin/../lib/gcc/arm-none-eabi/7.3.1/../../../../arm-none-eabi/lib/thumb/v7-m\libm.a
END GROUP
START GROUP
LOAD c:/st/stm32cubeide_1.4.0/stm32cubeide/plugins/com.st.stm32cube.ide.mcu.externaltools.gnu-tools-for-stm32.7-2018-q2-update.win32_1.4.0.202007081208/tools/bin/../lib/gcc/arm-none-eabi/7.3.1/thumb/v7-m\libgcc.a
LOAD c:/st/stm32cubeide_1.4.0/stm32cubeide/plugins/com.st.stm32cube.ide.mcu.externaltools.gnu-tools-for-stm32.7-2018-q2-update.win32_1.4.0.202007081208/tools/bin/../lib/gcc/arm-none-eabi/7.3.1/../../../../arm-none-eabi/lib/thumb/v7-m\libg_nano.a
LOAD c:/st/stm32cubeide_1.4.0/stm32cubeide/plugins/com.st.stm32cube.ide.mcu.externaltools.gnu-tools-for-stm32.7-2018-q2-update.win32_1.4.0.202007081208/tools/bin/../lib/gcc/arm-none-eabi/7.3.1/../../../../arm-none-eabi/lib/thumb/v7-m\libc_nano.a
END GROUP
START GROUP
LOAD c:/st/stm32cubeide_1.4.0/stm32cubeide/plugins/com.st.stm32cube.ide.mcu.externaltools.gnu-tools-for-stm32.7-2018-q2-update.win32_1.4.0.202007081208/tools/bin/../lib/gcc/arm-none-eabi/7.3.1/thumb/v7-m\libgcc.a
LOAD c:/st/stm32cubeide_1.4.0/stm32cubeide/plugins/com.st.stm32cube.ide.mcu.externaltools.gnu-tools-for-stm32.7-2018-q2-update.win32_1.4.0.202007081208/tools/bin/../lib/gcc/arm-none-eabi/7.3.1/../../../../arm-none-eabi/lib/thumb/v7-m\libc_nano.a
LOAD c:/st/stm32cubeide_1.4.0/stm32cubeide/plugins/com.st.stm32cube.ide.mcu.externaltools.gnu-tools-for-stm32.7-2018-q2-update.win32_1.4.0.202007081208/tools/bin/../lib/gcc/arm-none-eabi/7.3.1/../../../../arm-none-eabi/lib/thumb/v7-m\libnosys.a
END GROUP
START GROUP
LOAD c:/st/stm32cubeide_1.4.0/stm32cubeide/plugins/com.st.stm32cube.ide.mcu.externaltools.gnu-tools-for-stm32.7-2018-q2-update.win32_1.4.0.202007081208/tools/bin/../lib/gcc/arm-none-eabi/7.3.1/thumb/v7-m\libgcc.a
LOAD c:/st/stm32cubeide_1.4.0/stm32cubeide/plugins/com.st.stm32cube.ide.mcu.externaltools.gnu-tools-for-stm32.7-2018-q2-update.win32_1.4.0.202007081208/tools/bin/../lib/gcc/arm-none-eabi/7.3.1/../../../../arm-none-eabi/lib/thumb/v7-m\libc_nano.a
LOAD c:/st/stm32cubeide_1.4.0/stm32cubeide/plugins/com.st.stm32cube.ide.mcu.externaltools.gnu-tools-for-stm32.7-2018-q2-update.win32_1.4.0.202007081208/tools/bin/../lib/gcc/arm-none-eabi/7.3.1/../../../../arm-none-eabi/lib/thumb/v7-m\libnosys.a
END GROUP
LOAD c:/st/stm32cubeide_1.4.0/stm32cubeide/plugins/com.st.stm32cube.ide.mcu.externaltools.gnu-tools-for-stm32.7-2018-q2-update.win32_1.4.0.202007081208/tools/bin/../lib/gcc/arm-none-eabi/7.3.1/thumb/v7-m/crtend.o
LOAD c:/st/stm32cubeide_1.4.0/stm32cubeide/plugins/com.st.stm32cube.ide.mcu.externaltools.gnu-tools-for-stm32.7-2018-q2-update.win32_1.4.0.202007081208/tools/bin/../lib/gcc/arm-none-eabi/7.3.1/thumb/v7-m/crtn.o
                0x0000000020002800                _estack = (ORIGIN (RAM) + LENGTH (RAM))
                0x0000000000000200                _Min_Heap_Size = 0x200
                0x0000000000000400                _Min_Stack_Size = 0x400

.isr_vector     0x0000000008000000      0x130
                0x0000000008000000                . = ALIGN (0x4)
 *(.isr_vector)
 .isr_vector    0x0000000008000000      0x130 Startup/startup_stm32f103c6tx.o
                0x0000000008000000                g_pfnVectors
                0x0000000008000130                . = ALIGN (0x4)

.text           0x0000000008000130      0xd80
                0x0000000008000130                . = ALIGN (0x4)
 *(.text)
 .text          0x0000000008000130       0x40 c:/st/stm32cubeide_1.4.0/stm32cubeide/plugins/com.st.stm32cube.ide.mcu.externaltools.gnu-tools-for-stm32.7-2018-q2-update.win32_1.4.0.202007081208/tools/bin/../lib/gcc/arm-none-eabi/7.3.1/thumb/v7-m/crtbegin.o
 *(.text*)
 .text.wait_msk
                0x0000000008000170       0x38 STMF103C6_DRIVERS/KEYPAD_DRIVER/KEYPAD.o
                0x0000000008000170                wait_msk
 .text.KEYPAD_init
                0x00000000080001a8       0xec STMF103C6_DRIVERS/KEYPAD_DRIVER/KEYPAD.o
                0x00000000080001a8                KEYPAD_init
 .text.KEYPAD_GETCHAR
                0x0000000008000294      0x194 STMF103C6_DRIVERS/KEYPAD_DRIVER/KEYPAD.o
                0x0000000008000294                KEYPAD_GETCHAR
 .text.wait_ms  0x0000000008000428       0x38 STMF103C6_DRIVERS/LCD_DRIVER/LCD.o
                0x0000000008000428                wait_ms
 .text.LCD_KICK
                0x0000000008000460       0x2c STMF103C6_DRIVERS/LCD_DRIVER/LCD.o
                0x0000000008000460                LCD_KICK
 .text.LCD_GPIO_init
                0x000000000800048c      0x158 STMF103C6_DRIVERS/LCD_DRIVER/LCD.o
                0x000000000800048c                LCD_GPIO_init
 .text.LCD_Init
                0x00000000080005e4       0x34 STMF103C6_DRIVERS/LCD_DRIVER/LCD.o
                0x00000000080005e4                LCD_Init
 .text.LCD_clear_screen
                0x0000000008000618        0xe STMF103C6_DRIVERS/LCD_DRIVER/LCD.o
                0x0000000008000618                LCD_clear_screen
 *fill*         0x0000000008000626        0x2 
 .text.Write_Command
                0x0000000008000628       0xe4 STMF103C6_DRIVERS/LCD_DRIVER/LCD.o
                0x0000000008000628                Write_Command
 .text.Write_char
                0x000000000800070c       0xe8 STMF103C6_DRIVERS/LCD_DRIVER/LCD.o
                0x000000000800070c                Write_char
 .text.Write_String
                0x00000000080007f4       0x58 STMF103C6_DRIVERS/LCD_DRIVER/LCD.o
                0x00000000080007f4                Write_String
 .text.LCD_Busy
                0x000000000800084c       0x7c STMF103C6_DRIVERS/LCD_DRIVER/LCD.o
                0x000000000800084c                LCD_Busy
 .text.LCD_GOTO_XY
                0x00000000080008c8       0x54 STMF103C6_DRIVERS/LCD_DRIVER/LCD.o
                0x00000000080008c8                LCD_GOTO_XY
 .text.Segement_Init
                0x000000000800091c       0xd4 STMF103C6_DRIVERS/Seven_Segment/segment.o
                0x000000000800091c                Segement_Init
 .text.Get_CRLH_Position
                0x00000000080009f0       0xc6 STMF103C6_DRIVERS/stm32_F103C6_gpio_driver.o
                0x00000000080009f0                Get_CRLH_Position
 .text.MCAL_GPIO_INIT
                0x0000000008000ab6      0x188 STMF103C6_DRIVERS/stm32_F103C6_gpio_driver.o
                0x0000000008000ab6                MCAL_GPIO_INIT
 .text.MCAL_GPIO_ReadPin
                0x0000000008000c3e       0x2e STMF103C6_DRIVERS/stm32_F103C6_gpio_driver.o
                0x0000000008000c3e                MCAL_GPIO_ReadPin
 .text.MCAL_GPIO_WritePin
                0x0000000008000c6c       0x2e STMF103C6_DRIVERS/stm32_F103C6_gpio_driver.o
                0x0000000008000c6c                MCAL_GPIO_WritePin
 .text.MCAL_GPIO_WritePort
                0x0000000008000c9a       0x1c STMF103C6_DRIVERS/stm32_F103C6_gpio_driver.o
                0x0000000008000c9a                MCAL_GPIO_WritePort
 .text.wait     0x0000000008000cb6       0x38 Src/main.o
                0x0000000008000cb6                wait
 *fill*         0x0000000008000cee        0x2 
 .text.clock_init
                0x0000000008000cf0       0x28 Src/main.o
                0x0000000008000cf0                clock_init
 .text.main     0x0000000008000d18       0xe4 Src/main.o
                0x0000000008000d18                main
 .text.Reset_Handler
                0x0000000008000dfc       0x50 Startup/startup_stm32f103c6tx.o
                0x0000000008000dfc                Reset_Handler
 .text.Default_Handler
                0x0000000008000e4c        0x2 Startup/startup_stm32f103c6tx.o
                0x0000000008000e4c                EXTI2_IRQHandler
                0x0000000008000e4c                TIM8_TRG_COM_IRQHandler
                0x0000000008000e4c                TIM8_CC_IRQHandler
                0x0000000008000e4c                DebugMon_Handler
                0x0000000008000e4c                TIM1_CC_IRQHandler
                0x0000000008000e4c                HardFault_Handler
                0x0000000008000e4c                TIM6_IRQHandler
                0x0000000008000e4c                SysTick_Handler
                0x0000000008000e4c                PVD_IRQHandler
                0x0000000008000e4c                SDIO_IRQHandler
                0x0000000008000e4c                PendSV_Handler
                0x0000000008000e4c                NMI_Handler
                0x0000000008000e4c                EXTI3_IRQHandler
                0x0000000008000e4c                USB_HP_CAN_TX_IRQHandler
                0x0000000008000e4c                EXTI0_IRQHandler
                0x0000000008000e4c                I2C2_EV_IRQHandler
                0x0000000008000e4c                UsageFault_Handler
                0x0000000008000e4c                ADC1_2_IRQHandler
                0x0000000008000e4c                SPI1_IRQHandler
                0x0000000008000e4c                CAN_SCE_IRQHandler
                0x0000000008000e4c                TAMPER_IRQHandler
                0x0000000008000e4c                TIM8_UP_IRQHandler
                0x0000000008000e4c                DMA2_Channel2_IRQHandler
                0x0000000008000e4c                DMA1_Channel4_IRQHandler
                0x0000000008000e4c                USART3_IRQHandler
                0x0000000008000e4c                RTC_IRQHandler
                0x0000000008000e4c                DMA1_Channel7_IRQHandler
                0x0000000008000e4c                UART5_IRQHandler
                0x0000000008000e4c                ADC3_IRQHandler
                0x0000000008000e4c                TIM4_IRQHandler
                0x0000000008000e4c                CAN_RX1_IRQHandler
                0x0000000008000e4c                DMA2_Channel1_IRQHandler
                0x0000000008000e4c                I2C1_EV_IRQHandler
                0x0000000008000e4c                DMA1_Channel6_IRQHandler
                0x0000000008000e4c                UART4_IRQHandler
                0x0000000008000e4c                TIM3_IRQHandler
                0x0000000008000e4c                RCC_IRQHandler
                0x0000000008000e4c                TIM1_TRG_COM_IRQHandler
                0x0000000008000e4c                DMA1_Channel1_IRQHandler
                0x0000000008000e4c                Default_Handler
                0x0000000008000e4c                EXTI15_10_IRQHandler
                0x0000000008000e4c                TIM7_IRQHandler
                0x0000000008000e4c                TIM5_IRQHandler
                0x0000000008000e4c                EXTI9_5_IRQHandler
                0x0000000008000e4c                SPI2_IRQHandler
                0x0000000008000e4c                USB_LP_CAN_RX0_IRQHandler
                0x0000000008000e4c                MemManage_Handler
                0x0000000008000e4c                SVC_Handler
                0x0000000008000e4c                DMA1_Channel5_IRQHandler
                0x0000000008000e4c                EXTI4_IRQHandler
                0x0000000008000e4c                DMA1_Channel3_IRQHandler
                0x0000000008000e4c                FSMC_IRQHandler
                0x0000000008000e4c                TIM1_UP_IRQHandler
                0x0000000008000e4c                WWDG_IRQHandler
                0x0000000008000e4c                TIM2_IRQHandler
                0x0000000008000e4c                TIM1_BRK_IRQHandler
                0x0000000008000e4c                EXTI1_IRQHandler
                0x0000000008000e4c                RTCAlarm_IRQHandler
                0x0000000008000e4c                DMA2_Channel4_5_IRQHandler
                0x0000000008000e4c                USART2_IRQHandler
                0x0000000008000e4c                I2C2_ER_IRQHandler
                0x0000000008000e4c                DMA1_Channel2_IRQHandler
                0x0000000008000e4c                TIM8_BRK_IRQHandler
                0x0000000008000e4c                FLASH_IRQHandler
                0x0000000008000e4c                BusFault_Handler
                0x0000000008000e4c                USART1_IRQHandler
                0x0000000008000e4c                SPI3_IRQHandler
                0x0000000008000e4c                I2C1_ER_IRQHandler
                0x0000000008000e4c                DMA2_Channel3_IRQHandler
 *fill*         0x0000000008000e4e        0x2 
 .text.__libc_init_array
                0x0000000008000e50       0x48 c:/st/stm32cubeide_1.4.0/stm32cubeide/plugins/com.st.stm32cube.ide.mcu.externaltools.gnu-tools-for-stm32.7-2018-q2-update.win32_1.4.0.202007081208/tools/bin/../lib/gcc/arm-none-eabi/7.3.1/../../../../arm-none-eabi/lib/thumb/v7-m\libc_nano.a(lib_a-init.o)
                0x0000000008000e50                __libc_init_array
 *(.glue_7)
 .glue_7        0x0000000008000e98        0x0 linker stubs
 *(.glue_7t)
 .glue_7t       0x0000000008000e98        0x0 linker stubs
 *(.eh_frame)
 .eh_frame      0x0000000008000e98        0x0 c:/st/stm32cubeide_1.4.0/stm32cubeide/plugins/com.st.stm32cube.ide.mcu.externaltools.gnu-tools-for-stm32.7-2018-q2-update.win32_1.4.0.202007081208/tools/bin/../lib/gcc/arm-none-eabi/7.3.1/thumb/v7-m/crtbegin.o
 *(.init)
 .init          0x0000000008000e98        0x4 c:/st/stm32cubeide_1.4.0/stm32cubeide/plugins/com.st.stm32cube.ide.mcu.externaltools.gnu-tools-for-stm32.7-2018-q2-update.win32_1.4.0.202007081208/tools/bin/../lib/gcc/arm-none-eabi/7.3.1/thumb/v7-m/crti.o
                0x0000000008000e98                _init
 .init          0x0000000008000e9c        0x8 c:/st/stm32cubeide_1.4.0/stm32cubeide/plugins/com.st.stm32cube.ide.mcu.externaltools.gnu-tools-for-stm32.7-2018-q2-update.win32_1.4.0.202007081208/tools/bin/../lib/gcc/arm-none-eabi/7.3.1/thumb/v7-m/crtn.o
 *(.fini)
 .fini          0x0000000008000ea4        0x4 c:/st/stm32cubeide_1.4.0/stm32cubeide/plugins/com.st.stm32cube.ide.mcu.externaltools.gnu-tools-for-stm32.7-2018-q2-update.win32_1.4.0.202007081208/tools/bin/../lib/gcc/arm-none-eabi/7.3.1/thumb/v7-m/crti.o
                0x0000000008000ea4                _fini
 .fini          0x0000000008000ea8        0x8 c:/st/stm32cubeide_1.4.0/stm32cubeide/plugins/com.st.stm32cube.ide.mcu.externaltools.gnu-tools-for-stm32.7-2018-q2-update.win32_1.4.0.202007081208/tools/bin/../lib/gcc/arm-none-eabi/7.3.1/thumb/v7-m/crtn.o
                0x0000000008000eb0                . = ALIGN (0x4)
                0x0000000008000eb0                _etext = .

.vfp11_veneer   0x0000000008000eb0        0x0
 .vfp11_veneer  0x0000000008000eb0        0x0 linker stubs

.v4_bx          0x0000000008000eb0        0x0
 .v4_bx         0x0000000008000eb0        0x0 linker stubs

.iplt           0x0000000008000eb0        0x0
 .iplt          0x0000000008000eb0        0x0 c:/st/stm32cubeide_1.4.0/stm32cubeide/plugins/com.st.stm32cube.ide.mcu.externaltools.gnu-tools-for-stm32.7-2018-q2-update.win32_1.4.0.202007081208/tools/bin/../lib/gcc/arm-none-eabi/7.3.1/thumb/v7-m/crtbegin.o

.rodata         0x0000000008000eb0       0x34
                0x0000000008000eb0                . = ALIGN (0x4)
 *(.rodata)
 .rodata        0x0000000008000eb0       0x33 Src/main.o
 *(.rodata*)
                0x0000000008000ee4                . = ALIGN (0x4)
 *fill*         0x0000000008000ee3        0x1 

.rel.dyn        0x0000000008000ee4        0x0
 .rel.iplt      0x0000000008000ee4        0x0 c:/st/stm32cubeide_1.4.0/stm32cubeide/plugins/com.st.stm32cube.ide.mcu.externaltools.gnu-tools-for-stm32.7-2018-q2-update.win32_1.4.0.202007081208/tools/bin/../lib/gcc/arm-none-eabi/7.3.1/thumb/v7-m/crtbegin.o

.ARM.extab      0x0000000008000ee4        0x0
                0x0000000008000ee4                . = ALIGN (0x4)
 *(.ARM.extab* .gnu.linkonce.armextab.*)
                0x0000000008000ee4                . = ALIGN (0x4)

.ARM            0x0000000008000ee4        0x0
                0x0000000008000ee4                . = ALIGN (0x4)
                0x0000000008000ee4                __exidx_start = .
 *(.ARM.exidx*)
                0x0000000008000ee4                __exidx_end = .
                0x0000000008000ee4                . = ALIGN (0x4)

.preinit_array  0x0000000008000ee4        0x0
                0x0000000008000ee4                . = ALIGN (0x4)
                0x0000000008000ee4                PROVIDE (__preinit_array_start = .)
 *(.preinit_array*)
                0x0000000008000ee4                PROVIDE (__preinit_array_end = .)
                0x0000000008000ee4                . = ALIGN (0x4)

.init_array     0x0000000008000ee4        0x4
                0x0000000008000ee4                . = ALIGN (0x4)
                0x0000000008000ee4                PROVIDE (__init_array_start = .)
 *(SORT_BY_NAME(.init_array.*))
 *(.init_array*)
 .init_array    0x0000000008000ee4        0x4 c:/st/stm32cubeide_1.4.0/stm32cubeide/plugins/com.st.stm32cube.ide.mcu.externaltools.gnu-tools-for-stm32.7-2018-q2-update.win32_1.4.0.202007081208/tools/bin/../lib/gcc/arm-none-eabi/7.3.1/thumb/v7-m/crtbegin.o
                0x0000000008000ee8                PROVIDE (__init_array_end = .)
                0x0000000008000ee8                . = ALIGN (0x4)

.fini_array     0x0000000008000ee8        0x4
                0x0000000008000ee8                . = ALIGN (0x4)
                [!provide]                        PROVIDE (__fini_array_start = .)
 *(SORT_BY_NAME(.fini_array.*))
 *(.fini_array*)
 .fini_array    0x0000000008000ee8        0x4 c:/st/stm32cubeide_1.4.0/stm32cubeide/plugins/com.st.stm32cube.ide.mcu.externaltools.gnu-tools-for-stm32.7-2018-q2-update.win32_1.4.0.202007081208/tools/bin/../lib/gcc/arm-none-eabi/7.3.1/thumb/v7-m/crtbegin.o
                [!provide]                        PROVIDE (__fini_array_end = .)
                0x0000000008000eec                . = ALIGN (0x4)
                0x0000000008000eec                _sidata = LOADADDR (.data)

.data           0x0000000020000000       0x20 load address 0x0000000008000eec
                0x0000000020000000                . = ALIGN (0x4)
                0x0000000020000000                _sdata = .
 *(.data)
 *(.data*)
 .data.KEYPAD_R
                0x0000000020000000       0x10 STMF103C6_DRIVERS/KEYPAD_DRIVER/KEYPAD.o
                0x0000000020000000                KEYPAD_R
 .data.KEYPAD_C
                0x0000000020000010       0x10 STMF103C6_DRIVERS/KEYPAD_DRIVER/KEYPAD.o
                0x0000000020000010                KEYPAD_C
                0x0000000020000020                . = ALIGN (0x4)
                0x0000000020000020                _edata = .

.igot.plt       0x0000000020000020        0x0 load address 0x0000000008000f0c
 .igot.plt      0x0000000020000020        0x0 c:/st/stm32cubeide_1.4.0/stm32cubeide/plugins/com.st.stm32cube.ide.mcu.externaltools.gnu-tools-for-stm32.7-2018-q2-update.win32_1.4.0.202007081208/tools/bin/../lib/gcc/arm-none-eabi/7.3.1/thumb/v7-m/crtbegin.o
                0x0000000020000020                . = ALIGN (0x4)

.bss            0x0000000020000020       0x28 load address 0x0000000008000f0c
                0x0000000020000020                _sbss = .
                0x0000000020000020                __bss_start__ = _sbss
 *(.bss)
 .bss           0x0000000020000020       0x1c c:/st/stm32cubeide_1.4.0/stm32cubeide/plugins/com.st.stm32cube.ide.mcu.externaltools.gnu-tools-for-stm32.7-2018-q2-update.win32_1.4.0.202007081208/tools/bin/../lib/gcc/arm-none-eabi/7.3.1/thumb/v7-m/crtbegin.o
 *(.bss*)
 *(COMMON)
 COMMON         0x000000002000003c        0x4 STMF103C6_DRIVERS/KEYPAD_DRIVER/KEYPAD.o
                0x000000002000003c                keypad
 COMMON         0x0000000020000040        0x4 STMF103C6_DRIVERS/LCD_DRIVER/LCD.o
                0x0000000020000040                pinCfg
 COMMON         0x0000000020000044        0x4 STMF103C6_DRIVERS/Seven_Segment/segment.o
                0x0000000020000044                segment_config
                0x0000000020000048                . = ALIGN (0x4)
                0x0000000020000048                _ebss = .
                0x0000000020000048                __bss_end__ = _ebss

._user_heap_stack
                0x0000000020000048      0x600 load address 0x0000000008000f0c
                0x0000000020000048                . = ALIGN (0x8)
                [!provide]                        PROVIDE (end = .)
                0x0000000020000048                PROVIDE (_end = .)
                0x0000000020000248                . = (. + _Min_Heap_Size)
 *fill*         0x0000000020000048      0x200 
                0x0000000020000648                . = (. + _Min_Stack_Size)
 *fill*         0x0000000020000248      0x400 
                0x0000000020000648                . = ALIGN (0x8)

/DISCARD/
 libc.a(*)
 libm.a(*)
 libgcc.a(*)

.ARM.attributes
                0x0000000000000000       0x29
 *(.ARM.attributes)
 .ARM.attributes
                0x0000000000000000       0x1d c:/st/stm32cubeide_1.4.0/stm32cubeide/plugins/com.st.stm32cube.ide.mcu.externaltools.gnu-tools-for-stm32.7-2018-q2-update.win32_1.4.0.202007081208/tools/bin/../lib/gcc/arm-none-eabi/7.3.1/thumb/v7-m/crti.o
 .ARM.attributes
                0x000000000000001d       0x2d c:/st/stm32cubeide_1.4.0/stm32cubeide/plugins/com.st.stm32cube.ide.mcu.externaltools.gnu-tools-for-stm32.7-2018-q2-update.win32_1.4.0.202007081208/tools/bin/../lib/gcc/arm-none-eabi/7.3.1/thumb/v7-m/crtbegin.o
 .ARM.attributes
                0x000000000000004a       0x33 STMF103C6_DRIVERS/KEYPAD_DRIVER/KEYPAD.o
 .ARM.attributes
                0x000000000000007d       0x33 STMF103C6_DRIVERS/LCD_DRIVER/LCD.o
 .ARM.attributes
                0x00000000000000b0       0x33 STMF103C6_DRIVERS/Seven_Segment/segment.o
 .ARM.attributes
                0x00000000000000e3       0x33 STMF103C6_DRIVERS/stm32_F103C6_gpio_driver.o
 .ARM.attributes
                0x0000000000000116       0x33 Src/main.o
 .ARM.attributes
                0x0000000000000149       0x21 Startup/startup_stm32f103c6tx.o
 .ARM.attributes
                0x000000000000016a       0x2d c:/st/stm32cubeide_1.4.0/stm32cubeide/plugins/com.st.stm32cube.ide.mcu.externaltools.gnu-tools-for-stm32.7-2018-q2-update.win32_1.4.0.202007081208/tools/bin/../lib/gcc/arm-none-eabi/7.3.1/../../../../arm-none-eabi/lib/thumb/v7-m\libc_nano.a(lib_a-init.o)
 .ARM.attributes
                0x0000000000000197       0x1d c:/st/stm32cubeide_1.4.0/stm32cubeide/plugins/com.st.stm32cube.ide.mcu.externaltools.gnu-tools-for-stm32.7-2018-q2-update.win32_1.4.0.202007081208/tools/bin/../lib/gcc/arm-none-eabi/7.3.1/thumb/v7-m/crtn.o
OUTPUT(Unit7_lesson3_section.elf elf32-littlearm)

.debug_info     0x0000000000000000     0x3b43
 .debug_info    0x0000000000000000      0xb54 STMF103C6_DRIVERS/KEYPAD_DRIVER/KEYPAD.o
 .debug_info    0x0000000000000b54      0xc28 STMF103C6_DRIVERS/LCD_DRIVER/LCD.o
 .debug_info    0x000000000000177c      0xaa1 STMF103C6_DRIVERS/Seven_Segment/segment.o
 .debug_info    0x000000000000221d      0xd82 STMF103C6_DRIVERS/stm32_F103C6_gpio_driver.o
 .debug_info    0x0000000000002f9f      0xb82 Src/main.o
 .debug_info    0x0000000000003b21       0x22 Startup/startup_stm32f103c6tx.o

.debug_abbrev   0x0000000000000000      0x964
 .debug_abbrev  0x0000000000000000      0x1cf STMF103C6_DRIVERS/KEYPAD_DRIVER/KEYPAD.o
 .debug_abbrev  0x00000000000001cf      0x239 STMF103C6_DRIVERS/LCD_DRIVER/LCD.o
 .debug_abbrev  0x0000000000000408      0x17f STMF103C6_DRIVERS/Seven_Segment/segment.o
 .debug_abbrev  0x0000000000000587      0x1fc STMF103C6_DRIVERS/stm32_F103C6_gpio_driver.o
 .debug_abbrev  0x0000000000000783      0x1cf Src/main.o
 .debug_abbrev  0x0000000000000952       0x12 Startup/startup_stm32f103c6tx.o

.debug_loc      0x0000000000000000      0x7e0
 .debug_loc     0x0000000000000000       0xd8 STMF103C6_DRIVERS/KEYPAD_DRIVER/KEYPAD.o
 .debug_loc     0x00000000000000d8      0x2d4 STMF103C6_DRIVERS/LCD_DRIVER/LCD.o
 .debug_loc     0x00000000000003ac       0x2c STMF103C6_DRIVERS/Seven_Segment/segment.o
 .debug_loc     0x00000000000003d8      0x330 STMF103C6_DRIVERS/stm32_F103C6_gpio_driver.o
 .debug_loc     0x0000000000000708       0xd8 Src/main.o

.debug_aranges  0x0000000000000000      0x178
 .debug_aranges
                0x0000000000000000       0x30 STMF103C6_DRIVERS/KEYPAD_DRIVER/KEYPAD.o
 .debug_aranges
                0x0000000000000030       0x70 STMF103C6_DRIVERS/LCD_DRIVER/LCD.o
 .debug_aranges
                0x00000000000000a0       0x20 STMF103C6_DRIVERS/Seven_Segment/segment.o
 .debug_aranges
                0x00000000000000c0       0x60 STMF103C6_DRIVERS/stm32_F103C6_gpio_driver.o
 .debug_aranges
                0x0000000000000120       0x30 Src/main.o
 .debug_aranges
                0x0000000000000150       0x28 Startup/startup_stm32f103c6tx.o

.debug_ranges   0x0000000000000000      0x120
 .debug_ranges  0x0000000000000000       0x20 STMF103C6_DRIVERS/KEYPAD_DRIVER/KEYPAD.o
 .debug_ranges  0x0000000000000020       0x60 STMF103C6_DRIVERS/LCD_DRIVER/LCD.o
 .debug_ranges  0x0000000000000080       0x10 STMF103C6_DRIVERS/Seven_Segment/segment.o
 .debug_ranges  0x0000000000000090       0x50 STMF103C6_DRIVERS/stm32_F103C6_gpio_driver.o
 .debug_ranges  0x00000000000000e0       0x20 Src/main.o
 .debug_ranges  0x0000000000000100       0x20 Startup/startup_stm32f103c6tx.o

.debug_macro    0x0000000000000000     0x22a7
 .debug_macro   0x0000000000000000      0x14c STMF103C6_DRIVERS/KEYPAD_DRIVER/KEYPAD.o
 .debug_macro   0x000000000000014c      0xa60 STMF103C6_DRIVERS/KEYPAD_DRIVER/KEYPAD.o
 .debug_macro   0x0000000000000bac       0x18 STMF103C6_DRIVERS/KEYPAD_DRIVER/KEYPAD.o
 .debug_macro   0x0000000000000bc4       0x22 STMF103C6_DRIVERS/KEYPAD_DRIVER/KEYPAD.o
 .debug_macro   0x0000000000000be6       0x40 STMF103C6_DRIVERS/KEYPAD_DRIVER/KEYPAD.o
 .debug_macro   0x0000000000000c26       0x94 STMF103C6_DRIVERS/KEYPAD_DRIVER/KEYPAD.o
 .debug_macro   0x0000000000000cba       0x3c STMF103C6_DRIVERS/KEYPAD_DRIVER/KEYPAD.o
 .debug_macro   0x0000000000000cf6       0x34 STMF103C6_DRIVERS/KEYPAD_DRIVER/KEYPAD.o
 .debug_macro   0x0000000000000d2a       0x16 STMF103C6_DRIVERS/KEYPAD_DRIVER/KEYPAD.o
 .debug_macro   0x0000000000000d40      0x10e STMF103C6_DRIVERS/KEYPAD_DRIVER/KEYPAD.o
 .debug_macro   0x0000000000000e4e       0x8d STMF103C6_DRIVERS/KEYPAD_DRIVER/KEYPAD.o
 .debug_macro   0x0000000000000edb       0x57 STMF103C6_DRIVERS/KEYPAD_DRIVER/KEYPAD.o
 .debug_macro   0x0000000000000f32       0x52 STMF103C6_DRIVERS/KEYPAD_DRIVER/KEYPAD.o
 .debug_macro   0x0000000000000f84       0x1f STMF103C6_DRIVERS/KEYPAD_DRIVER/KEYPAD.o
 .debug_macro   0x0000000000000fa3       0x43 STMF103C6_DRIVERS/KEYPAD_DRIVER/KEYPAD.o
 .debug_macro   0x0000000000000fe6       0x20 STMF103C6_DRIVERS/KEYPAD_DRIVER/KEYPAD.o
 .debug_macro   0x0000000000001006      0x1a3 STMF103C6_DRIVERS/KEYPAD_DRIVER/KEYPAD.o
 .debug_macro   0x00000000000011a9      0x330 STMF103C6_DRIVERS/KEYPAD_DRIVER/KEYPAD.o
 .debug_macro   0x00000000000014d9       0x16 STMF103C6_DRIVERS/KEYPAD_DRIVER/KEYPAD.o
 .debug_macro   0x00000000000014ef       0x29 STMF103C6_DRIVERS/KEYPAD_DRIVER/KEYPAD.o
 .debug_macro   0x0000000000001518       0xef STMF103C6_DRIVERS/KEYPAD_DRIVER/KEYPAD.o
 .debug_macro   0x0000000000001607       0x6a STMF103C6_DRIVERS/KEYPAD_DRIVER/KEYPAD.o
 .debug_macro   0x0000000000001671      0x1df STMF103C6_DRIVERS/KEYPAD_DRIVER/KEYPAD.o
 .debug_macro   0x0000000000001850       0xc1 STMF103C6_DRIVERS/KEYPAD_DRIVER/KEYPAD.o
 .debug_macro   0x0000000000001911       0xd0 STMF103C6_DRIVERS/KEYPAD_DRIVER/KEYPAD.o
 .debug_macro   0x00000000000019e1       0x40 STMF103C6_DRIVERS/KEYPAD_DRIVER/KEYPAD.o
 .debug_macro   0x0000000000001a21      0x14c STMF103C6_DRIVERS/LCD_DRIVER/LCD.o
 .debug_macro   0x0000000000001b6d       0xdc STMF103C6_DRIVERS/LCD_DRIVER/LCD.o
 .debug_macro   0x0000000000001c49      0x14c STMF103C6_DRIVERS/Seven_Segment/segment.o
 .debug_macro   0x0000000000001d95       0x46 STMF103C6_DRIVERS/Seven_Segment/segment.o
 .debug_macro   0x0000000000001ddb      0x13f STMF103C6_DRIVERS/stm32_F103C6_gpio_driver.o
 .debug_macro   0x0000000000001f1a       0xbb STMF103C6_DRIVERS/stm32_F103C6_gpio_driver.o
 .debug_macro   0x0000000000001fd5      0x15e Src/main.o
 .debug_macro   0x0000000000002133       0xe2 Src/main.o
 .debug_macro   0x0000000000002215       0x46 Src/main.o
 .debug_macro   0x000000000000225b       0x4c Src/main.o

.debug_line     0x0000000000000000     0x2116
 .debug_line    0x0000000000000000      0x6a3 STMF103C6_DRIVERS/KEYPAD_DRIVER/KEYPAD.o
 .debug_line    0x00000000000006a3      0x6cd STMF103C6_DRIVERS/LCD_DRIVER/LCD.o
 .debug_line    0x0000000000000d70      0x596 STMF103C6_DRIVERS/Seven_Segment/segment.o
 .debug_line    0x0000000000001306      0x69d STMF103C6_DRIVERS/stm32_F103C6_gpio_driver.o
 .debug_line    0x00000000000019a3      0x6ef Src/main.o
 .debug_line    0x0000000000002092       0x84 Startup/startup_stm32f103c6tx.o

.debug_str      0x0000000000000000     0x7da9
 .debug_str     0x0000000000000000     0x768d STMF103C6_DRIVERS/KEYPAD_DRIVER/KEYPAD.o
                                       0x78ee (size before relaxing)
 .debug_str     0x000000000000768d      0x438 STMF103C6_DRIVERS/LCD_DRIVER/LCD.o
                                       0x7c17 (size before relaxing)
 .debug_str     0x0000000000007ac5       0xdb STMF103C6_DRIVERS/Seven_Segment/segment.o
                                       0x78aa (size before relaxing)
 .debug_str     0x0000000000007ba0      0x179 STMF103C6_DRIVERS/stm32_F103C6_gpio_driver.o
                                       0x7952 (size before relaxing)
 .debug_str     0x0000000000007d19       0x5f Src/main.o
                                       0x7cc5 (size before relaxing)
 .debug_str     0x0000000000007d78       0x31 Startup/startup_stm32f103c6tx.o
                                         0x71 (size before relaxing)

.comment        0x0000000000000000       0x7b
 .comment       0x0000000000000000       0x7b STMF103C6_DRIVERS/KEYPAD_DRIVER/KEYPAD.o
                                         0x7c (size before relaxing)
 .comment       0x000000000000007b       0x7c STMF103C6_DRIVERS/LCD_DRIVER/LCD.o
 .comment       0x000000000000007b       0x7c STMF103C6_DRIVERS/Seven_Segment/segment.o
 .comment       0x000000000000007b       0x7c STMF103C6_DRIVERS/stm32_F103C6_gpio_driver.o
 .comment       0x000000000000007b       0x7c Src/main.o

.debug_frame    0x0000000000000000      0x43c
 .debug_frame   0x0000000000000000       0x78 STMF103C6_DRIVERS/KEYPAD_DRIVER/KEYPAD.o
 .debug_frame   0x0000000000000078      0x17c STMF103C6_DRIVERS/LCD_DRIVER/LCD.o
 .debug_frame   0x00000000000001f4       0x2c STMF103C6_DRIVERS/Seven_Segment/segment.o
 .debug_frame   0x0000000000000220      0x178 STMF103C6_DRIVERS/stm32_F103C6_gpio_driver.o
 .debug_frame   0x0000000000000398       0x78 Src/main.o
 .debug_frame   0x0000000000000410       0x2c c:/st/stm32cubeide_1.4.0/stm32cubeide/plugins/com.st.stm32cube.ide.mcu.externaltools.gnu-tools-for-stm32.7-2018-q2-update.win32_1.4.0.202007081208/tools/bin/../lib/gcc/arm-none-eabi/7.3.1/../../../../arm-none-eabi/lib/thumb/v7-m\libc_nano.a(lib_a-init.o)
