Archive member included to satisfy reference by file (symbol)

c:/st/stm32cubeide_1.4.0/stm32cubeide/plugins/com.st.stm32cube.ide.mcu.externaltools.gnu-tools-for-stm32.7-2018-q2-update.win32_1.4.0.202007081208/tools/bin/../lib/gcc/arm-none-eabi/7.3.1/../../../../arm-none-eabi/lib/thumb/v7-m\libc_nano.a(lib_a-errno.o)
                              Src/syscalls.o (__errno)
c:/st/stm32cubeide_1.4.0/stm32cubeide/plugins/com.st.stm32cube.ide.mcu.externaltools.gnu-tools-for-stm32.7-2018-q2-update.win32_1.4.0.202007081208/tools/bin/../lib/gcc/arm-none-eabi/7.3.1/../../../../arm-none-eabi/lib/thumb/v7-m\libc_nano.a(lib_a-exit.o)
                              c:/st/stm32cubeide_1.4.0/stm32cubeide/plugins/com.st.stm32cube.ide.mcu.externaltools.gnu-tools-for-stm32.7-2018-q2-update.win32_1.4.0.202007081208/tools/bin/../lib/gcc/arm-none-eabi/7.3.1/../../../../arm-none-eabi/lib/thumb/v7-m/crt0.o (exit)
c:/st/stm32cubeide_1.4.0/stm32cubeide/plugins/com.st.stm32cube.ide.mcu.externaltools.gnu-tools-for-stm32.7-2018-q2-update.win32_1.4.0.202007081208/tools/bin/../lib/gcc/arm-none-eabi/7.3.1/../../../../arm-none-eabi/lib/thumb/v7-m\libc_nano.a(lib_a-impure.o)
                              c:/st/stm32cubeide_1.4.0/stm32cubeide/plugins/com.st.stm32cube.ide.mcu.externaltools.gnu-tools-for-stm32.7-2018-q2-update.win32_1.4.0.202007081208/tools/bin/../lib/gcc/arm-none-eabi/7.3.1/../../../../arm-none-eabi/lib/thumb/v7-m\libc_nano.a(lib_a-exit.o) (_global_impure_ptr)
c:/st/stm32cubeide_1.4.0/stm32cubeide/plugins/com.st.stm32cube.ide.mcu.externaltools.gnu-tools-for-stm32.7-2018-q2-update.win32_1.4.0.202007081208/tools/bin/../lib/gcc/arm-none-eabi/7.3.1/../../../../arm-none-eabi/lib/thumb/v7-m\libc_nano.a(lib_a-init.o)
                              c:/st/stm32cubeide_1.4.0/stm32cubeide/plugins/com.st.stm32cube.ide.mcu.externaltools.gnu-tools-for-stm32.7-2018-q2-update.win32_1.4.0.202007081208/tools/bin/../lib/gcc/arm-none-eabi/7.3.1/../../../../arm-none-eabi/lib/thumb/v7-m/crt0.o (__libc_init_array)
c:/st/stm32cubeide_1.4.0/stm32cubeide/plugins/com.st.stm32cube.ide.mcu.externaltools.gnu-tools-for-stm32.7-2018-q2-update.win32_1.4.0.202007081208/tools/bin/../lib/gcc/arm-none-eabi/7.3.1/../../../../arm-none-eabi/lib/thumb/v7-m\libc_nano.a(lib_a-memset.o)
                              c:/st/stm32cubeide_1.4.0/stm32cubeide/plugins/com.st.stm32cube.ide.mcu.externaltools.gnu-tools-for-stm32.7-2018-q2-update.win32_1.4.0.202007081208/tools/bin/../lib/gcc/arm-none-eabi/7.3.1/../../../../arm-none-eabi/lib/thumb/v7-m/crt0.o (memset)

Allocating common symbols
Common symbol       size              file

GPTF_IRQ_Callback   0x40              STM32F103C6_DRIVERS/EXTI/stm32_F103C6_EXTI_driver.o
ch                  0x1               Src/main.o

Discarded input sections

 .text          0x0000000000000000        0x0 c:/st/stm32cubeide_1.4.0/stm32cubeide/plugins/com.st.stm32cube.ide.mcu.externaltools.gnu-tools-for-stm32.7-2018-q2-update.win32_1.4.0.202007081208/tools/bin/../lib/gcc/arm-none-eabi/7.3.1/thumb/v7-m/crti.o
 .data          0x0000000000000000        0x0 c:/st/stm32cubeide_1.4.0/stm32cubeide/plugins/com.st.stm32cube.ide.mcu.externaltools.gnu-tools-for-stm32.7-2018-q2-update.win32_1.4.0.202007081208/tools/bin/../lib/gcc/arm-none-eabi/7.3.1/thumb/v7-m/crti.o
 .bss           0x0000000000000000        0x0 c:/st/stm32cubeide_1.4.0/stm32cubeide/plugins/com.st.stm32cube.ide.mcu.externaltools.gnu-tools-for-stm32.7-2018-q2-update.win32_1.4.0.202007081208/tools/bin/../lib/gcc/arm-none-eabi/7.3.1/thumb/v7-m/crti.o
 .data          0x0000000000000000        0x4 c:/st/stm32cubeide_1.4.0/stm32cubeide/plugins/com.st.stm32cube.ide.mcu.externaltools.gnu-tools-for-stm32.7-2018-q2-update.win32_1.4.0.202007081208/tools/bin/../lib/gcc/arm-none-eabi/7.3.1/thumb/v7-m/crtbegin.o
 .text          0x0000000000000000       0x74 c:/st/stm32cubeide_1.4.0/stm32cubeide/plugins/com.st.stm32cube.ide.mcu.externaltools.gnu-tools-for-stm32.7-2018-q2-update.win32_1.4.0.202007081208/tools/bin/../lib/gcc/arm-none-eabi/7.3.1/../../../../arm-none-eabi/lib/thumb/v7-m/crt0.o
 .data          0x0000000000000000        0x0 c:/st/stm32cubeide_1.4.0/stm32cubeide/plugins/com.st.stm32cube.ide.mcu.externaltools.gnu-tools-for-stm32.7-2018-q2-update.win32_1.4.0.202007081208/tools/bin/../lib/gcc/arm-none-eabi/7.3.1/../../../../arm-none-eabi/lib/thumb/v7-m/crt0.o
 .bss           0x0000000000000000        0x0 c:/st/stm32cubeide_1.4.0/stm32cubeide/plugins/com.st.stm32cube.ide.mcu.externaltools.gnu-tools-for-stm32.7-2018-q2-update.win32_1.4.0.202007081208/tools/bin/../lib/gcc/arm-none-eabi/7.3.1/../../../../arm-none-eabi/lib/thumb/v7-m/crt0.o
 .ARM.extab     0x0000000000000000        0x0 c:/st/stm32cubeide_1.4.0/stm32cubeide/plugins/com.st.stm32cube.ide.mcu.externaltools.gnu-tools-for-stm32.7-2018-q2-update.win32_1.4.0.202007081208/tools/bin/../lib/gcc/arm-none-eabi/7.3.1/../../../../arm-none-eabi/lib/thumb/v7-m/crt0.o
 .ARM.exidx     0x0000000000000000        0x8 c:/st/stm32cubeide_1.4.0/stm32cubeide/plugins/com.st.stm32cube.ide.mcu.externaltools.gnu-tools-for-stm32.7-2018-q2-update.win32_1.4.0.202007081208/tools/bin/../lib/gcc/arm-none-eabi/7.3.1/../../../../arm-none-eabi/lib/thumb/v7-m/crt0.o
 .ARM.attributes
                0x0000000000000000       0x1b c:/st/stm32cubeide_1.4.0/stm32cubeide/plugins/com.st.stm32cube.ide.mcu.externaltools.gnu-tools-for-stm32.7-2018-q2-update.win32_1.4.0.202007081208/tools/bin/../lib/gcc/arm-none-eabi/7.3.1/../../../../arm-none-eabi/lib/thumb/v7-m/crt0.o
 .group         0x0000000000000000        0xc STM32F103C6_DRIVERS/EXTI/stm32_F103C6_EXTI_driver.o
 .group         0x0000000000000000        0xc STM32F103C6_DRIVERS/EXTI/stm32_F103C6_EXTI_driver.o
 .group         0x0000000000000000        0xc STM32F103C6_DRIVERS/EXTI/stm32_F103C6_EXTI_driver.o
 .group         0x0000000000000000        0xc STM32F103C6_DRIVERS/EXTI/stm32_F103C6_EXTI_driver.o
 .group         0x0000000000000000        0xc STM32F103C6_DRIVERS/EXTI/stm32_F103C6_EXTI_driver.o
 .group         0x0000000000000000        0xc STM32F103C6_DRIVERS/EXTI/stm32_F103C6_EXTI_driver.o
 .group         0x0000000000000000        0xc STM32F103C6_DRIVERS/EXTI/stm32_F103C6_EXTI_driver.o
 .group         0x0000000000000000        0xc STM32F103C6_DRIVERS/EXTI/stm32_F103C6_EXTI_driver.o
 .group         0x0000000000000000        0xc STM32F103C6_DRIVERS/EXTI/stm32_F103C6_EXTI_driver.o
 .group         0x0000000000000000        0xc STM32F103C6_DRIVERS/EXTI/stm32_F103C6_EXTI_driver.o
 .group         0x0000000000000000        0xc STM32F103C6_DRIVERS/EXTI/stm32_F103C6_EXTI_driver.o
 .group         0x0000000000000000        0xc STM32F103C6_DRIVERS/EXTI/stm32_F103C6_EXTI_driver.o
 .group         0x0000000000000000        0xc STM32F103C6_DRIVERS/EXTI/stm32_F103C6_EXTI_driver.o
 .group         0x0000000000000000        0xc STM32F103C6_DRIVERS/EXTI/stm32_F103C6_EXTI_driver.o
 .group         0x0000000000000000        0xc STM32F103C6_DRIVERS/EXTI/stm32_F103C6_EXTI_driver.o
 .group         0x0000000000000000        0xc STM32F103C6_DRIVERS/EXTI/stm32_F103C6_EXTI_driver.o
 .group         0x0000000000000000        0xc STM32F103C6_DRIVERS/EXTI/stm32_F103C6_EXTI_driver.o
 .group         0x0000000000000000        0xc STM32F103C6_DRIVERS/EXTI/stm32_F103C6_EXTI_driver.o
 .group         0x0000000000000000        0xc STM32F103C6_DRIVERS/EXTI/stm32_F103C6_EXTI_driver.o
 .group         0x0000000000000000        0xc STM32F103C6_DRIVERS/EXTI/stm32_F103C6_EXTI_driver.o
 .group         0x0000000000000000        0xc STM32F103C6_DRIVERS/EXTI/stm32_F103C6_EXTI_driver.o
 .group         0x0000000000000000        0xc STM32F103C6_DRIVERS/EXTI/stm32_F103C6_EXTI_driver.o
 .group         0x0000000000000000        0xc STM32F103C6_DRIVERS/EXTI/stm32_F103C6_EXTI_driver.o
 .group         0x0000000000000000        0xc STM32F103C6_DRIVERS/EXTI/stm32_F103C6_EXTI_driver.o
 .group         0x0000000000000000        0xc STM32F103C6_DRIVERS/EXTI/stm32_F103C6_EXTI_driver.o
 .text          0x0000000000000000        0x0 STM32F103C6_DRIVERS/EXTI/stm32_F103C6_EXTI_driver.o
 .data          0x0000000000000000        0x0 STM32F103C6_DRIVERS/EXTI/stm32_F103C6_EXTI_driver.o
 .bss           0x0000000000000000        0x0 STM32F103C6_DRIVERS/EXTI/stm32_F103C6_EXTI_driver.o
 .text.Enable_NVIC
                0x0000000000000000       0xcc STM32F103C6_DRIVERS/EXTI/stm32_F103C6_EXTI_driver.o
 .text.Disable_NVIC
                0x0000000000000000       0xcc STM32F103C6_DRIVERS/EXTI/stm32_F103C6_EXTI_driver.o
 .text.Update_EXTI
                0x0000000000000000      0x1cc STM32F103C6_DRIVERS/EXTI/stm32_F103C6_EXTI_driver.o
 .text.MCAL_EXTI_GPIO_Init
                0x0000000000000000       0x16 STM32F103C6_DRIVERS/EXTI/stm32_F103C6_EXTI_driver.o
 .text.MCAL_EXTI_GPIO_Deinit
                0x0000000000000000       0x94 STM32F103C6_DRIVERS/EXTI/stm32_F103C6_EXTI_driver.o
 .text.MCAL_EXTI_GPIO_Update
                0x0000000000000000       0x16 STM32F103C6_DRIVERS/EXTI/stm32_F103C6_EXTI_driver.o
 .group         0x0000000000000000        0xc STM32F103C6_DRIVERS/GPIO/stm32_F103C6_gpio_driver.o
 .group         0x0000000000000000        0xc STM32F103C6_DRIVERS/GPIO/stm32_F103C6_gpio_driver.o
 .group         0x0000000000000000        0xc STM32F103C6_DRIVERS/GPIO/stm32_F103C6_gpio_driver.o
 .group         0x0000000000000000        0xc STM32F103C6_DRIVERS/GPIO/stm32_F103C6_gpio_driver.o
 .group         0x0000000000000000        0xc STM32F103C6_DRIVERS/GPIO/stm32_F103C6_gpio_driver.o
 .group         0x0000000000000000        0xc STM32F103C6_DRIVERS/GPIO/stm32_F103C6_gpio_driver.o
 .group         0x0000000000000000        0xc STM32F103C6_DRIVERS/GPIO/stm32_F103C6_gpio_driver.o
 .group         0x0000000000000000        0xc STM32F103C6_DRIVERS/GPIO/stm32_F103C6_gpio_driver.o
 .group         0x0000000000000000        0xc STM32F103C6_DRIVERS/GPIO/stm32_F103C6_gpio_driver.o
 .group         0x0000000000000000        0xc STM32F103C6_DRIVERS/GPIO/stm32_F103C6_gpio_driver.o
 .group         0x0000000000000000        0xc STM32F103C6_DRIVERS/GPIO/stm32_F103C6_gpio_driver.o
 .group         0x0000000000000000        0xc STM32F103C6_DRIVERS/GPIO/stm32_F103C6_gpio_driver.o
 .group         0x0000000000000000        0xc STM32F103C6_DRIVERS/GPIO/stm32_F103C6_gpio_driver.o
 .group         0x0000000000000000        0xc STM32F103C6_DRIVERS/GPIO/stm32_F103C6_gpio_driver.o
 .group         0x0000000000000000        0xc STM32F103C6_DRIVERS/GPIO/stm32_F103C6_gpio_driver.o
 .group         0x0000000000000000        0xc STM32F103C6_DRIVERS/GPIO/stm32_F103C6_gpio_driver.o
 .group         0x0000000000000000        0xc STM32F103C6_DRIVERS/GPIO/stm32_F103C6_gpio_driver.o
 .group         0x0000000000000000        0xc STM32F103C6_DRIVERS/GPIO/stm32_F103C6_gpio_driver.o
 .group         0x0000000000000000        0xc STM32F103C6_DRIVERS/GPIO/stm32_F103C6_gpio_driver.o
 .group         0x0000000000000000        0xc STM32F103C6_DRIVERS/GPIO/stm32_F103C6_gpio_driver.o
 .group         0x0000000000000000        0xc STM32F103C6_DRIVERS/GPIO/stm32_F103C6_gpio_driver.o
 .group         0x0000000000000000        0xc STM32F103C6_DRIVERS/GPIO/stm32_F103C6_gpio_driver.o
 .group         0x0000000000000000        0xc STM32F103C6_DRIVERS/GPIO/stm32_F103C6_gpio_driver.o
 .group         0x0000000000000000        0xc STM32F103C6_DRIVERS/GPIO/stm32_F103C6_gpio_driver.o
 .text          0x0000000000000000        0x0 STM32F103C6_DRIVERS/GPIO/stm32_F103C6_gpio_driver.o
 .data          0x0000000000000000        0x0 STM32F103C6_DRIVERS/GPIO/stm32_F103C6_gpio_driver.o
 .bss           0x0000000000000000        0x0 STM32F103C6_DRIVERS/GPIO/stm32_F103C6_gpio_driver.o
 .text.MCAL_GPIO_DeInit
                0x0000000000000000       0xd4 STM32F103C6_DRIVERS/GPIO/stm32_F103C6_gpio_driver.o
 .text.MCAL_GPIO_ReadPin
                0x0000000000000000       0x2e STM32F103C6_DRIVERS/GPIO/stm32_F103C6_gpio_driver.o
 .text.MCAL_GPIO_ReadPort
                0x0000000000000000       0x1a STM32F103C6_DRIVERS/GPIO/stm32_F103C6_gpio_driver.o
 .text.MCAL_GPIO_WritePort
                0x0000000000000000       0x1c STM32F103C6_DRIVERS/GPIO/stm32_F103C6_gpio_driver.o
 .text.MCAL_GPIO_TogglePin
                0x0000000000000000       0x22 STM32F103C6_DRIVERS/GPIO/stm32_F103C6_gpio_driver.o
 .text.MCAL_GPIO_LockPin
                0x0000000000000000       0x50 STM32F103C6_DRIVERS/GPIO/stm32_F103C6_gpio_driver.o
 .debug_macro   0x0000000000000000      0xa60 STM32F103C6_DRIVERS/GPIO/stm32_F103C6_gpio_driver.o
 .debug_macro   0x0000000000000000       0x18 STM32F103C6_DRIVERS/GPIO/stm32_F103C6_gpio_driver.o
 .debug_macro   0x0000000000000000       0x22 STM32F103C6_DRIVERS/GPIO/stm32_F103C6_gpio_driver.o
 .debug_macro   0x0000000000000000       0x40 STM32F103C6_DRIVERS/GPIO/stm32_F103C6_gpio_driver.o
 .debug_macro   0x0000000000000000       0x94 STM32F103C6_DRIVERS/GPIO/stm32_F103C6_gpio_driver.o
 .debug_macro   0x0000000000000000       0x3c STM32F103C6_DRIVERS/GPIO/stm32_F103C6_gpio_driver.o
 .debug_macro   0x0000000000000000       0x34 STM32F103C6_DRIVERS/GPIO/stm32_F103C6_gpio_driver.o
 .debug_macro   0x0000000000000000       0x16 STM32F103C6_DRIVERS/GPIO/stm32_F103C6_gpio_driver.o
 .debug_macro   0x0000000000000000      0x10e STM32F103C6_DRIVERS/GPIO/stm32_F103C6_gpio_driver.o
 .debug_macro   0x0000000000000000       0x8d STM32F103C6_DRIVERS/GPIO/stm32_F103C6_gpio_driver.o
 .debug_macro   0x0000000000000000       0x57 STM32F103C6_DRIVERS/GPIO/stm32_F103C6_gpio_driver.o
 .debug_macro   0x0000000000000000       0x52 STM32F103C6_DRIVERS/GPIO/stm32_F103C6_gpio_driver.o
 .debug_macro   0x0000000000000000       0x1f STM32F103C6_DRIVERS/GPIO/stm32_F103C6_gpio_driver.o
 .debug_macro   0x0000000000000000       0x43 STM32F103C6_DRIVERS/GPIO/stm32_F103C6_gpio_driver.o
 .debug_macro   0x0000000000000000       0x20 STM32F103C6_DRIVERS/GPIO/stm32_F103C6_gpio_driver.o
 .debug_macro   0x0000000000000000      0x1a3 STM32F103C6_DRIVERS/GPIO/stm32_F103C6_gpio_driver.o
 .debug_macro   0x0000000000000000      0x330 STM32F103C6_DRIVERS/GPIO/stm32_F103C6_gpio_driver.o
 .debug_macro   0x0000000000000000       0x16 STM32F103C6_DRIVERS/GPIO/stm32_F103C6_gpio_driver.o
 .debug_macro   0x0000000000000000       0x29 STM32F103C6_DRIVERS/GPIO/stm32_F103C6_gpio_driver.o
 .debug_macro   0x0000000000000000       0xef STM32F103C6_DRIVERS/GPIO/stm32_F103C6_gpio_driver.o
 .debug_macro   0x0000000000000000       0x6a STM32F103C6_DRIVERS/GPIO/stm32_F103C6_gpio_driver.o
 .debug_macro   0x0000000000000000      0x1df STM32F103C6_DRIVERS/GPIO/stm32_F103C6_gpio_driver.o
 .debug_macro   0x0000000000000000      0x2a7 STM32F103C6_DRIVERS/GPIO/stm32_F103C6_gpio_driver.o
 .group         0x0000000000000000        0xc STM32F103C6_DRIVERS/RCC/RCC.o
 .group         0x0000000000000000        0xc STM32F103C6_DRIVERS/RCC/RCC.o
 .group         0x0000000000000000        0xc STM32F103C6_DRIVERS/RCC/RCC.o
 .group         0x0000000000000000        0xc STM32F103C6_DRIVERS/RCC/RCC.o
 .group         0x0000000000000000        0xc STM32F103C6_DRIVERS/RCC/RCC.o
 .group         0x0000000000000000        0xc STM32F103C6_DRIVERS/RCC/RCC.o
 .group         0x0000000000000000        0xc STM32F103C6_DRIVERS/RCC/RCC.o
 .group         0x0000000000000000        0xc STM32F103C6_DRIVERS/RCC/RCC.o
 .group         0x0000000000000000        0xc STM32F103C6_DRIVERS/RCC/RCC.o
 .group         0x0000000000000000        0xc STM32F103C6_DRIVERS/RCC/RCC.o
 .group         0x0000000000000000        0xc STM32F103C6_DRIVERS/RCC/RCC.o
 .group         0x0000000000000000        0xc STM32F103C6_DRIVERS/RCC/RCC.o
 .group         0x0000000000000000        0xc STM32F103C6_DRIVERS/RCC/RCC.o
 .group         0x0000000000000000        0xc STM32F103C6_DRIVERS/RCC/RCC.o
 .group         0x0000000000000000        0xc STM32F103C6_DRIVERS/RCC/RCC.o
 .group         0x0000000000000000        0xc STM32F103C6_DRIVERS/RCC/RCC.o
 .group         0x0000000000000000        0xc STM32F103C6_DRIVERS/RCC/RCC.o
 .group         0x0000000000000000        0xc STM32F103C6_DRIVERS/RCC/RCC.o
 .group         0x0000000000000000        0xc STM32F103C6_DRIVERS/RCC/RCC.o
 .group         0x0000000000000000        0xc STM32F103C6_DRIVERS/RCC/RCC.o
 .group         0x0000000000000000        0xc STM32F103C6_DRIVERS/RCC/RCC.o
 .group         0x0000000000000000        0xc STM32F103C6_DRIVERS/RCC/RCC.o
 .group         0x0000000000000000        0xc STM32F103C6_DRIVERS/RCC/RCC.o
 .group         0x0000000000000000        0xc STM32F103C6_DRIVERS/RCC/RCC.o
 .group         0x0000000000000000        0xc STM32F103C6_DRIVERS/RCC/RCC.o
 .text          0x0000000000000000        0x0 STM32F103C6_DRIVERS/RCC/RCC.o
 .data          0x0000000000000000        0x0 STM32F103C6_DRIVERS/RCC/RCC.o
 .bss           0x0000000000000000        0x0 STM32F103C6_DRIVERS/RCC/RCC.o
 .debug_macro   0x0000000000000000      0xa60 STM32F103C6_DRIVERS/RCC/RCC.o
 .debug_macro   0x0000000000000000       0x18 STM32F103C6_DRIVERS/RCC/RCC.o
 .debug_macro   0x0000000000000000       0x22 STM32F103C6_DRIVERS/RCC/RCC.o
 .debug_macro   0x0000000000000000       0x40 STM32F103C6_DRIVERS/RCC/RCC.o
 .debug_macro   0x0000000000000000       0x94 STM32F103C6_DRIVERS/RCC/RCC.o
 .debug_macro   0x0000000000000000       0x3c STM32F103C6_DRIVERS/RCC/RCC.o
 .debug_macro   0x0000000000000000       0x34 STM32F103C6_DRIVERS/RCC/RCC.o
 .debug_macro   0x0000000000000000       0x16 STM32F103C6_DRIVERS/RCC/RCC.o
 .debug_macro   0x0000000000000000      0x10e STM32F103C6_DRIVERS/RCC/RCC.o
 .debug_macro   0x0000000000000000       0x8d STM32F103C6_DRIVERS/RCC/RCC.o
 .debug_macro   0x0000000000000000       0x57 STM32F103C6_DRIVERS/RCC/RCC.o
 .debug_macro   0x0000000000000000       0x52 STM32F103C6_DRIVERS/RCC/RCC.o
 .debug_macro   0x0000000000000000       0x1f STM32F103C6_DRIVERS/RCC/RCC.o
 .debug_macro   0x0000000000000000       0x43 STM32F103C6_DRIVERS/RCC/RCC.o
 .debug_macro   0x0000000000000000       0x20 STM32F103C6_DRIVERS/RCC/RCC.o
 .debug_macro   0x0000000000000000      0x1a3 STM32F103C6_DRIVERS/RCC/RCC.o
 .debug_macro   0x0000000000000000      0x330 STM32F103C6_DRIVERS/RCC/RCC.o
 .debug_macro   0x0000000000000000       0x16 STM32F103C6_DRIVERS/RCC/RCC.o
 .debug_macro   0x0000000000000000       0x29 STM32F103C6_DRIVERS/RCC/RCC.o
 .debug_macro   0x0000000000000000       0xef STM32F103C6_DRIVERS/RCC/RCC.o
 .debug_macro   0x0000000000000000       0x6a STM32F103C6_DRIVERS/RCC/RCC.o
 .debug_macro   0x0000000000000000      0x1df STM32F103C6_DRIVERS/RCC/RCC.o
 .debug_macro   0x0000000000000000      0x2a7 STM32F103C6_DRIVERS/RCC/RCC.o
 .debug_macro   0x0000000000000000       0xd6 STM32F103C6_DRIVERS/RCC/RCC.o
 .group         0x0000000000000000        0xc STM32F103C6_DRIVERS/SPI/SPI.o
 .group         0x0000000000000000        0xc STM32F103C6_DRIVERS/SPI/SPI.o
 .group         0x0000000000000000        0xc STM32F103C6_DRIVERS/SPI/SPI.o
 .group         0x0000000000000000        0xc STM32F103C6_DRIVERS/SPI/SPI.o
 .group         0x0000000000000000        0xc STM32F103C6_DRIVERS/SPI/SPI.o
 .group         0x0000000000000000        0xc STM32F103C6_DRIVERS/SPI/SPI.o
 .group         0x0000000000000000        0xc STM32F103C6_DRIVERS/SPI/SPI.o
 .group         0x0000000000000000        0xc STM32F103C6_DRIVERS/SPI/SPI.o
 .group         0x0000000000000000        0xc STM32F103C6_DRIVERS/SPI/SPI.o
 .group         0x0000000000000000        0xc STM32F103C6_DRIVERS/SPI/SPI.o
 .group         0x0000000000000000        0xc STM32F103C6_DRIVERS/SPI/SPI.o
 .group         0x0000000000000000        0xc STM32F103C6_DRIVERS/SPI/SPI.o
 .group         0x0000000000000000        0xc STM32F103C6_DRIVERS/SPI/SPI.o
 .group         0x0000000000000000        0xc STM32F103C6_DRIVERS/SPI/SPI.o
 .group         0x0000000000000000        0xc STM32F103C6_DRIVERS/SPI/SPI.o
 .group         0x0000000000000000        0xc STM32F103C6_DRIVERS/SPI/SPI.o
 .group         0x0000000000000000        0xc STM32F103C6_DRIVERS/SPI/SPI.o
 .group         0x0000000000000000        0xc STM32F103C6_DRIVERS/SPI/SPI.o
 .group         0x0000000000000000        0xc STM32F103C6_DRIVERS/SPI/SPI.o
 .group         0x0000000000000000        0xc STM32F103C6_DRIVERS/SPI/SPI.o
 .group         0x0000000000000000        0xc STM32F103C6_DRIVERS/SPI/SPI.o
 .group         0x0000000000000000        0xc STM32F103C6_DRIVERS/SPI/SPI.o
 .group         0x0000000000000000        0xc STM32F103C6_DRIVERS/SPI/SPI.o
 .group         0x0000000000000000        0xc STM32F103C6_DRIVERS/SPI/SPI.o
 .group         0x0000000000000000        0xc STM32F103C6_DRIVERS/SPI/SPI.o
 .group         0x0000000000000000        0xc STM32F103C6_DRIVERS/SPI/SPI.o
 .text          0x0000000000000000        0x0 STM32F103C6_DRIVERS/SPI/SPI.o
 .data          0x0000000000000000        0x0 STM32F103C6_DRIVERS/SPI/SPI.o
 .bss           0x0000000000000000        0x0 STM32F103C6_DRIVERS/SPI/SPI.o
 .text.MCAL_SPI_DeInit
                0x0000000000000000       0x64 STM32F103C6_DRIVERS/SPI/SPI.o
 .text.MCAL_SPI_SendData
                0x0000000000000000       0x36 STM32F103C6_DRIVERS/SPI/SPI.o
 .text.MCAL_SPI_ReceiveData
                0x0000000000000000       0x36 STM32F103C6_DRIVERS/SPI/SPI.o
 .debug_macro   0x0000000000000000      0xa60 STM32F103C6_DRIVERS/SPI/SPI.o
 .debug_macro   0x0000000000000000       0x18 STM32F103C6_DRIVERS/SPI/SPI.o
 .debug_macro   0x0000000000000000       0x22 STM32F103C6_DRIVERS/SPI/SPI.o
 .debug_macro   0x0000000000000000       0x40 STM32F103C6_DRIVERS/SPI/SPI.o
 .debug_macro   0x0000000000000000       0x94 STM32F103C6_DRIVERS/SPI/SPI.o
 .debug_macro   0x0000000000000000       0x3c STM32F103C6_DRIVERS/SPI/SPI.o
 .debug_macro   0x0000000000000000       0x34 STM32F103C6_DRIVERS/SPI/SPI.o
 .debug_macro   0x0000000000000000       0x16 STM32F103C6_DRIVERS/SPI/SPI.o
 .debug_macro   0x0000000000000000      0x10e STM32F103C6_DRIVERS/SPI/SPI.o
 .debug_macro   0x0000000000000000       0x8d STM32F103C6_DRIVERS/SPI/SPI.o
 .debug_macro   0x0000000000000000       0x57 STM32F103C6_DRIVERS/SPI/SPI.o
 .debug_macro   0x0000000000000000       0x52 STM32F103C6_DRIVERS/SPI/SPI.o
 .debug_macro   0x0000000000000000       0x1f STM32F103C6_DRIVERS/SPI/SPI.o
 .debug_macro   0x0000000000000000       0x43 STM32F103C6_DRIVERS/SPI/SPI.o
 .debug_macro   0x0000000000000000       0x20 STM32F103C6_DRIVERS/SPI/SPI.o
 .debug_macro   0x0000000000000000      0x1a3 STM32F103C6_DRIVERS/SPI/SPI.o
 .debug_macro   0x0000000000000000      0x330 STM32F103C6_DRIVERS/SPI/SPI.o
 .debug_macro   0x0000000000000000       0x16 STM32F103C6_DRIVERS/SPI/SPI.o
 .debug_macro   0x0000000000000000       0x29 STM32F103C6_DRIVERS/SPI/SPI.o
 .debug_macro   0x0000000000000000       0xef STM32F103C6_DRIVERS/SPI/SPI.o
 .debug_macro   0x0000000000000000       0x6a STM32F103C6_DRIVERS/SPI/SPI.o
 .debug_macro   0x0000000000000000      0x1df STM32F103C6_DRIVERS/SPI/SPI.o
 .debug_macro   0x0000000000000000      0x2a7 STM32F103C6_DRIVERS/SPI/SPI.o
 .debug_macro   0x0000000000000000       0xd0 STM32F103C6_DRIVERS/SPI/SPI.o
 .group         0x0000000000000000        0xc STM32F103C6_DRIVERS/USART/uart.o
 .group         0x0000000000000000        0xc STM32F103C6_DRIVERS/USART/uart.o
 .group         0x0000000000000000        0xc STM32F103C6_DRIVERS/USART/uart.o
 .group         0x0000000000000000        0xc STM32F103C6_DRIVERS/USART/uart.o
 .group         0x0000000000000000        0xc STM32F103C6_DRIVERS/USART/uart.o
 .group         0x0000000000000000        0xc STM32F103C6_DRIVERS/USART/uart.o
 .group         0x0000000000000000        0xc STM32F103C6_DRIVERS/USART/uart.o
 .group         0x0000000000000000        0xc STM32F103C6_DRIVERS/USART/uart.o
 .group         0x0000000000000000        0xc STM32F103C6_DRIVERS/USART/uart.o
 .group         0x0000000000000000        0xc STM32F103C6_DRIVERS/USART/uart.o
 .group         0x0000000000000000        0xc STM32F103C6_DRIVERS/USART/uart.o
 .group         0x0000000000000000        0xc STM32F103C6_DRIVERS/USART/uart.o
 .group         0x0000000000000000        0xc STM32F103C6_DRIVERS/USART/uart.o
 .group         0x0000000000000000        0xc STM32F103C6_DRIVERS/USART/uart.o
 .group         0x0000000000000000        0xc STM32F103C6_DRIVERS/USART/uart.o
 .group         0x0000000000000000        0xc STM32F103C6_DRIVERS/USART/uart.o
 .group         0x0000000000000000        0xc STM32F103C6_DRIVERS/USART/uart.o
 .group         0x0000000000000000        0xc STM32F103C6_DRIVERS/USART/uart.o
 .group         0x0000000000000000        0xc STM32F103C6_DRIVERS/USART/uart.o
 .group         0x0000000000000000        0xc STM32F103C6_DRIVERS/USART/uart.o
 .group         0x0000000000000000        0xc STM32F103C6_DRIVERS/USART/uart.o
 .group         0x0000000000000000        0xc STM32F103C6_DRIVERS/USART/uart.o
 .group         0x0000000000000000        0xc STM32F103C6_DRIVERS/USART/uart.o
 .group         0x0000000000000000        0xc STM32F103C6_DRIVERS/USART/uart.o
 .group         0x0000000000000000        0xc STM32F103C6_DRIVERS/USART/uart.o
 .group         0x0000000000000000        0xc STM32F103C6_DRIVERS/USART/uart.o
 .group         0x0000000000000000        0xc STM32F103C6_DRIVERS/USART/uart.o
 .text          0x0000000000000000        0x0 STM32F103C6_DRIVERS/USART/uart.o
 .data          0x0000000000000000        0x0 STM32F103C6_DRIVERS/USART/uart.o
 .bss           0x0000000000000000        0x0 STM32F103C6_DRIVERS/USART/uart.o
 .text.MCAL_UART_DeInit
                0x0000000000000000       0x8c STM32F103C6_DRIVERS/USART/uart.o
 .text.MCAL_UART_Wait_TC
                0x0000000000000000       0x20 STM32F103C6_DRIVERS/USART/uart.o
 .debug_macro   0x0000000000000000      0xa60 STM32F103C6_DRIVERS/USART/uart.o
 .debug_macro   0x0000000000000000       0x18 STM32F103C6_DRIVERS/USART/uart.o
 .debug_macro   0x0000000000000000       0x22 STM32F103C6_DRIVERS/USART/uart.o
 .debug_macro   0x0000000000000000       0x40 STM32F103C6_DRIVERS/USART/uart.o
 .debug_macro   0x0000000000000000       0x94 STM32F103C6_DRIVERS/USART/uart.o
 .debug_macro   0x0000000000000000       0x3c STM32F103C6_DRIVERS/USART/uart.o
 .debug_macro   0x0000000000000000       0x34 STM32F103C6_DRIVERS/USART/uart.o
 .debug_macro   0x0000000000000000       0x16 STM32F103C6_DRIVERS/USART/uart.o
 .debug_macro   0x0000000000000000      0x10e STM32F103C6_DRIVERS/USART/uart.o
 .debug_macro   0x0000000000000000       0x8d STM32F103C6_DRIVERS/USART/uart.o
 .debug_macro   0x0000000000000000       0x57 STM32F103C6_DRIVERS/USART/uart.o
 .debug_macro   0x0000000000000000       0x52 STM32F103C6_DRIVERS/USART/uart.o
 .debug_macro   0x0000000000000000       0x1f STM32F103C6_DRIVERS/USART/uart.o
 .debug_macro   0x0000000000000000       0x43 STM32F103C6_DRIVERS/USART/uart.o
 .debug_macro   0x0000000000000000       0x20 STM32F103C6_DRIVERS/USART/uart.o
 .debug_macro   0x0000000000000000      0x1a3 STM32F103C6_DRIVERS/USART/uart.o
 .debug_macro   0x0000000000000000      0x330 STM32F103C6_DRIVERS/USART/uart.o
 .debug_macro   0x0000000000000000       0x16 STM32F103C6_DRIVERS/USART/uart.o
 .debug_macro   0x0000000000000000       0x29 STM32F103C6_DRIVERS/USART/uart.o
 .debug_macro   0x0000000000000000       0xef STM32F103C6_DRIVERS/USART/uart.o
 .debug_macro   0x0000000000000000       0x6a STM32F103C6_DRIVERS/USART/uart.o
 .debug_macro   0x0000000000000000      0x1df STM32F103C6_DRIVERS/USART/uart.o
 .debug_macro   0x0000000000000000      0x2a7 STM32F103C6_DRIVERS/USART/uart.o
 .debug_macro   0x0000000000000000       0xd6 STM32F103C6_DRIVERS/USART/uart.o
 .debug_macro   0x0000000000000000      0x22e STM32F103C6_DRIVERS/USART/uart.o
 .group         0x0000000000000000        0xc Src/main.o
 .group         0x0000000000000000        0xc Src/main.o
 .group         0x0000000000000000        0xc Src/main.o
 .group         0x0000000000000000        0xc Src/main.o
 .group         0x0000000000000000        0xc Src/main.o
 .group         0x0000000000000000        0xc Src/main.o
 .group         0x0000000000000000        0xc Src/main.o
 .group         0x0000000000000000        0xc Src/main.o
 .group         0x0000000000000000        0xc Src/main.o
 .group         0x0000000000000000        0xc Src/main.o
 .group         0x0000000000000000        0xc Src/main.o
 .group         0x0000000000000000        0xc Src/main.o
 .group         0x0000000000000000        0xc Src/main.o
 .group         0x0000000000000000        0xc Src/main.o
 .group         0x0000000000000000        0xc Src/main.o
 .group         0x0000000000000000        0xc Src/main.o
 .group         0x0000000000000000        0xc Src/main.o
 .group         0x0000000000000000        0xc Src/main.o
 .group         0x0000000000000000        0xc Src/main.o
 .group         0x0000000000000000        0xc Src/main.o
 .group         0x0000000000000000        0xc Src/main.o
 .group         0x0000000000000000        0xc Src/main.o
 .group         0x0000000000000000        0xc Src/main.o
 .group         0x0000000000000000        0xc Src/main.o
 .group         0x0000000000000000        0xc Src/main.o
 .group         0x0000000000000000        0xc Src/main.o
 .group         0x0000000000000000        0xc Src/main.o
 .group         0x0000000000000000        0xc Src/main.o
 .text          0x0000000000000000        0x0 Src/main.o
 .data          0x0000000000000000        0x0 Src/main.o
 .bss           0x0000000000000000        0x0 Src/main.o
 .text.Hassan_SPI1_IRQ_Callback
                0x0000000000000000       0x12 Src/main.o
 .debug_macro   0x0000000000000000      0xa60 Src/main.o
 .debug_macro   0x0000000000000000       0x18 Src/main.o
 .debug_macro   0x0000000000000000       0x22 Src/main.o
 .debug_macro   0x0000000000000000       0x40 Src/main.o
 .debug_macro   0x0000000000000000       0x94 Src/main.o
 .debug_macro   0x0000000000000000       0x3c Src/main.o
 .debug_macro   0x0000000000000000       0x34 Src/main.o
 .debug_macro   0x0000000000000000       0x16 Src/main.o
 .debug_macro   0x0000000000000000      0x10e Src/main.o
 .debug_macro   0x0000000000000000       0x8d Src/main.o
 .debug_macro   0x0000000000000000       0x57 Src/main.o
 .debug_macro   0x0000000000000000       0x52 Src/main.o
 .debug_macro   0x0000000000000000       0x1f Src/main.o
 .debug_macro   0x0000000000000000       0x43 Src/main.o
 .debug_macro   0x0000000000000000       0x20 Src/main.o
 .debug_macro   0x0000000000000000      0x1a3 Src/main.o
 .debug_macro   0x0000000000000000      0x330 Src/main.o
 .debug_macro   0x0000000000000000       0x16 Src/main.o
 .debug_macro   0x0000000000000000       0x29 Src/main.o
 .debug_macro   0x0000000000000000       0xef Src/main.o
 .debug_macro   0x0000000000000000       0x6a Src/main.o
 .debug_macro   0x0000000000000000      0x1df Src/main.o
 .debug_macro   0x0000000000000000      0x2a7 Src/main.o
 .debug_macro   0x0000000000000000       0xd6 Src/main.o
 .debug_macro   0x0000000000000000      0x228 Src/main.o
 .debug_macro   0x0000000000000000       0x16 Src/main.o
 .debug_macro   0x0000000000000000       0xe8 Src/main.o
 .group         0x0000000000000000        0xc Src/syscalls.o
 .group         0x0000000000000000        0xc Src/syscalls.o
 .group         0x0000000000000000        0xc Src/syscalls.o
 .group         0x0000000000000000        0xc Src/syscalls.o
 .group         0x0000000000000000        0xc Src/syscalls.o
 .group         0x0000000000000000        0xc Src/syscalls.o
 .group         0x0000000000000000        0xc Src/syscalls.o
 .group         0x0000000000000000        0xc Src/syscalls.o
 .group         0x0000000000000000        0xc Src/syscalls.o
 .group         0x0000000000000000        0xc Src/syscalls.o
 .group         0x0000000000000000        0xc Src/syscalls.o
 .group         0x0000000000000000        0xc Src/syscalls.o
 .group         0x0000000000000000        0xc Src/syscalls.o
 .group         0x0000000000000000        0xc Src/syscalls.o
 .group         0x0000000000000000        0xc Src/syscalls.o
 .group         0x0000000000000000        0xc Src/syscalls.o
 .group         0x0000000000000000        0xc Src/syscalls.o
 .group         0x0000000000000000        0xc Src/syscalls.o
 .group         0x0000000000000000        0xc Src/syscalls.o
 .group         0x0000000000000000        0xc Src/syscalls.o
 .group         0x0000000000000000        0xc Src/syscalls.o
 .group         0x0000000000000000        0xc Src/syscalls.o
 .group         0x0000000000000000        0xc Src/syscalls.o
 .group         0x0000000000000000        0xc Src/syscalls.o
 .group         0x0000000000000000        0xc Src/syscalls.o
 .group         0x0000000000000000        0xc Src/syscalls.o
 .group         0x0000000000000000        0xc Src/syscalls.o
 .group         0x0000000000000000        0xc Src/syscalls.o
 .group         0x0000000000000000        0xc Src/syscalls.o
 .group         0x0000000000000000        0xc Src/syscalls.o
 .group         0x0000000000000000        0xc Src/syscalls.o
 .group         0x0000000000000000        0xc Src/syscalls.o
 .group         0x0000000000000000        0xc Src/syscalls.o
 .group         0x0000000000000000        0xc Src/syscalls.o
 .group         0x0000000000000000        0xc Src/syscalls.o
 .group         0x0000000000000000        0xc Src/syscalls.o
 .group         0x0000000000000000        0xc Src/syscalls.o
 .group         0x0000000000000000        0xc Src/syscalls.o
 .group         0x0000000000000000        0xc Src/syscalls.o
 .group         0x0000000000000000        0xc Src/syscalls.o
 .group         0x0000000000000000        0xc Src/syscalls.o
 .group         0x0000000000000000        0xc Src/syscalls.o
 .group         0x0000000000000000        0xc Src/syscalls.o
 .group         0x0000000000000000        0xc Src/syscalls.o
 .text          0x0000000000000000        0x0 Src/syscalls.o
 .data          0x0000000000000000        0x0 Src/syscalls.o
 .bss           0x0000000000000000        0x0 Src/syscalls.o
 .bss.__env     0x0000000000000000        0x4 Src/syscalls.o
 .data.environ  0x0000000000000000        0x4 Src/syscalls.o
 .text.initialise_monitor_handles
                0x0000000000000000        0xc Src/syscalls.o
 .text._getpid  0x0000000000000000        0xe Src/syscalls.o
 .text._kill    0x0000000000000000       0x20 Src/syscalls.o
 .text._exit    0x0000000000000000       0x14 Src/syscalls.o
 .text._read    0x0000000000000000       0x3a Src/syscalls.o
 .text._write   0x0000000000000000       0x38 Src/syscalls.o
 .text._close   0x0000000000000000       0x16 Src/syscalls.o
 .text._fstat   0x0000000000000000       0x1e Src/syscalls.o
 .text._isatty  0x0000000000000000       0x14 Src/syscalls.o
 .text._lseek   0x0000000000000000       0x18 Src/syscalls.o
 .text._open    0x0000000000000000       0x1a Src/syscalls.o
 .text._wait    0x0000000000000000       0x1e Src/syscalls.o
 .text._unlink  0x0000000000000000       0x1e Src/syscalls.o
 .text._times   0x0000000000000000       0x16 Src/syscalls.o
 .text._stat    0x0000000000000000       0x1e Src/syscalls.o
 .text._link    0x0000000000000000       0x20 Src/syscalls.o
 .text._fork    0x0000000000000000       0x16 Src/syscalls.o
 .text._execve  0x0000000000000000       0x22 Src/syscalls.o
 .debug_info    0x0000000000000000     0x1038 Src/syscalls.o
 .debug_abbrev  0x0000000000000000      0x254 Src/syscalls.o
 .debug_loc     0x0000000000000000      0x5b8 Src/syscalls.o
 .debug_aranges
                0x0000000000000000       0xa8 Src/syscalls.o
 .debug_ranges  0x0000000000000000       0x98 Src/syscalls.o
 .debug_macro   0x0000000000000000      0x243 Src/syscalls.o
 .debug_macro   0x0000000000000000      0xa60 Src/syscalls.o
 .debug_macro   0x0000000000000000       0x22 Src/syscalls.o
 .debug_macro   0x0000000000000000       0x40 Src/syscalls.o
 .debug_macro   0x0000000000000000       0x18 Src/syscalls.o
 .debug_macro   0x0000000000000000       0x94 Src/syscalls.o
 .debug_macro   0x0000000000000000       0x3c Src/syscalls.o
 .debug_macro   0x0000000000000000       0x34 Src/syscalls.o
 .debug_macro   0x0000000000000000       0x57 Src/syscalls.o
 .debug_macro   0x0000000000000000      0x174 Src/syscalls.o
 .debug_macro   0x0000000000000000      0x330 Src/syscalls.o
 .debug_macro   0x0000000000000000       0x52 Src/syscalls.o
 .debug_macro   0x0000000000000000       0x1f Src/syscalls.o
 .debug_macro   0x0000000000000000       0x43 Src/syscalls.o
 .debug_macro   0x0000000000000000       0x20 Src/syscalls.o
 .debug_macro   0x0000000000000000      0x1a3 Src/syscalls.o
 .debug_macro   0x0000000000000000       0x10 Src/syscalls.o
 .debug_macro   0x0000000000000000       0x35 Src/syscalls.o
 .debug_macro   0x0000000000000000       0x10 Src/syscalls.o
 .debug_macro   0x0000000000000000       0x10 Src/syscalls.o
 .debug_macro   0x0000000000000000       0x10 Src/syscalls.o
 .debug_macro   0x0000000000000000       0x6a Src/syscalls.o
 .debug_macro   0x0000000000000000       0x1c Src/syscalls.o
 .debug_macro   0x0000000000000000       0x52 Src/syscalls.o
 .debug_macro   0x0000000000000000       0x40 Src/syscalls.o
 .debug_macro   0x0000000000000000       0x10 Src/syscalls.o
 .debug_macro   0x0000000000000000       0x40 Src/syscalls.o
 .debug_macro   0x0000000000000000       0xd7 Src/syscalls.o
 .debug_macro   0x0000000000000000       0x1c Src/syscalls.o
 .debug_macro   0x0000000000000000       0x3d Src/syscalls.o
 .debug_macro   0x0000000000000000       0x35 Src/syscalls.o
 .debug_macro   0x0000000000000000      0x122 Src/syscalls.o
 .debug_macro   0x0000000000000000       0x16 Src/syscalls.o
 .debug_macro   0x0000000000000000       0x16 Src/syscalls.o
 .debug_macro   0x0000000000000000       0x29 Src/syscalls.o
 .debug_macro   0x0000000000000000       0x10 Src/syscalls.o
 .debug_macro   0x0000000000000000      0x241 Src/syscalls.o
 .debug_macro   0x0000000000000000       0x1c Src/syscalls.o
 .debug_macro   0x0000000000000000       0x10 Src/syscalls.o
 .debug_macro   0x0000000000000000       0x10 Src/syscalls.o
 .debug_macro   0x0000000000000000       0x16 Src/syscalls.o
 .debug_macro   0x0000000000000000      0x145 Src/syscalls.o
 .debug_macro   0x0000000000000000      0x189 Src/syscalls.o
 .debug_macro   0x0000000000000000       0x16 Src/syscalls.o
 .debug_macro   0x0000000000000000       0x88 Src/syscalls.o
 .debug_line    0x0000000000000000      0x739 Src/syscalls.o
 .debug_str     0x0000000000000000     0x888d Src/syscalls.o
 .comment       0x0000000000000000       0x7c Src/syscalls.o
 .debug_frame   0x0000000000000000      0x2ac Src/syscalls.o
 .ARM.attributes
                0x0000000000000000       0x33 Src/syscalls.o
 .group         0x0000000000000000        0xc Src/sysmem.o
 .group         0x0000000000000000        0xc Src/sysmem.o
 .group         0x0000000000000000        0xc Src/sysmem.o
 .group         0x0000000000000000        0xc Src/sysmem.o
 .group         0x0000000000000000        0xc Src/sysmem.o
 .group         0x0000000000000000        0xc Src/sysmem.o
 .group         0x0000000000000000        0xc Src/sysmem.o
 .group         0x0000000000000000        0xc Src/sysmem.o
 .group         0x0000000000000000        0xc Src/sysmem.o
 .group         0x0000000000000000        0xc Src/sysmem.o
 .group         0x0000000000000000        0xc Src/sysmem.o
 .group         0x0000000000000000        0xc Src/sysmem.o
 .group         0x0000000000000000        0xc Src/sysmem.o
 .group         0x0000000000000000        0xc Src/sysmem.o
 .group         0x0000000000000000        0xc Src/sysmem.o
 .group         0x0000000000000000        0xc Src/sysmem.o
 .group         0x0000000000000000        0xc Src/sysmem.o
 .group         0x0000000000000000        0xc Src/sysmem.o
 .group         0x0000000000000000        0xc Src/sysmem.o
 .text          0x0000000000000000        0x0 Src/sysmem.o
 .data          0x0000000000000000        0x0 Src/sysmem.o
 .bss           0x0000000000000000        0x0 Src/sysmem.o
 .bss.__sbrk_heap_end
                0x0000000000000000        0x4 Src/sysmem.o
 .text._sbrk    0x0000000000000000       0x6c Src/sysmem.o
 .debug_info    0x0000000000000000      0xa7c Src/sysmem.o
 .debug_abbrev  0x0000000000000000      0x18e Src/sysmem.o
 .debug_loc     0x0000000000000000       0x50 Src/sysmem.o
 .debug_aranges
                0x0000000000000000       0x20 Src/sysmem.o
 .debug_ranges  0x0000000000000000       0x10 Src/sysmem.o
 .debug_macro   0x0000000000000000       0xee Src/sysmem.o
 .debug_macro   0x0000000000000000      0xa60 Src/sysmem.o
 .debug_macro   0x0000000000000000       0x10 Src/sysmem.o
 .debug_macro   0x0000000000000000       0x22 Src/sysmem.o
 .debug_macro   0x0000000000000000       0x40 Src/sysmem.o
 .debug_macro   0x0000000000000000       0x18 Src/sysmem.o
 .debug_macro   0x0000000000000000       0x94 Src/sysmem.o
 .debug_macro   0x0000000000000000       0x3c Src/sysmem.o
 .debug_macro   0x0000000000000000       0x34 Src/sysmem.o
 .debug_macro   0x0000000000000000      0x174 Src/sysmem.o
 .debug_macro   0x0000000000000000       0x57 Src/sysmem.o
 .debug_macro   0x0000000000000000       0x52 Src/sysmem.o
 .debug_macro   0x0000000000000000       0x1f Src/sysmem.o
 .debug_macro   0x0000000000000000       0x43 Src/sysmem.o
 .debug_macro   0x0000000000000000       0x20 Src/sysmem.o
 .debug_macro   0x0000000000000000      0x1a3 Src/sysmem.o
 .debug_macro   0x0000000000000000      0x23b Src/sysmem.o
 .debug_macro   0x0000000000000000       0xef Src/sysmem.o
 .debug_macro   0x0000000000000000       0x6a Src/sysmem.o
 .debug_macro   0x0000000000000000      0x1df Src/sysmem.o
 .debug_line    0x0000000000000000      0x4c2 Src/sysmem.o
 .debug_str     0x0000000000000000     0x5f5b Src/sysmem.o
 .comment       0x0000000000000000       0x7c Src/sysmem.o
 .debug_frame   0x0000000000000000       0x34 Src/sysmem.o
 .ARM.attributes
                0x0000000000000000       0x33 Src/sysmem.o
 .text          0x0000000000000000       0x14 Startup/startup_stm32f103c6tx.o
 .data          0x0000000000000000        0x0 Startup/startup_stm32f103c6tx.o
 .bss           0x0000000000000000        0x0 Startup/startup_stm32f103c6tx.o
 .text          0x0000000000000000        0x0 c:/st/stm32cubeide_1.4.0/stm32cubeide/plugins/com.st.stm32cube.ide.mcu.externaltools.gnu-tools-for-stm32.7-2018-q2-update.win32_1.4.0.202007081208/tools/bin/../lib/gcc/arm-none-eabi/7.3.1/../../../../arm-none-eabi/lib/thumb/v7-m\libc_nano.a(lib_a-errno.o)
 .data          0x0000000000000000        0x0 c:/st/stm32cubeide_1.4.0/stm32cubeide/plugins/com.st.stm32cube.ide.mcu.externaltools.gnu-tools-for-stm32.7-2018-q2-update.win32_1.4.0.202007081208/tools/bin/../lib/gcc/arm-none-eabi/7.3.1/../../../../arm-none-eabi/lib/thumb/v7-m\libc_nano.a(lib_a-errno.o)
 .bss           0x0000000000000000        0x0 c:/st/stm32cubeide_1.4.0/stm32cubeide/plugins/com.st.stm32cube.ide.mcu.externaltools.gnu-tools-for-stm32.7-2018-q2-update.win32_1.4.0.202007081208/tools/bin/../lib/gcc/arm-none-eabi/7.3.1/../../../../arm-none-eabi/lib/thumb/v7-m\libc_nano.a(lib_a-errno.o)
 .text.__errno  0x0000000000000000        0xc c:/st/stm32cubeide_1.4.0/stm32cubeide/plugins/com.st.stm32cube.ide.mcu.externaltools.gnu-tools-for-stm32.7-2018-q2-update.win32_1.4.0.202007081208/tools/bin/../lib/gcc/arm-none-eabi/7.3.1/../../../../arm-none-eabi/lib/thumb/v7-m\libc_nano.a(lib_a-errno.o)
 .debug_frame   0x0000000000000000       0x20 c:/st/stm32cubeide_1.4.0/stm32cubeide/plugins/com.st.stm32cube.ide.mcu.externaltools.gnu-tools-for-stm32.7-2018-q2-update.win32_1.4.0.202007081208/tools/bin/../lib/gcc/arm-none-eabi/7.3.1/../../../../arm-none-eabi/lib/thumb/v7-m\libc_nano.a(lib_a-errno.o)
 .ARM.attributes
                0x0000000000000000       0x2d c:/st/stm32cubeide_1.4.0/stm32cubeide/plugins/com.st.stm32cube.ide.mcu.externaltools.gnu-tools-for-stm32.7-2018-q2-update.win32_1.4.0.202007081208/tools/bin/../lib/gcc/arm-none-eabi/7.3.1/../../../../arm-none-eabi/lib/thumb/v7-m\libc_nano.a(lib_a-errno.o)
 .text          0x0000000000000000        0x0 c:/st/stm32cubeide_1.4.0/stm32cubeide/plugins/com.st.stm32cube.ide.mcu.externaltools.gnu-tools-for-stm32.7-2018-q2-update.win32_1.4.0.202007081208/tools/bin/../lib/gcc/arm-none-eabi/7.3.1/../../../../arm-none-eabi/lib/thumb/v7-m\libc_nano.a(lib_a-exit.o)
 .data          0x0000000000000000        0x0 c:/st/stm32cubeide_1.4.0/stm32cubeide/plugins/com.st.stm32cube.ide.mcu.externaltools.gnu-tools-for-stm32.7-2018-q2-update.win32_1.4.0.202007081208/tools/bin/../lib/gcc/arm-none-eabi/7.3.1/../../../../arm-none-eabi/lib/thumb/v7-m\libc_nano.a(lib_a-exit.o)
 .bss           0x0000000000000000        0x0 c:/st/stm32cubeide_1.4.0/stm32cubeide/plugins/com.st.stm32cube.ide.mcu.externaltools.gnu-tools-for-stm32.7-2018-q2-update.win32_1.4.0.202007081208/tools/bin/../lib/gcc/arm-none-eabi/7.3.1/../../../../arm-none-eabi/lib/thumb/v7-m\libc_nano.a(lib_a-exit.o)
 .text.exit     0x0000000000000000       0x28 c:/st/stm32cubeide_1.4.0/stm32cubeide/plugins/com.st.stm32cube.ide.mcu.externaltools.gnu-tools-for-stm32.7-2018-q2-update.win32_1.4.0.202007081208/tools/bin/../lib/gcc/arm-none-eabi/7.3.1/../../../../arm-none-eabi/lib/thumb/v7-m\libc_nano.a(lib_a-exit.o)
 .debug_frame   0x0000000000000000       0x28 c:/st/stm32cubeide_1.4.0/stm32cubeide/plugins/com.st.stm32cube.ide.mcu.externaltools.gnu-tools-for-stm32.7-2018-q2-update.win32_1.4.0.202007081208/tools/bin/../lib/gcc/arm-none-eabi/7.3.1/../../../../arm-none-eabi/lib/thumb/v7-m\libc_nano.a(lib_a-exit.o)
 .ARM.attributes
                0x0000000000000000       0x2d c:/st/stm32cubeide_1.4.0/stm32cubeide/plugins/com.st.stm32cube.ide.mcu.externaltools.gnu-tools-for-stm32.7-2018-q2-update.win32_1.4.0.202007081208/tools/bin/../lib/gcc/arm-none-eabi/7.3.1/../../../../arm-none-eabi/lib/thumb/v7-m\libc_nano.a(lib_a-exit.o)
 .text          0x0000000000000000        0x0 c:/st/stm32cubeide_1.4.0/stm32cubeide/plugins/com.st.stm32cube.ide.mcu.externaltools.gnu-tools-for-stm32.7-2018-q2-update.win32_1.4.0.202007081208/tools/bin/../lib/gcc/arm-none-eabi/7.3.1/../../../../arm-none-eabi/lib/thumb/v7-m\libc_nano.a(lib_a-impure.o)
 .data          0x0000000000000000        0x0 c:/st/stm32cubeide_1.4.0/stm32cubeide/plugins/com.st.stm32cube.ide.mcu.externaltools.gnu-tools-for-stm32.7-2018-q2-update.win32_1.4.0.202007081208/tools/bin/../lib/gcc/arm-none-eabi/7.3.1/../../../../arm-none-eabi/lib/thumb/v7-m\libc_nano.a(lib_a-impure.o)
 .bss           0x0000000000000000        0x0 c:/st/stm32cubeide_1.4.0/stm32cubeide/plugins/com.st.stm32cube.ide.mcu.externaltools.gnu-tools-for-stm32.7-2018-q2-update.win32_1.4.0.202007081208/tools/bin/../lib/gcc/arm-none-eabi/7.3.1/../../../../arm-none-eabi/lib/thumb/v7-m\libc_nano.a(lib_a-impure.o)
 .data._impure_ptr
                0x0000000000000000        0x4 c:/st/stm32cubeide_1.4.0/stm32cubeide/plugins/com.st.stm32cube.ide.mcu.externaltools.gnu-tools-for-stm32.7-2018-q2-update.win32_1.4.0.202007081208/tools/bin/../lib/gcc/arm-none-eabi/7.3.1/../../../../arm-none-eabi/lib/thumb/v7-m\libc_nano.a(lib_a-impure.o)
 .data.impure_data
                0x0000000000000000       0x60 c:/st/stm32cubeide_1.4.0/stm32cubeide/plugins/com.st.stm32cube.ide.mcu.externaltools.gnu-tools-for-stm32.7-2018-q2-update.win32_1.4.0.202007081208/tools/bin/../lib/gcc/arm-none-eabi/7.3.1/../../../../arm-none-eabi/lib/thumb/v7-m\libc_nano.a(lib_a-impure.o)
 .rodata._global_impure_ptr
                0x0000000000000000        0x4 c:/st/stm32cubeide_1.4.0/stm32cubeide/plugins/com.st.stm32cube.ide.mcu.externaltools.gnu-tools-for-stm32.7-2018-q2-update.win32_1.4.0.202007081208/tools/bin/../lib/gcc/arm-none-eabi/7.3.1/../../../../arm-none-eabi/lib/thumb/v7-m\libc_nano.a(lib_a-impure.o)
 .ARM.attributes
                0x0000000000000000       0x2d c:/st/stm32cubeide_1.4.0/stm32cubeide/plugins/com.st.stm32cube.ide.mcu.externaltools.gnu-tools-for-stm32.7-2018-q2-update.win32_1.4.0.202007081208/tools/bin/../lib/gcc/arm-none-eabi/7.3.1/../../../../arm-none-eabi/lib/thumb/v7-m\libc_nano.a(lib_a-impure.o)
 .text          0x0000000000000000        0x0 c:/st/stm32cubeide_1.4.0/stm32cubeide/plugins/com.st.stm32cube.ide.mcu.externaltools.gnu-tools-for-stm32.7-2018-q2-update.win32_1.4.0.202007081208/tools/bin/../lib/gcc/arm-none-eabi/7.3.1/../../../../arm-none-eabi/lib/thumb/v7-m\libc_nano.a(lib_a-init.o)
 .data          0x0000000000000000        0x0 c:/st/stm32cubeide_1.4.0/stm32cubeide/plugins/com.st.stm32cube.ide.mcu.externaltools.gnu-tools-for-stm32.7-2018-q2-update.win32_1.4.0.202007081208/tools/bin/../lib/gcc/arm-none-eabi/7.3.1/../../../../arm-none-eabi/lib/thumb/v7-m\libc_nano.a(lib_a-init.o)
 .bss           0x0000000000000000        0x0 c:/st/stm32cubeide_1.4.0/stm32cubeide/plugins/com.st.stm32cube.ide.mcu.externaltools.gnu-tools-for-stm32.7-2018-q2-update.win32_1.4.0.202007081208/tools/bin/../lib/gcc/arm-none-eabi/7.3.1/../../../../arm-none-eabi/lib/thumb/v7-m\libc_nano.a(lib_a-init.o)
 .text          0x0000000000000000        0x0 c:/st/stm32cubeide_1.4.0/stm32cubeide/plugins/com.st.stm32cube.ide.mcu.externaltools.gnu-tools-for-stm32.7-2018-q2-update.win32_1.4.0.202007081208/tools/bin/../lib/gcc/arm-none-eabi/7.3.1/../../../../arm-none-eabi/lib/thumb/v7-m\libc_nano.a(lib_a-memset.o)
 .data          0x0000000000000000        0x0 c:/st/stm32cubeide_1.4.0/stm32cubeide/plugins/com.st.stm32cube.ide.mcu.externaltools.gnu-tools-for-stm32.7-2018-q2-update.win32_1.4.0.202007081208/tools/bin/../lib/gcc/arm-none-eabi/7.3.1/../../../../arm-none-eabi/lib/thumb/v7-m\libc_nano.a(lib_a-memset.o)
 .bss           0x0000000000000000        0x0 c:/st/stm32cubeide_1.4.0/stm32cubeide/plugins/com.st.stm32cube.ide.mcu.externaltools.gnu-tools-for-stm32.7-2018-q2-update.win32_1.4.0.202007081208/tools/bin/../lib/gcc/arm-none-eabi/7.3.1/../../../../arm-none-eabi/lib/thumb/v7-m\libc_nano.a(lib_a-memset.o)
 .text.memset   0x0000000000000000       0x10 c:/st/stm32cubeide_1.4.0/stm32cubeide/plugins/com.st.stm32cube.ide.mcu.externaltools.gnu-tools-for-stm32.7-2018-q2-update.win32_1.4.0.202007081208/tools/bin/../lib/gcc/arm-none-eabi/7.3.1/../../../../arm-none-eabi/lib/thumb/v7-m\libc_nano.a(lib_a-memset.o)
 .debug_frame   0x0000000000000000       0x20 c:/st/stm32cubeide_1.4.0/stm32cubeide/plugins/com.st.stm32cube.ide.mcu.externaltools.gnu-tools-for-stm32.7-2018-q2-update.win32_1.4.0.202007081208/tools/bin/../lib/gcc/arm-none-eabi/7.3.1/../../../../arm-none-eabi/lib/thumb/v7-m\libc_nano.a(lib_a-memset.o)
 .ARM.attributes
                0x0000000000000000       0x2d c:/st/stm32cubeide_1.4.0/stm32cubeide/plugins/com.st.stm32cube.ide.mcu.externaltools.gnu-tools-for-stm32.7-2018-q2-update.win32_1.4.0.202007081208/tools/bin/../lib/gcc/arm-none-eabi/7.3.1/../../../../arm-none-eabi/lib/thumb/v7-m\libc_nano.a(lib_a-memset.o)
 .text          0x0000000000000000        0x0 c:/st/stm32cubeide_1.4.0/stm32cubeide/plugins/com.st.stm32cube.ide.mcu.externaltools.gnu-tools-for-stm32.7-2018-q2-update.win32_1.4.0.202007081208/tools/bin/../lib/gcc/arm-none-eabi/7.3.1/thumb/v7-m/crtend.o
 .data          0x0000000000000000        0x0 c:/st/stm32cubeide_1.4.0/stm32cubeide/plugins/com.st.stm32cube.ide.mcu.externaltools.gnu-tools-for-stm32.7-2018-q2-update.win32_1.4.0.202007081208/tools/bin/../lib/gcc/arm-none-eabi/7.3.1/thumb/v7-m/crtend.o
 .bss           0x0000000000000000        0x0 c:/st/stm32cubeide_1.4.0/stm32cubeide/plugins/com.st.stm32cube.ide.mcu.externaltools.gnu-tools-for-stm32.7-2018-q2-update.win32_1.4.0.202007081208/tools/bin/../lib/gcc/arm-none-eabi/7.3.1/thumb/v7-m/crtend.o
 .eh_frame      0x0000000000000000        0x4 c:/st/stm32cubeide_1.4.0/stm32cubeide/plugins/com.st.stm32cube.ide.mcu.externaltools.gnu-tools-for-stm32.7-2018-q2-update.win32_1.4.0.202007081208/tools/bin/../lib/gcc/arm-none-eabi/7.3.1/thumb/v7-m/crtend.o
 .ARM.attributes
                0x0000000000000000       0x2d c:/st/stm32cubeide_1.4.0/stm32cubeide/plugins/com.st.stm32cube.ide.mcu.externaltools.gnu-tools-for-stm32.7-2018-q2-update.win32_1.4.0.202007081208/tools/bin/../lib/gcc/arm-none-eabi/7.3.1/thumb/v7-m/crtend.o
 .text          0x0000000000000000        0x0 c:/st/stm32cubeide_1.4.0/stm32cubeide/plugins/com.st.stm32cube.ide.mcu.externaltools.gnu-tools-for-stm32.7-2018-q2-update.win32_1.4.0.202007081208/tools/bin/../lib/gcc/arm-none-eabi/7.3.1/thumb/v7-m/crtn.o
 .data          0x0000000000000000        0x0 c:/st/stm32cubeide_1.4.0/stm32cubeide/plugins/com.st.stm32cube.ide.mcu.externaltools.gnu-tools-for-stm32.7-2018-q2-update.win32_1.4.0.202007081208/tools/bin/../lib/gcc/arm-none-eabi/7.3.1/thumb/v7-m/crtn.o
 .bss           0x0000000000000000        0x0 c:/st/stm32cubeide_1.4.0/stm32cubeide/plugins/com.st.stm32cube.ide.mcu.externaltools.gnu-tools-for-stm32.7-2018-q2-update.win32_1.4.0.202007081208/tools/bin/../lib/gcc/arm-none-eabi/7.3.1/thumb/v7-m/crtn.o

Memory Configuration

Name             Origin             Length             Attributes
RAM              0x0000000020000000 0x0000000000002800 xrw
ROM              0x0000000008000000 0x0000000000008000 xr
*default*        0x0000000000000000 0xffffffffffffffff

Linker script and memory map

LOAD c:/st/stm32cubeide_1.4.0/stm32cubeide/plugins/com.st.stm32cube.ide.mcu.externaltools.gnu-tools-for-stm32.7-2018-q2-update.win32_1.4.0.202007081208/tools/bin/../lib/gcc/arm-none-eabi/7.3.1/thumb/v7-m/crti.o
LOAD c:/st/stm32cubeide_1.4.0/stm32cubeide/plugins/com.st.stm32cube.ide.mcu.externaltools.gnu-tools-for-stm32.7-2018-q2-update.win32_1.4.0.202007081208/tools/bin/../lib/gcc/arm-none-eabi/7.3.1/thumb/v7-m/crtbegin.o
LOAD c:/st/stm32cubeide_1.4.0/stm32cubeide/plugins/com.st.stm32cube.ide.mcu.externaltools.gnu-tools-for-stm32.7-2018-q2-update.win32_1.4.0.202007081208/tools/bin/../lib/gcc/arm-none-eabi/7.3.1/../../../../arm-none-eabi/lib/thumb/v7-m/crt0.o
LOAD STM32F103C6_DRIVERS/EXTI/stm32_F103C6_EXTI_driver.o
LOAD STM32F103C6_DRIVERS/GPIO/stm32_F103C6_gpio_driver.o
LOAD STM32F103C6_DRIVERS/RCC/RCC.o
LOAD STM32F103C6_DRIVERS/SPI/SPI.o
LOAD STM32F103C6_DRIVERS/USART/uart.o
LOAD Src/main.o
LOAD Src/syscalls.o
LOAD Src/sysmem.o
LOAD Startup/startup_stm32f103c6tx.o
START GROUP
LOAD c:/st/stm32cubeide_1.4.0/stm32cubeide/plugins/com.st.stm32cube.ide.mcu.externaltools.gnu-tools-for-stm32.7-2018-q2-update.win32_1.4.0.202007081208/tools/bin/../lib/gcc/arm-none-eabi/7.3.1/../../../../arm-none-eabi/lib/thumb/v7-m\libc_nano.a
LOAD c:/st/stm32cubeide_1.4.0/stm32cubeide/plugins/com.st.stm32cube.ide.mcu.externaltools.gnu-tools-for-stm32.7-2018-q2-update.win32_1.4.0.202007081208/tools/bin/../lib/gcc/arm-none-eabi/7.3.1/../../../../arm-none-eabi/lib/thumb/v7-m\libm.a
END GROUP
START GROUP
LOAD c:/st/stm32cubeide_1.4.0/stm32cubeide/plugins/com.st.stm32cube.ide.mcu.externaltools.gnu-tools-for-stm32.7-2018-q2-update.win32_1.4.0.202007081208/tools/bin/../lib/gcc/arm-none-eabi/7.3.1/thumb/v7-m\libgcc.a
LOAD c:/st/stm32cubeide_1.4.0/stm32cubeide/plugins/com.st.stm32cube.ide.mcu.externaltools.gnu-tools-for-stm32.7-2018-q2-update.win32_1.4.0.202007081208/tools/bin/../lib/gcc/arm-none-eabi/7.3.1/../../../../arm-none-eabi/lib/thumb/v7-m\libg_nano.a
LOAD c:/st/stm32cubeide_1.4.0/stm32cubeide/plugins/com.st.stm32cube.ide.mcu.externaltools.gnu-tools-for-stm32.7-2018-q2-update.win32_1.4.0.202007081208/tools/bin/../lib/gcc/arm-none-eabi/7.3.1/../../../../arm-none-eabi/lib/thumb/v7-m\libc_nano.a
END GROUP
START GROUP
LOAD c:/st/stm32cubeide_1.4.0/stm32cubeide/plugins/com.st.stm32cube.ide.mcu.externaltools.gnu-tools-for-stm32.7-2018-q2-update.win32_1.4.0.202007081208/tools/bin/../lib/gcc/arm-none-eabi/7.3.1/thumb/v7-m\libgcc.a
LOAD c:/st/stm32cubeide_1.4.0/stm32cubeide/plugins/com.st.stm32cube.ide.mcu.externaltools.gnu-tools-for-stm32.7-2018-q2-update.win32_1.4.0.202007081208/tools/bin/../lib/gcc/arm-none-eabi/7.3.1/../../../../arm-none-eabi/lib/thumb/v7-m\libc_nano.a
LOAD c:/st/stm32cubeide_1.4.0/stm32cubeide/plugins/com.st.stm32cube.ide.mcu.externaltools.gnu-tools-for-stm32.7-2018-q2-update.win32_1.4.0.202007081208/tools/bin/../lib/gcc/arm-none-eabi/7.3.1/../../../../arm-none-eabi/lib/thumb/v7-m\libnosys.a
END GROUP
START GROUP
LOAD c:/st/stm32cubeide_1.4.0/stm32cubeide/plugins/com.st.stm32cube.ide.mcu.externaltools.gnu-tools-for-stm32.7-2018-q2-update.win32_1.4.0.202007081208/tools/bin/../lib/gcc/arm-none-eabi/7.3.1/thumb/v7-m\libgcc.a
LOAD c:/st/stm32cubeide_1.4.0/stm32cubeide/plugins/com.st.stm32cube.ide.mcu.externaltools.gnu-tools-for-stm32.7-2018-q2-update.win32_1.4.0.202007081208/tools/bin/../lib/gcc/arm-none-eabi/7.3.1/../../../../arm-none-eabi/lib/thumb/v7-m\libc_nano.a
LOAD c:/st/stm32cubeide_1.4.0/stm32cubeide/plugins/com.st.stm32cube.ide.mcu.externaltools.gnu-tools-for-stm32.7-2018-q2-update.win32_1.4.0.202007081208/tools/bin/../lib/gcc/arm-none-eabi/7.3.1/../../../../arm-none-eabi/lib/thumb/v7-m\libnosys.a
END GROUP
LOAD c:/st/stm32cubeide_1.4.0/stm32cubeide/plugins/com.st.stm32cube.ide.mcu.externaltools.gnu-tools-for-stm32.7-2018-q2-update.win32_1.4.0.202007081208/tools/bin/../lib/gcc/arm-none-eabi/7.3.1/thumb/v7-m/crtend.o
LOAD c:/st/stm32cubeide_1.4.0/stm32cubeide/plugins/com.st.stm32cube.ide.mcu.externaltools.gnu-tools-for-stm32.7-2018-q2-update.win32_1.4.0.202007081208/tools/bin/../lib/gcc/arm-none-eabi/7.3.1/thumb/v7-m/crtn.o
                0x0000000020002800                _estack = (ORIGIN (RAM) + LENGTH (RAM))
                0x0000000000000200                _Min_Heap_Size = 0x200
                0x0000000000000400                _Min_Stack_Size = 0x400

.isr_vector     0x0000000008000000      0x130
                0x0000000008000000                . = ALIGN (0x4)
 *(.isr_vector)
 .isr_vector    0x0000000008000000      0x130 Startup/startup_stm32f103c6tx.o
                0x0000000008000000                g_pfnVectors
                0x0000000008000130                . = ALIGN (0x4)

.text           0x0000000008000130      0xeb8
                0x0000000008000130                . = ALIGN (0x4)
 *(.text)
 .text          0x0000000008000130       0x40 c:/st/stm32cubeide_1.4.0/stm32cubeide/plugins/com.st.stm32cube.ide.mcu.externaltools.gnu-tools-for-stm32.7-2018-q2-update.win32_1.4.0.202007081208/tools/bin/../lib/gcc/arm-none-eabi/7.3.1/thumb/v7-m/crtbegin.o
 *(.text*)
 .text.EXTI0_IRQHandler
                0x0000000008000170       0x24 STM32F103C6_DRIVERS/EXTI/stm32_F103C6_EXTI_driver.o
                0x0000000008000170                EXTI0_IRQHandler
 .text.EXTI1_IRQHandler
                0x0000000008000194       0x24 STM32F103C6_DRIVERS/EXTI/stm32_F103C6_EXTI_driver.o
                0x0000000008000194                EXTI1_IRQHandler
 .text.EXTI2_IRQHandler
                0x00000000080001b8       0x24 STM32F103C6_DRIVERS/EXTI/stm32_F103C6_EXTI_driver.o
                0x00000000080001b8                EXTI2_IRQHandler
 .text.EXTI3_IRQHandler
                0x00000000080001dc       0x24 STM32F103C6_DRIVERS/EXTI/stm32_F103C6_EXTI_driver.o
                0x00000000080001dc                EXTI3_IRQHandler
 .text.EXTI4_IRQHandler
                0x0000000008000200       0x24 STM32F103C6_DRIVERS/EXTI/stm32_F103C6_EXTI_driver.o
                0x0000000008000200                EXTI4_IRQHandler
 .text.EXTI9_5_IRQHandler
                0x0000000008000224       0xa8 STM32F103C6_DRIVERS/EXTI/stm32_F103C6_EXTI_driver.o
                0x0000000008000224                EXTI9_5_IRQHandler
 .text.EXTI15_10_IRQHandler
                0x00000000080002cc       0xc4 STM32F103C6_DRIVERS/EXTI/stm32_F103C6_EXTI_driver.o
                0x00000000080002cc                EXTI15_10_IRQHandler
 .text.Get_CRLH_Position
                0x0000000008000390       0xc6 STM32F103C6_DRIVERS/GPIO/stm32_F103C6_gpio_driver.o
                0x0000000008000390                Get_CRLH_Position
 .text.MCAL_GPIO_INIT
                0x0000000008000456      0x192 STM32F103C6_DRIVERS/GPIO/stm32_F103C6_gpio_driver.o
                0x0000000008000456                MCAL_GPIO_INIT
 .text.MCAL_GPIO_WritePin
                0x00000000080005e8       0x2e STM32F103C6_DRIVERS/GPIO/stm32_F103C6_gpio_driver.o
                0x00000000080005e8                MCAL_GPIO_WritePin
 *fill*         0x0000000008000616        0x2 
 .text.MCAL_RCC_GETSYSCLKfreq
                0x0000000008000618       0x40 STM32F103C6_DRIVERS/RCC/RCC.o
                0x0000000008000618                MCAL_RCC_GETSYSCLKfreq
 .text.MCAL_RCC_GETHCLKfreq
                0x0000000008000658       0x2c STM32F103C6_DRIVERS/RCC/RCC.o
                0x0000000008000658                MCAL_RCC_GETHCLKfreq
 .text.MCAL_RCC_GETPCLK1Freq
                0x0000000008000684       0x28 STM32F103C6_DRIVERS/RCC/RCC.o
                0x0000000008000684                MCAL_RCC_GETPCLK1Freq
 .text.MCAL_RCC_GETPCLK2Freq
                0x00000000080006ac       0x28 STM32F103C6_DRIVERS/RCC/RCC.o
                0x00000000080006ac                MCAL_RCC_GETPCLK2Freq
 .text.MCAL_SPI_Init
                0x00000000080006d4      0x11c STM32F103C6_DRIVERS/SPI/SPI.o
                0x00000000080006d4                MCAL_SPI_Init
 .text.MCAL_SPI_GPIO_Set_Pins
                0x00000000080007f0      0x1e8 STM32F103C6_DRIVERS/SPI/SPI.o
                0x00000000080007f0                MCAL_SPI_GPIO_Set_Pins
 .text.MCAL_SPI_TX_RX
                0x00000000080009d8       0x54 STM32F103C6_DRIVERS/SPI/SPI.o
                0x00000000080009d8                MCAL_SPI_TX_RX
 .text.SPI1_IRQHandler
                0x0000000008000a2c       0x5c STM32F103C6_DRIVERS/SPI/SPI.o
                0x0000000008000a2c                SPI1_IRQHandler
 .text.SPI2_IRQHandler
                0x0000000008000a88       0x5c STM32F103C6_DRIVERS/SPI/SPI.o
                0x0000000008000a88                SPI2_IRQHandler
 .text.MCAL_UART_Init
                0x0000000008000ae4      0x184 STM32F103C6_DRIVERS/USART/uart.o
                0x0000000008000ae4                MCAL_UART_Init
 .text.MCAL_UART_SendData
                0x0000000008000c68       0x36 STM32F103C6_DRIVERS/USART/uart.o
                0x0000000008000c68                MCAL_UART_SendData
 *fill*         0x0000000008000c9e        0x2 
 .text.MCAL_UART_ReceiveData
                0x0000000008000ca0       0x5c STM32F103C6_DRIVERS/USART/uart.o
                0x0000000008000ca0                MCAL_UART_ReceiveData
 .text.MCAL_UART_GPIO_Set_Pins
                0x0000000008000cfc       0xc8 STM32F103C6_DRIVERS/USART/uart.o
                0x0000000008000cfc                MCAL_UART_GPIO_Set_Pins
 .text.USART1_IRQHandler
                0x0000000008000dc4       0x14 STM32F103C6_DRIVERS/USART/uart.o
                0x0000000008000dc4                USART1_IRQHandler
 .text.USART2_IRQHandler
                0x0000000008000dd8       0x14 STM32F103C6_DRIVERS/USART/uart.o
                0x0000000008000dd8                USART2_IRQHandler
 .text.USART3_IRQHandler
                0x0000000008000dec       0x14 STM32F103C6_DRIVERS/USART/uart.o
                0x0000000008000dec                USART3_IRQHandler
 .text.init_clk
                0x0000000008000e00       0x34 Src/main.o
                0x0000000008000e00                init_clk
 .text.hassan_callback
                0x0000000008000e34       0x4c Src/main.o
                0x0000000008000e34                hassan_callback
 .text.main     0x0000000008000e80       0xb4 Src/main.o
                0x0000000008000e80                main
 .text.Reset_Handler
                0x0000000008000f34       0x50 Startup/startup_stm32f103c6tx.o
                0x0000000008000f34                Reset_Handler
 .text.Default_Handler
                0x0000000008000f84        0x2 Startup/startup_stm32f103c6tx.o
                0x0000000008000f84                TIM8_TRG_COM_IRQHandler
                0x0000000008000f84                TIM8_CC_IRQHandler
                0x0000000008000f84                DebugMon_Handler
                0x0000000008000f84                TIM1_CC_IRQHandler
                0x0000000008000f84                HardFault_Handler
                0x0000000008000f84                TIM6_IRQHandler
                0x0000000008000f84                SysTick_Handler
                0x0000000008000f84                PVD_IRQHandler
                0x0000000008000f84                SDIO_IRQHandler
                0x0000000008000f84                PendSV_Handler
                0x0000000008000f84                NMI_Handler
                0x0000000008000f84                USB_HP_CAN_TX_IRQHandler
                0x0000000008000f84                I2C2_EV_IRQHandler
                0x0000000008000f84                UsageFault_Handler
                0x0000000008000f84                ADC1_2_IRQHandler
                0x0000000008000f84                CAN_SCE_IRQHandler
                0x0000000008000f84                TAMPER_IRQHandler
                0x0000000008000f84                TIM8_UP_IRQHandler
                0x0000000008000f84                DMA2_Channel2_IRQHandler
                0x0000000008000f84                DMA1_Channel4_IRQHandler
                0x0000000008000f84                RTC_IRQHandler
                0x0000000008000f84                DMA1_Channel7_IRQHandler
                0x0000000008000f84                UART5_IRQHandler
                0x0000000008000f84                ADC3_IRQHandler
                0x0000000008000f84                TIM4_IRQHandler
                0x0000000008000f84                CAN_RX1_IRQHandler
                0x0000000008000f84                DMA2_Channel1_IRQHandler
                0x0000000008000f84                I2C1_EV_IRQHandler
                0x0000000008000f84                DMA1_Channel6_IRQHandler
                0x0000000008000f84                UART4_IRQHandler
                0x0000000008000f84                TIM3_IRQHandler
                0x0000000008000f84                RCC_IRQHandler
                0x0000000008000f84                TIM1_TRG_COM_IRQHandler
                0x0000000008000f84                DMA1_Channel1_IRQHandler
                0x0000000008000f84                Default_Handler
                0x0000000008000f84                TIM7_IRQHandler
                0x0000000008000f84                TIM5_IRQHandler
                0x0000000008000f84                USB_LP_CAN_RX0_IRQHandler
                0x0000000008000f84                MemManage_Handler
                0x0000000008000f84                SVC_Handler
                0x0000000008000f84                DMA1_Channel5_IRQHandler
                0x0000000008000f84                DMA1_Channel3_IRQHandler
                0x0000000008000f84                FSMC_IRQHandler
                0x0000000008000f84                TIM1_UP_IRQHandler
                0x0000000008000f84                WWDG_IRQHandler
                0x0000000008000f84                TIM2_IRQHandler
                0x0000000008000f84                TIM1_BRK_IRQHandler
                0x0000000008000f84                RTCAlarm_IRQHandler
                0x0000000008000f84                DMA2_Channel4_5_IRQHandler
                0x0000000008000f84                I2C2_ER_IRQHandler
                0x0000000008000f84                DMA1_Channel2_IRQHandler
                0x0000000008000f84                TIM8_BRK_IRQHandler
                0x0000000008000f84                FLASH_IRQHandler
                0x0000000008000f84                BusFault_Handler
                0x0000000008000f84                SPI3_IRQHandler
                0x0000000008000f84                I2C1_ER_IRQHandler
                0x0000000008000f84                DMA2_Channel3_IRQHandler
 *fill*         0x0000000008000f86        0x2 
 .text.__libc_init_array
                0x0000000008000f88       0x48 c:/st/stm32cubeide_1.4.0/stm32cubeide/plugins/com.st.stm32cube.ide.mcu.externaltools.gnu-tools-for-stm32.7-2018-q2-update.win32_1.4.0.202007081208/tools/bin/../lib/gcc/arm-none-eabi/7.3.1/../../../../arm-none-eabi/lib/thumb/v7-m\libc_nano.a(lib_a-init.o)
                0x0000000008000f88                __libc_init_array
 *(.glue_7)
 .glue_7        0x0000000008000fd0        0x0 linker stubs
 *(.glue_7t)
 .glue_7t       0x0000000008000fd0        0x0 linker stubs
 *(.eh_frame)
 .eh_frame      0x0000000008000fd0        0x0 c:/st/stm32cubeide_1.4.0/stm32cubeide/plugins/com.st.stm32cube.ide.mcu.externaltools.gnu-tools-for-stm32.7-2018-q2-update.win32_1.4.0.202007081208/tools/bin/../lib/gcc/arm-none-eabi/7.3.1/thumb/v7-m/crtbegin.o
 *(.init)
 .init          0x0000000008000fd0        0x4 c:/st/stm32cubeide_1.4.0/stm32cubeide/plugins/com.st.stm32cube.ide.mcu.externaltools.gnu-tools-for-stm32.7-2018-q2-update.win32_1.4.0.202007081208/tools/bin/../lib/gcc/arm-none-eabi/7.3.1/thumb/v7-m/crti.o
                0x0000000008000fd0                _init
 .init          0x0000000008000fd4        0x8 c:/st/stm32cubeide_1.4.0/stm32cubeide/plugins/com.st.stm32cube.ide.mcu.externaltools.gnu-tools-for-stm32.7-2018-q2-update.win32_1.4.0.202007081208/tools/bin/../lib/gcc/arm-none-eabi/7.3.1/thumb/v7-m/crtn.o
 *(.fini)
 .fini          0x0000000008000fdc        0x4 c:/st/stm32cubeide_1.4.0/stm32cubeide/plugins/com.st.stm32cube.ide.mcu.externaltools.gnu-tools-for-stm32.7-2018-q2-update.win32_1.4.0.202007081208/tools/bin/../lib/gcc/arm-none-eabi/7.3.1/thumb/v7-m/crti.o
                0x0000000008000fdc                _fini
 .fini          0x0000000008000fe0        0x8 c:/st/stm32cubeide_1.4.0/stm32cubeide/plugins/com.st.stm32cube.ide.mcu.externaltools.gnu-tools-for-stm32.7-2018-q2-update.win32_1.4.0.202007081208/tools/bin/../lib/gcc/arm-none-eabi/7.3.1/thumb/v7-m/crtn.o
                0x0000000008000fe8                . = ALIGN (0x4)
                0x0000000008000fe8                _etext = .

.vfp11_veneer   0x0000000008000fe8        0x0
 .vfp11_veneer  0x0000000008000fe8        0x0 linker stubs

.v4_bx          0x0000000008000fe8        0x0
 .v4_bx         0x0000000008000fe8        0x0 linker stubs

.iplt           0x0000000008000fe8        0x0
 .iplt          0x0000000008000fe8        0x0 c:/st/stm32cubeide_1.4.0/stm32cubeide/plugins/com.st.stm32cube.ide.mcu.externaltools.gnu-tools-for-stm32.7-2018-q2-update.win32_1.4.0.202007081208/tools/bin/../lib/gcc/arm-none-eabi/7.3.1/thumb/v7-m/crtbegin.o

.rodata         0x0000000008000fe8       0x28
                0x0000000008000fe8                . = ALIGN (0x4)
 *(.rodata)
 *(.rodata*)
 .rodata.APbrescTable
                0x0000000008000fe8        0x8 STM32F103C6_DRIVERS/RCC/RCC.o
                0x0000000008000fe8                APbrescTable
 .rodata.AHBrescTable
                0x0000000008000ff0       0x20 STM32F103C6_DRIVERS/RCC/RCC.o
                0x0000000008000ff0                AHBrescTable
                0x0000000008001010                . = ALIGN (0x4)

.rel.dyn        0x0000000008001010        0x0
 .rel.iplt      0x0000000008001010        0x0 c:/st/stm32cubeide_1.4.0/stm32cubeide/plugins/com.st.stm32cube.ide.mcu.externaltools.gnu-tools-for-stm32.7-2018-q2-update.win32_1.4.0.202007081208/tools/bin/../lib/gcc/arm-none-eabi/7.3.1/thumb/v7-m/crtbegin.o

.ARM.extab      0x0000000008001010        0x0
                0x0000000008001010                . = ALIGN (0x4)
 *(.ARM.extab* .gnu.linkonce.armextab.*)
                0x0000000008001010                . = ALIGN (0x4)

.ARM            0x0000000008001010        0x0
                0x0000000008001010                . = ALIGN (0x4)
                0x0000000008001010                __exidx_start = .
 *(.ARM.exidx*)
                0x0000000008001010                __exidx_end = .
                0x0000000008001010                . = ALIGN (0x4)

.preinit_array  0x0000000008001010        0x0
                0x0000000008001010                . = ALIGN (0x4)
                0x0000000008001010                PROVIDE (__preinit_array_start = .)
 *(.preinit_array*)
                0x0000000008001010                PROVIDE (__preinit_array_end = .)
                0x0000000008001010                . = ALIGN (0x4)

.init_array     0x0000000008001010        0x4
                0x0000000008001010                . = ALIGN (0x4)
                0x0000000008001010                PROVIDE (__init_array_start = .)
 *(SORT_BY_NAME(.init_array.*))
 *(.init_array*)
 .init_array    0x0000000008001010        0x4 c:/st/stm32cubeide_1.4.0/stm32cubeide/plugins/com.st.stm32cube.ide.mcu.externaltools.gnu-tools-for-stm32.7-2018-q2-update.win32_1.4.0.202007081208/tools/bin/../lib/gcc/arm-none-eabi/7.3.1/thumb/v7-m/crtbegin.o
                0x0000000008001014                PROVIDE (__init_array_end = .)
                0x0000000008001014                . = ALIGN (0x4)

.fini_array     0x0000000008001014        0x4
                0x0000000008001014                . = ALIGN (0x4)
                [!provide]                        PROVIDE (__fini_array_start = .)
 *(SORT_BY_NAME(.fini_array.*))
 *(.fini_array*)
 .fini_array    0x0000000008001014        0x4 c:/st/stm32cubeide_1.4.0/stm32cubeide/plugins/com.st.stm32cube.ide.mcu.externaltools.gnu-tools-for-stm32.7-2018-q2-update.win32_1.4.0.202007081208/tools/bin/../lib/gcc/arm-none-eabi/7.3.1/thumb/v7-m/crtbegin.o
                [!provide]                        PROVIDE (__fini_array_end = .)
                0x0000000008001018                . = ALIGN (0x4)
                0x0000000008001018                _sidata = LOADADDR (.data)

.data           0x0000000020000000        0x0 load address 0x0000000008001018
                0x0000000020000000                . = ALIGN (0x4)
                0x0000000020000000                _sdata = .
 *(.data)
 *(.data*)
                0x0000000020000000                . = ALIGN (0x4)
                0x0000000020000000                _edata = .

.igot.plt       0x0000000020000000        0x0 load address 0x0000000008001018
 .igot.plt      0x0000000020000000        0x0 c:/st/stm32cubeide_1.4.0/stm32cubeide/plugins/com.st.stm32cube.ide.mcu.externaltools.gnu-tools-for-stm32.7-2018-q2-update.win32_1.4.0.202007081208/tools/bin/../lib/gcc/arm-none-eabi/7.3.1/thumb/v7-m/crtbegin.o
                0x0000000020000000                . = ALIGN (0x4)

.bss            0x0000000020000000       0x6c load address 0x0000000008001018
                0x0000000020000000                _sbss = .
                0x0000000020000000                __bss_start__ = _sbss
 *(.bss)
 .bss           0x0000000020000000       0x1c c:/st/stm32cubeide_1.4.0/stm32cubeide/plugins/com.st.stm32cube.ide.mcu.externaltools.gnu-tools-for-stm32.7-2018-q2-update.win32_1.4.0.202007081208/tools/bin/../lib/gcc/arm-none-eabi/7.3.1/thumb/v7-m/crtbegin.o
 *(.bss*)
 .bss.GP_SPI_config
                0x000000002000001c        0x8 STM32F103C6_DRIVERS/SPI/SPI.o
                0x000000002000001c                GP_SPI_config
 .bss.GP_UART_config
                0x0000000020000024        0x4 STM32F103C6_DRIVERS/USART/uart.o
                0x0000000020000024                GP_UART_config
 *(COMMON)
 COMMON         0x0000000020000028       0x40 STM32F103C6_DRIVERS/EXTI/stm32_F103C6_EXTI_driver.o
                0x0000000020000028                GPTF_IRQ_Callback
 COMMON         0x0000000020000068        0x1 Src/main.o
                0x0000000020000068                ch
                0x000000002000006c                . = ALIGN (0x4)
 *fill*         0x0000000020000069        0x3 
                0x000000002000006c                _ebss = .
                0x000000002000006c                __bss_end__ = _ebss

._user_heap_stack
                0x000000002000006c      0x604 load address 0x0000000008001018
                0x0000000020000070                . = ALIGN (0x8)
 *fill*         0x000000002000006c        0x4 
                [!provide]                        PROVIDE (end = .)
                0x0000000020000070                PROVIDE (_end = .)
                0x0000000020000270                . = (. + _Min_Heap_Size)
 *fill*         0x0000000020000070      0x200 
                0x0000000020000670                . = (. + _Min_Stack_Size)
 *fill*         0x0000000020000270      0x400 
                0x0000000020000670                . = ALIGN (0x8)

/DISCARD/
 libc.a(*)
 libm.a(*)
 libgcc.a(*)

.ARM.attributes
                0x0000000000000000       0x29
 *(.ARM.attributes)
 .ARM.attributes
                0x0000000000000000       0x1d c:/st/stm32cubeide_1.4.0/stm32cubeide/plugins/com.st.stm32cube.ide.mcu.externaltools.gnu-tools-for-stm32.7-2018-q2-update.win32_1.4.0.202007081208/tools/bin/../lib/gcc/arm-none-eabi/7.3.1/thumb/v7-m/crti.o
 .ARM.attributes
                0x000000000000001d       0x2d c:/st/stm32cubeide_1.4.0/stm32cubeide/plugins/com.st.stm32cube.ide.mcu.externaltools.gnu-tools-for-stm32.7-2018-q2-update.win32_1.4.0.202007081208/tools/bin/../lib/gcc/arm-none-eabi/7.3.1/thumb/v7-m/crtbegin.o
 .ARM.attributes
                0x000000000000004a       0x33 STM32F103C6_DRIVERS/EXTI/stm32_F103C6_EXTI_driver.o
 .ARM.attributes
                0x000000000000007d       0x33 STM32F103C6_DRIVERS/GPIO/stm32_F103C6_gpio_driver.o
 .ARM.attributes
                0x00000000000000b0       0x33 STM32F103C6_DRIVERS/RCC/RCC.o
 .ARM.attributes
                0x00000000000000e3       0x33 STM32F103C6_DRIVERS/SPI/SPI.o
 .ARM.attributes
                0x0000000000000116       0x33 STM32F103C6_DRIVERS/USART/uart.o
 .ARM.attributes
                0x0000000000000149       0x33 Src/main.o
 .ARM.attributes
                0x000000000000017c       0x21 Startup/startup_stm32f103c6tx.o
 .ARM.attributes
                0x000000000000019d       0x2d c:/st/stm32cubeide_1.4.0/stm32cubeide/plugins/com.st.stm32cube.ide.mcu.externaltools.gnu-tools-for-stm32.7-2018-q2-update.win32_1.4.0.202007081208/tools/bin/../lib/gcc/arm-none-eabi/7.3.1/../../../../arm-none-eabi/lib/thumb/v7-m\libc_nano.a(lib_a-init.o)
 .ARM.attributes
                0x00000000000001ca       0x1d c:/st/stm32cubeide_1.4.0/stm32cubeide/plugins/com.st.stm32cube.ide.mcu.externaltools.gnu-tools-for-stm32.7-2018-q2-update.win32_1.4.0.202007081208/tools/bin/../lib/gcc/arm-none-eabi/7.3.1/thumb/v7-m/crtn.o
OUTPUT(Unit8_lesson5_SPI_Driver.elf elf32-littlearm)

.debug_info     0x0000000000000000     0x5266
 .debug_info    0x0000000000000000      0xdbf STM32F103C6_DRIVERS/EXTI/stm32_F103C6_EXTI_driver.o
 .debug_info    0x0000000000000dbf      0xd80 STM32F103C6_DRIVERS/GPIO/stm32_F103C6_gpio_driver.o
 .debug_info    0x0000000000001b3f      0xb40 STM32F103C6_DRIVERS/RCC/RCC.o
 .debug_info    0x000000000000267f      0xefb STM32F103C6_DRIVERS/SPI/SPI.o
 .debug_info    0x000000000000357a      0xe1e STM32F103C6_DRIVERS/USART/uart.o
 .debug_info    0x0000000000004398      0xeac Src/main.o
 .debug_info    0x0000000000005244       0x22 Startup/startup_stm32f103c6tx.o

.debug_abbrev   0x0000000000000000      0xcfa
 .debug_abbrev  0x0000000000000000      0x251 STM32F103C6_DRIVERS/EXTI/stm32_F103C6_EXTI_driver.o
 .debug_abbrev  0x0000000000000251      0x216 STM32F103C6_DRIVERS/GPIO/stm32_F103C6_gpio_driver.o
 .debug_abbrev  0x0000000000000467      0x19b STM32F103C6_DRIVERS/RCC/RCC.o
 .debug_abbrev  0x0000000000000602      0x269 STM32F103C6_DRIVERS/SPI/SPI.o
 .debug_abbrev  0x000000000000086b      0x24c STM32F103C6_DRIVERS/USART/uart.o
 .debug_abbrev  0x0000000000000ab7      0x231 Src/main.o
 .debug_abbrev  0x0000000000000ce8       0x12 Startup/startup_stm32f103c6tx.o

.debug_loc      0x0000000000000000      0xd6c
 .debug_loc     0x0000000000000000      0x320 STM32F103C6_DRIVERS/EXTI/stm32_F103C6_EXTI_driver.o
 .debug_loc     0x0000000000000320      0x330 STM32F103C6_DRIVERS/GPIO/stm32_F103C6_gpio_driver.o
 .debug_loc     0x0000000000000650       0xc8 STM32F103C6_DRIVERS/RCC/RCC.o
 .debug_loc     0x0000000000000718      0x2bc STM32F103C6_DRIVERS/SPI/SPI.o
 .debug_loc     0x00000000000009d4      0x294 STM32F103C6_DRIVERS/USART/uart.o
 .debug_loc     0x0000000000000c68      0x104 Src/main.o

.debug_aranges  0x0000000000000000      0x230
 .debug_aranges
                0x0000000000000000       0x80 STM32F103C6_DRIVERS/EXTI/stm32_F103C6_EXTI_driver.o
 .debug_aranges
                0x0000000000000080       0x60 STM32F103C6_DRIVERS/GPIO/stm32_F103C6_gpio_driver.o
 .debug_aranges
                0x00000000000000e0       0x38 STM32F103C6_DRIVERS/RCC/RCC.o
 .debug_aranges
                0x0000000000000118       0x58 STM32F103C6_DRIVERS/SPI/SPI.o
 .debug_aranges
                0x0000000000000170       0x60 STM32F103C6_DRIVERS/USART/uart.o
 .debug_aranges
                0x00000000000001d0       0x38 Src/main.o
 .debug_aranges
                0x0000000000000208       0x28 Startup/startup_stm32f103c6tx.o

.debug_ranges   0x0000000000000000      0x1c8
 .debug_ranges  0x0000000000000000       0x70 STM32F103C6_DRIVERS/EXTI/stm32_F103C6_EXTI_driver.o
 .debug_ranges  0x0000000000000070       0x50 STM32F103C6_DRIVERS/GPIO/stm32_F103C6_gpio_driver.o
 .debug_ranges  0x00000000000000c0       0x28 STM32F103C6_DRIVERS/RCC/RCC.o
 .debug_ranges  0x00000000000000e8       0x48 STM32F103C6_DRIVERS/SPI/SPI.o
 .debug_ranges  0x0000000000000130       0x50 STM32F103C6_DRIVERS/USART/uart.o
 .debug_ranges  0x0000000000000180       0x28 Src/main.o
 .debug_ranges  0x00000000000001a8       0x20 Startup/startup_stm32f103c6tx.o

.debug_macro    0x0000000000000000     0x2a4c
 .debug_macro   0x0000000000000000      0x14e STM32F103C6_DRIVERS/EXTI/stm32_F103C6_EXTI_driver.o
 .debug_macro   0x000000000000014e      0xa60 STM32F103C6_DRIVERS/EXTI/stm32_F103C6_EXTI_driver.o
 .debug_macro   0x0000000000000bae       0x18 STM32F103C6_DRIVERS/EXTI/stm32_F103C6_EXTI_driver.o
 .debug_macro   0x0000000000000bc6       0x22 STM32F103C6_DRIVERS/EXTI/stm32_F103C6_EXTI_driver.o
 .debug_macro   0x0000000000000be8       0x40 STM32F103C6_DRIVERS/EXTI/stm32_F103C6_EXTI_driver.o
 .debug_macro   0x0000000000000c28       0x94 STM32F103C6_DRIVERS/EXTI/stm32_F103C6_EXTI_driver.o
 .debug_macro   0x0000000000000cbc       0x3c STM32F103C6_DRIVERS/EXTI/stm32_F103C6_EXTI_driver.o
 .debug_macro   0x0000000000000cf8       0x34 STM32F103C6_DRIVERS/EXTI/stm32_F103C6_EXTI_driver.o
 .debug_macro   0x0000000000000d2c       0x16 STM32F103C6_DRIVERS/EXTI/stm32_F103C6_EXTI_driver.o
 .debug_macro   0x0000000000000d42      0x10e STM32F103C6_DRIVERS/EXTI/stm32_F103C6_EXTI_driver.o
 .debug_macro   0x0000000000000e50       0x8d STM32F103C6_DRIVERS/EXTI/stm32_F103C6_EXTI_driver.o
 .debug_macro   0x0000000000000edd       0x57 STM32F103C6_DRIVERS/EXTI/stm32_F103C6_EXTI_driver.o
 .debug_macro   0x0000000000000f34       0x52 STM32F103C6_DRIVERS/EXTI/stm32_F103C6_EXTI_driver.o
 .debug_macro   0x0000000000000f86       0x1f STM32F103C6_DRIVERS/EXTI/stm32_F103C6_EXTI_driver.o
 .debug_macro   0x0000000000000fa5       0x43 STM32F103C6_DRIVERS/EXTI/stm32_F103C6_EXTI_driver.o
 .debug_macro   0x0000000000000fe8       0x20 STM32F103C6_DRIVERS/EXTI/stm32_F103C6_EXTI_driver.o
 .debug_macro   0x0000000000001008      0x1a3 STM32F103C6_DRIVERS/EXTI/stm32_F103C6_EXTI_driver.o
 .debug_macro   0x00000000000011ab      0x330 STM32F103C6_DRIVERS/EXTI/stm32_F103C6_EXTI_driver.o
 .debug_macro   0x00000000000014db       0x16 STM32F103C6_DRIVERS/EXTI/stm32_F103C6_EXTI_driver.o
 .debug_macro   0x00000000000014f1       0x29 STM32F103C6_DRIVERS/EXTI/stm32_F103C6_EXTI_driver.o
 .debug_macro   0x000000000000151a       0xef STM32F103C6_DRIVERS/EXTI/stm32_F103C6_EXTI_driver.o
 .debug_macro   0x0000000000001609       0x6a STM32F103C6_DRIVERS/EXTI/stm32_F103C6_EXTI_driver.o
 .debug_macro   0x0000000000001673      0x1df STM32F103C6_DRIVERS/EXTI/stm32_F103C6_EXTI_driver.o
 .debug_macro   0x0000000000001852      0x2a7 STM32F103C6_DRIVERS/EXTI/stm32_F103C6_EXTI_driver.o
 .debug_macro   0x0000000000001af9       0xd6 STM32F103C6_DRIVERS/EXTI/stm32_F103C6_EXTI_driver.o
 .debug_macro   0x0000000000001bcf      0x228 STM32F103C6_DRIVERS/EXTI/stm32_F103C6_EXTI_driver.o
 .debug_macro   0x0000000000001df7      0x13f STM32F103C6_DRIVERS/GPIO/stm32_F103C6_gpio_driver.o
 .debug_macro   0x0000000000001f36       0xd0 STM32F103C6_DRIVERS/GPIO/stm32_F103C6_gpio_driver.o
 .debug_macro   0x0000000000002006      0x148 STM32F103C6_DRIVERS/RCC/RCC.o
 .debug_macro   0x000000000000214e       0x10 STM32F103C6_DRIVERS/RCC/RCC.o
 .debug_macro   0x000000000000215e      0x16f STM32F103C6_DRIVERS/SPI/SPI.o
 .debug_macro   0x00000000000022cd      0x22e STM32F103C6_DRIVERS/SPI/SPI.o
 .debug_macro   0x00000000000024fb       0xc2 STM32F103C6_DRIVERS/SPI/SPI.o
 .debug_macro   0x00000000000025bd      0x15a STM32F103C6_DRIVERS/USART/uart.o
 .debug_macro   0x0000000000002717       0x16 STM32F103C6_DRIVERS/USART/uart.o
 .debug_macro   0x000000000000272d       0xe8 STM32F103C6_DRIVERS/USART/uart.o
 .debug_macro   0x0000000000002815      0x16f Src/main.o
 .debug_macro   0x0000000000002984       0xc8 Src/main.o

.debug_line     0x0000000000000000     0x2d5c
 .debug_line    0x0000000000000000      0x7eb STM32F103C6_DRIVERS/EXTI/stm32_F103C6_EXTI_driver.o
 .debug_line    0x00000000000007eb      0x71e STM32F103C6_DRIVERS/GPIO/stm32_F103C6_gpio_driver.o
 .debug_line    0x0000000000000f09      0x620 STM32F103C6_DRIVERS/RCC/RCC.o
 .debug_line    0x0000000000001529      0x7e7 STM32F103C6_DRIVERS/SPI/SPI.o
 .debug_line    0x0000000000001d10      0x7ea STM32F103C6_DRIVERS/USART/uart.o
 .debug_line    0x00000000000024fa      0x7de Src/main.o
 .debug_line    0x0000000000002cd8       0x84 Startup/startup_stm32f103c6tx.o

.debug_str      0x0000000000000000     0xa7a9
 .debug_str     0x0000000000000000     0x9507 STM32F103C6_DRIVERS/EXTI/stm32_F103C6_EXTI_driver.o
                                       0x9779 (size before relaxing)
 .debug_str     0x0000000000009507      0x17b STM32F103C6_DRIVERS/GPIO/stm32_F103C6_gpio_driver.o
                                       0x83a0 (size before relaxing)
 .debug_str     0x0000000000009682       0xde STM32F103C6_DRIVERS/RCC/RCC.o
                                       0x82e8 (size before relaxing)
 .debug_str     0x0000000000009760      0x799 STM32F103C6_DRIVERS/SPI/SPI.o
                                       0x9cac (size before relaxing)
 .debug_str     0x0000000000009ef9      0x800 STM32F103C6_DRIVERS/USART/uart.o
                                       0x9d84 (size before relaxing)
 .debug_str     0x000000000000a6f9       0x7f Src/main.o
                                       0xa336 (size before relaxing)
 .debug_str     0x000000000000a778       0x31 Startup/startup_stm32f103c6tx.o
                                         0x7e (size before relaxing)

.comment        0x0000000000000000       0x7b
 .comment       0x0000000000000000       0x7b STM32F103C6_DRIVERS/EXTI/stm32_F103C6_EXTI_driver.o
                                         0x7c (size before relaxing)
 .comment       0x000000000000007b       0x7c STM32F103C6_DRIVERS/GPIO/stm32_F103C6_gpio_driver.o
 .comment       0x000000000000007b       0x7c STM32F103C6_DRIVERS/RCC/RCC.o
 .comment       0x000000000000007b       0x7c STM32F103C6_DRIVERS/SPI/SPI.o
 .comment       0x000000000000007b       0x7c STM32F103C6_DRIVERS/USART/uart.o
 .comment       0x000000000000007b       0x7c Src/main.o

.debug_frame    0x0000000000000000      0x6fc
 .debug_frame   0x0000000000000000      0x1b0 STM32F103C6_DRIVERS/EXTI/stm32_F103C6_EXTI_driver.o
 .debug_frame   0x00000000000001b0      0x178 STM32F103C6_DRIVERS/GPIO/stm32_F103C6_gpio_driver.o
 .debug_frame   0x0000000000000328       0x84 STM32F103C6_DRIVERS/RCC/RCC.o
 .debug_frame   0x00000000000003ac      0x144 STM32F103C6_DRIVERS/SPI/SPI.o
 .debug_frame   0x00000000000004f0      0x14c STM32F103C6_DRIVERS/USART/uart.o
 .debug_frame   0x000000000000063c       0x94 Src/main.o
 .debug_frame   0x00000000000006d0       0x2c c:/st/stm32cubeide_1.4.0/stm32cubeide/plugins/com.st.stm32cube.ide.mcu.externaltools.gnu-tools-for-stm32.7-2018-q2-update.win32_1.4.0.202007081208/tools/bin/../lib/gcc/arm-none-eabi/7.3.1/../../../../arm-none-eabi/lib/thumb/v7-m\libc_nano.a(lib_a-init.o)
